05-30 21:37:07.500  1342  1866 I am_proc_died: [0,21742,com.svox.pico,15,16]
05-30 21:37:07.538  1342  1925 I am_get_provider: [10044,com.android.documentsui,10009,android.process.media,com.android.providers.media/.MediaDocumentsProvider]
05-30 21:37:07.563  1342  2561 I am_proc_start: [0,22599,2000,com.android.shell,content provider,com.android.shell/.BugreportStorageProvider]
05-30 21:37:07.564  1342  2561 I am_get_provider: [10044,com.android.documentsui,2000,com.android.shell,com.android.shell/.BugreportStorageProvider]
05-30 21:37:07.596  1342  2589 I am_proc_bound: [0,22599,com.android.shell]
05-30 21:37:07.600  1342  2589 I am_kill : [0,22344,com.miui.hybrid,15,empty #17]
05-30 21:37:07.641  1342  2531 I am_proc_died: [0,22344,com.miui.hybrid,15,16]
05-30 21:37:07.686  1342  1995 I am_get_provider: [10044,com.android.documentsui,10011,com.android.externalstorage,com.android.externalstorage/.ExternalStorageProvider]
05-30 21:37:12.657  1342  2326 I am_start_service: [-1,NULL,1000,com.miui.autotestutils,com.miui.autotestutils/.UninstallService,{act=com.miui.autotestutils.UninstallService}]
05-30 21:37:56.189  1342  1342 I free_storage_changed: 5344673792
05-30 21:38:00.045  1342  1410 I am_pss  : [19269,1000,system:ui,10554368,8605696]
05-30 21:38:00.080  1342  1410 I am_pss  : [22599,2000,com.android.shell,4041728,3362816]
05-30 21:38:00.111  1342  1410 I am_pss  : [22580,10011,com.android.externalstorage,3867648,3178496]
05-30 21:38:00.145  1342  1410 I am_pss  : [16473,10009,android.process.media,7829504,6787072]
05-30 21:38:00.171  1342  1410 I am_pss  : [22565,10044,com.android.documentsui,4828160,4083712]
05-30 21:38:00.197  1342  1410 I am_pss  : [21906,1000,com.android.keychain,3531776,2850816]
05-30 21:38:00.225  1342  1410 I am_pss  : [21759,10067,com.xiaomi.gamecenter,10388480,9342976]
05-30 21:38:00.247  1342  1410 I am_pss  : [20770,10036,com.xiaomi.providers.appindex,3430400,2883584]
05-30 21:38:00.273  1342  1410 I am_pss  : [20701,10003,android.process.acore,28730368,27611136]
05-30 21:38:00.293  1342  1410 I am_pss  : [22531,10007,com.android.defcontainer,3130368,2510848]
05-30 21:38:00.317  1342  1410 I am_pss  : [18831,10032,com.miui.personalassistant,11727872,7761920]
05-30 21:38:00.342  1342  1410 I am_pss  : [19863,10001,com.lbe.security.miui,13979648,13090816]
05-30 21:40:00.039  1342  1410 I am_pss  : [19269,1000,system:ui,10554368,8605696]
05-30 21:41:34.222  1342  1411 I am_proc_start: [0,22674,10057,com.miui.hybrid,broadcast,com.miui.hybrid/.statistics.StatsReceiver]
05-30 21:41:34.222  1342  1411 I am_broadcast_wake_app: [10057,com.miui.hybrid,NULL,10057,{com.miui.hybrid/com.miui.hybrid.statistics.StatsReceiver}]
05-30 21:41:34.226  1342  1682 I am_start_service: [-1,NULL,1000,com.miui.powerkeeper:service,com.miui.powerkeeper/.PowerKeeperBackgroundService,{act=miui.intent.action.powerkeeper_alarm flg=0x4 cmp=com.miui.powerkeeper/.PowerKeeperBackgroundService}]
05-30 21:41:34.281  1342  2287 I am_proc_bound: [0,22674,com.miui.hybrid]
05-30 21:41:34.465  1342  2675 I am_get_provider: [10057,com.miui.hybrid,1000,system,com.android.providers.settings/.SettingsProvider]
05-30 21:41:34.569  1342  1799 I am_start_service: [10057,com.miui.hybrid,10094,com.xiaomi.xmsf,com.xiaomi.xmsf/com.xiaomi.push.service.XMPushService,{pkg=com.xiaomi.xmsf cmp=com.xiaomi.xmsf/com.xiaomi.push.service.XMPushService}]
05-30 21:41:34.614  1342  2289 I am_start_service: [10057,com.miui.hybrid,10094,com.xiaomi.xmsf,com.xiaomi.xmsf/com.xiaomi.push.service.XMPushService,{act=com.xiaomi.mipush.SEND_MESSAGE pkg=com.xiaomi.xmsf cmp=com.xiaomi.xmsf/com.xiaomi.push.service.XMPushService}]
05-30 21:41:34.681  1342  1913 I am_kill : [0,22052,com.miui.securitycore.remote,15,empty #17]
05-30 21:41:34.696  1342  2615 I am_start_service: [10057,com.miui.hybrid,10057,com.miui.hybrid,com.miui.hybrid/com.xiaomi.mipush.sdk.PushMessageHandler,{act=com.xiaomi.mipush.RECEIVE_MESSAGE cmp=com.miui.hybrid/com.xiaomi.mipush.sdk.PushMessageHandler}]
05-30 21:41:34.707  1342  1378 I am_start_service: [10057,com.miui.hybrid,10094,com.xiaomi.xmsf,com.xiaomi.xmsf/com.xiaomi.push.service.XMPushService,{pkg=com.xiaomi.xmsf cmp=com.xiaomi.xmsf/com.xiaomi.push.service.XMPushService}]
05-30 21:41:34.711  1342  1799 I am_proc_died: [0,22052,com.miui.securitycore.remote,15,16]
05-30 21:41:34.730  1342  1995 I am_start_service: [10057,com.miui.hybrid,10094,com.xiaomi.xmsf,com.xiaomi.xmsf/com.xiaomi.push.service.XMPushService,{act=com.xiaomi.mipush.SEND_MESSAGE pkg=com.xiaomi.xmsf cmp=com.xiaomi.xmsf/com.xiaomi.push.service.XMPushService}]
05-30 21:41:34.804  1342 26067 I am_start_service: [10057,com.miui.hybrid,10094,com.xiaomi.xmsf,com.xiaomi.xmsf/com.xiaomi.push.service.XMPushService,{act=com.xiaomi.mipush.SEND_SECRET pkg=com.xiaomi.xmsf cmp=com.xiaomi.xmsf/com.xiaomi.push.service.XMPushService}]
05-30 21:42:00.062  1342  1410 I am_pss  : [19269,1000,system:ui,10560512,8605696]
05-30 21:43:00.052  1342  1410 I am_pss  : [22674,10057,com.miui.hybrid,28416000,24416256]
05-30 21:43:00.087  1342  1410 I am_pss  : [18571,10037,com.miui.analytics,19238912,18321408]
05-30 21:44:00.047  1342  1410 I am_pss  : [18885,10030,com.android.quicksearchbox,15836160,12316672]
05-30 21:44:00.080  1342  1410 I am_pss  : [18665,10084,com.miui.systemAdSolution,9439232,8515584]
05-30 21:44:00.108  1342  1410 I am_pss  : [13148,1000,org.simalliance.openmobileapi.service:remote,2222080,1634304]
05-30 21:44:00.136  1342  1410 I am_pss  : [11504,1002,com.xiaomi.bluetooth,2560000,1925120]
05-30 21:44:00.164  1342  1410 I am_pss  : [20561,10103,com.miui.core,3150848,2535424]
05-30 21:44:00.192  1342  1410 I am_pss  : [19269,1000,system:ui,10560512,8605696]
05-30 21:44:59.201   656   656 I auditd  : type=1400 audit(0.0:931199): avc: denied { search } for comm="cnss_diag" name="user" dev="tmpfs" ino=6313 scontext=u:r:wcnss_service:s0 tcontext=u:object_r:mnt_user_file:s0 tclass=dir permissive=0
05-30 21:44:59.201   656   656 I auditd  : type=1400 audit(0.0:931200): avc: denied { search } for comm="cnss_diag" name="user" dev="tmpfs" ino=6313 scontext=u:r:wcnss_service:s0 tcontext=u:object_r:mnt_user_file:s0 tclass=dir permissive=0
05-30 21:44:59.201   656   656 I auditd  : type=1400 audit(0.0:931201): avc: denied { search } for comm="cnss_diag" name="user" dev="tmpfs" ino=6313 scontext=u:r:wcnss_service:s0 tcontext=u:object_r:mnt_user_file:s0 tclass=dir permissive=0
05-30 21:44:59.201   656   656 I auditd  : type=1400 audit(0.0:931202): avc: denied { search } for comm="cnss_diag" name="user" dev="tmpfs" ino=6313 scontext=u:r:wcnss_service:s0 tcontext=u:object_r:mnt_user_file:s0 tclass=dir permissive=0
05-30 21:44:59.201   656   656 I auditd  : type=1400 audit(0.0:931203): avc: denied { search } for comm="cnss_diag" name="user" dev="tmpfs" ino=6313 scontext=u:r:wcnss_service:s0 tcontext=u:object_r:mnt_user_file:s0 tclass=dir permissive=0
05-30 21:44:59.201   656   656 I auditd  : type=1400 audit(0.0:931204): avc: denied { search } for comm="cnss_diag" name="user" dev="tmpfs" ino=6313 scontext=u:r:wcnss_service:s0 tcontext=u:object_r:mnt_user_file:s0 tclass=dir permissive=0
05-30 21:44:59.211   656   656 I auditd  : type=1400 audit(0.0:931205): avc: denied { search } for comm="cnss_diag" name="user" dev="tmpfs" ino=6313 scontext=u:r:wcnss_service:s0 tcontext=u:object_r:mnt_user_file:s0 tclass=dir permissive=0
05-30 21:44:59.211   656   656 I auditd  : type=1400 audit(0.0:931206): avc: denied { search } for comm="cnss_diag" name="user" dev="tmpfs" ino=6313 scontext=u:r:wcnss_service:s0 tcontext=u:object_r:mnt_user_file:s0 tclass=dir permissive=0
05-30 21:44:59.211   656   656 I auditd  : type=1400 audit(0.0:931207): avc: denied { search } for comm="cnss_diag" name="user" dev="tmpfs" ino=6313 scontext=u:r:wcnss_service:s0 tcontext=u:object_r:mnt_user_file:s0 tclass=dir permissive=0
05-30 21:44:59.211   656   656 I auditd  : type=1400 audit(0.0:931208): avc: denied { search } for comm="cnss_diag" name="user" dev="tmpfs" ino=6313 scontext=u:r:wcnss_service:s0 tcontext=u:object_r:mnt_user_file:s0 tclass=dir permissive=0
05-30 21:44:59.211   656   656 I auditd  : type=1400 audit(0.0:931209): avc: denied { search } for comm="cnss_diag" name="user" dev="tmpfs" ino=6313 scontext=u:r:wcnss_service:s0 tcontext=u:object_r:mnt_user_file:s0 tclass=dir permissive=0
05-30 21:44:59.211   656   656 I auditd  : type=1400 audit(0.0:931210): avc: denied { search } for comm="cnss_diag" name="user" dev="tmpfs" ino=6313 scontext=u:r:wcnss_service:s0 tcontext=u:object_r:mnt_user_file:s0 tclass=dir permissive=0
05-30 21:44:59.211   656   656 I auditd  : type=1400 audit(0.0:931211): avc: denied { search } for comm="cnss_diag" name="user" dev="tmpfs" ino=6313 scontext=u:r:wcnss_service:s0 tcontext=u:object_r:mnt_user_file:s0 tclass=dir permissive=0
05-30 21:44:59.211   656   656 I auditd  : type=1400 audit(0.0:931212): avc: denied { search } for comm="cnss_diag" name="user" dev="tmpfs" ino=6313 scontext=u:r:wcnss_service:s0 tcontext=u:object_r:mnt_user_file:s0 tclass=dir permissive=0
05-30 21:44:59.211   656   656 I auditd  : type=1400 audit(0.0:931213): avc: denied { search } for comm="cnss_diag" name="user" dev="tmpfs" ino=6313 scontext=u:r:wcnss_service:s0 tcontext=u:object_r:mnt_user_file:s0 tclass=dir permissive=0
05-30 21:44:59.211   656   656 I auditd  : type=1400 audit(0.0:931214): avc: denied { search } for comm="cnss_diag" name="user" dev="tmpfs" ino=6313 scontext=u:r:wcnss_service:s0 tcontext=u:object_r:mnt_user_file:s0 tclass=dir permissive=0
05-30 21:44:59.211   656   656 I auditd  : type=1400 audit(0.0:931215): avc: denied { search } for comm="cnss_diag" name="user" dev="tmpfs" ino=6313 scontext=u:r:wcnss_service:s0 tcontext=u:object_r:mnt_user_file:s0 tclass=dir permissive=0
05-30 21:44:59.211   656   656 I auditd  : type=1400 audit(0.0:931216): avc: denied { search } for comm="cnss_diag" name="user" dev="tmpfs" ino=6313 scontext=u:r:wcnss_service:s0 tcontext=u:object_r:mnt_user_file:s0 tclass=dir permissive=0
05-30 21:44:59.211   656   656 I auditd  : type=1400 audit(0.0:931217): avc: denied { search } for comm="cnss_diag" name="user" dev="tmpfs" ino=6313 scontext=u:r:wcnss_service:s0 tcontext=u:object_r:mnt_user_file:s0 tclass=dir permissive=0
05-30 21:44:59.211   656   656 I auditd  : type=1400 audit(0.0:931218): avc: denied { search } for comm="cnss_diag" name="user" dev="tmpfs" ino=6313 scontext=u:r:wcnss_service:s0 tcontext=u:object_r:mnt_user_file:s0 tclass=dir permissive=0
05-30 21:44:59.211   656   656 I auditd  : type=1400 audit(0.0:931219): avc: denied { search } for comm="cnss_diag" name="user" dev="tmpfs" ino=6313 scontext=u:r:wcnss_service:s0 tcontext=u:object_r:mnt_user_file:s0 tclass=dir permissive=0
05-30 21:44:59.211   656   656 I auditd  : type=1400 audit(0.0:931220): avc: denied { search } for comm="cnss_diag" name="user" dev="tmpfs" ino=6313 scontext=u:r:wcnss_service:s0 tcontext=u:object_r:mnt_user_file:s0 tclass=dir permissive=0
05-30 21:44:59.211   656   656 I auditd  : type=1400 audit(0.0:931221): avc: denied { search } for comm="cnss_diag" name="user" dev="tmpfs" ino=6313 scontext=u:r:wcnss_service:s0 tcontext=u:object_r:mnt_user_file:s0 tclass=dir permissive=0
05-30 21:44:59.211   656   656 I auditd  : type=1400 audit(0.0:931222): avc: denied { search } for comm="cnss_diag" name="user" dev="tmpfs" ino=6313 scontext=u:r:wcnss_service:s0 tcontext=u:object_r:mnt_user_file:s0 tclass=dir permissive=0
05-30 21:44:59.211   656   656 I auditd  : type=1400 audit(0.0:931223): avc: denied { search } for comm="cnss_diag" name="user" dev="tmpfs" ino=6313 scontext=u:r:wcnss_service:s0 tcontext=u:object_r:mnt_user_file:s0 tclass=dir permissive=0
05-30 21:44:59.211   656   656 I auditd  : type=1400 audit(0.0:931224): avc: denied { search } for comm="cnss_diag" name="user" dev="tmpfs" ino=6313 scontext=u:r:wcnss_service:s0 tcontext=u:object_r:mnt_user_file:s0 tclass=dir permissive=0
05-30 21:44:59.211   656   656 I auditd  : type=1400 audit(0.0:931225): avc: denied { search } for comm="cnss_diag" name="user" dev="tmpfs" ino=6313 scontext=u:r:wcnss_service:s0 tcontext=u:object_r:mnt_user_file:s0 tclass=dir permissive=0
05-30 21:44:59.211   656   656 I auditd  : type=1400 audit(0.0:931226): avc: denied { search } for comm="cnss_diag" name="user" dev="tmpfs" ino=6313 scontext=u:r:wcnss_service:s0 tcontext=u:object_r:mnt_user_file:s0 tclass=dir permissive=0
05-30 21:44:59.211   656   656 I auditd  : type=1400 audit(0.0:931227): avc: denied { search } for comm="cnss_diag" name="user" dev="tmpfs" ino=6313 scontext=u:r:wcnss_service:s0 tcontext=u:object_r:mnt_user_file:s0 tclass=dir permissive=0
05-30 21:44:59.211   656   656 I auditd  : type=1400 audit(0.0:931228): avc: denied { search } for comm="cnss_diag" name="user" dev="tmpfs" ino=6313 scontext=u:r:wcnss_service:s0 tcontext=u:object_r:mnt_user_file:s0 tclass=dir permissive=0
05-30 21:44:59.211   656   656 I auditd  : type=1400 audit(0.0:931229): avc: denied { search } for comm="cnss_diag" name="user" dev="tmpfs" ino=6313 scontext=u:r:wcnss_service:s0 tcontext=u:object_r:mnt_user_file:s0 tclass=dir permissive=0
05-30 21:44:59.211   656   656 I auditd  : type=1400 audit(0.0:931230): avc: denied { search } for comm="cnss_diag" name="user" dev="tmpfs" ino=6313 scontext=u:r:wcnss_service:s0 tcontext=u:object_r:mnt_user_file:s0 tclass=dir permissive=0
05-30 21:44:59.211   656   656 I auditd  : type=1400 audit(0.0:931231): avc: denied { search } for comm="cnss_diag" name="user" dev="tmpfs" ino=6313 scontext=u:r:wcnss_service:s0 tcontext=u:object_r:mnt_user_file:s0 tclass=dir permissive=0
05-30 21:44:59.211   656   656 I auditd  : type=1400 audit(0.0:931232): avc: denied { search } for comm="cnss_diag" name="user" dev="tmpfs" ino=6313 scontext=u:r:wcnss_service:s0 tcontext=u:object_r:mnt_user_file:s0 tclass=dir permissive=0
05-30 21:44:59.211   656   656 I auditd  : type=1400 audit(0.0:931233): avc: denied { search } for comm="cnss_diag" name="user" dev="tmpfs" ino=6313 scontext=u:r:wcnss_service:s0 tcontext=u:object_r:mnt_user_file:s0 tclass=dir permissive=0
05-30 21:44:59.211   656   656 I auditd  : type=1400 audit(0.0:931234): avc: denied { search } for comm="cnss_diag" name="user" dev="tmpfs" ino=6313 scontext=u:r:wcnss_service:s0 tcontext=u:object_r:mnt_user_file:s0 tclass=dir permissive=0
05-30 21:45:00.051  1342  1410 I am_pss  : [22202,10056,com.xiaomi.metoknlp,12529664,11374592]
05-30 21:45:00.096  1342  1410 I am_pss  : [3630,1002,com.android.bluetooth,10654720,7122944]
05-30 21:45:00.122  1342  1410 I am_pss  : [19571,10040,com.qualcomm.qti.accesscache,3491840,2314240]
05-30 21:45:00.148  1342  1410 I am_pss  : [19353,10087,com.android.smspush,3479552,2318336]
05-30 21:45:00.174  1342  1410 I am_pss  : [21805,1001,com.qualcomm.qcrilmsgtunnel,4602880,3964928]
05-30 21:45:00.202  1342  1410 I am_pss  : [22591,10021,com.android.browser,9032704,5681152]
05-30 21:45:00.231  1342  1410 I am_pss  : [20044,1000,com.miui.powerkeeper:service,20254720,18845696]
05-30 21:45:00.266  1342  1410 I am_pss  : [20018,10101,com.sohu.inputmethod.sogou.xiaomi,70256640,66056192]
05-30 21:45:00.286  1342  1410 I am_pss  : [17052,1000,com.qti.service.colorservice,4027392,3432448]
05-30 21:45:00.301   656   656 I auditd  : type=1400 audit(0.0:931297): avc: denied { search } for comm="cnss_diag" name="user" dev="tmpfs" ino=6313 scontext=u:r:wcnss_service:s0 tcontext=u:object_r:mnt_user_file:s0 tclass=dir permissive=0
05-30 21:45:00.301   656   656 I auditd  : type=1400 audit(0.0:931298): avc: denied { search } for comm="cnss_diag" name="user" dev="tmpfs" ino=6313 scontext=u:r:wcnss_service:s0 tcontext=u:object_r:mnt_user_file:s0 tclass=dir permissive=0
05-30 21:46:00.036  1342  1410 I am_pss  : [19738,10089,com.xiaomi.vipaccount,7686144,6160384]
05-30 21:46:00.067  1342  1410 I am_pss  : [21362,10104,com.jeejen.family.miui,24516608,20750336]
05-30 21:46:34.271  1342  1682 I am_start_service: [-1,NULL,1000,com.miui.powerkeeper:service,com.miui.powerkeeper/.PowerKeeperBackgroundService,{act=miui.intent.action.powerkeeper_alarm flg=0x4 cmp=com.miui.powerkeeper/.PowerKeeperBackgroundService}]
05-30 21:46:34.276  1342  1410 I am_pss  : [19269,1000,system:ui,10560512,8605696]
05-30 21:46:34.334  1342  1410 I am_pss  : [2631,1001,com.android.phone,20230144,17129472]
05-30 21:46:34.368  1342  1410 I am_pss  : [2610,1000,com.qualcomm.qti.tetherservice,3915776,3330048]
05-30 21:46:34.394  1342  1410 I am_pss  : [2586,1000,com.quicinc.wbcserviceapp,3236864,2715648]
05-30 21:46:34.421  1342  1410 I am_pss  : [2568,1000,com.mi.AutoTest,3176448,2658304]
05-30 21:46:34.446  1342  1410 I am_pss  : [2551,1000,com.qualcomm.qti.carrierconfigure,3448832,2891776]
05-30 21:46:34.469  1342  1410 I am_pss  : [2530,1001,com.qualcomm.qti.loadcarrier,4105216,3559424]
05-30 21:46:34.496  1342  1410 I am_pss  : [2517,9810,com.xiaomi.finddevice,8736768,7585792]
05-30 21:46:34.516  1342  1410 I am_pss  : [2503,1000,com.fingerprints.serviceext,3319808,2789376]
05-30 21:46:34.537  1342  1410 I am_pss  : [2487,1000,com.qti.dpmserviceapp,3794944,3125248]
05-30 21:46:34.557  1342  1410 I am_pss  : [2475,1000,com.qualcomm.qti.notificationservice,4159488,3612672]
05-30 21:46:34.578  1342  1410 I am_pss  : [2461,1000,com.quicinc.cne.CNEService,4463616,3788800]
05-30 21:46:34.601  1342  1410 I am_pss  : [2448,1000,com.miui.contentcatcher,5679104,4829184]
05-30 21:46:34.625  1342  1410 I am_pss  : [2362,1000,com.miui.daemon,21480448,20103168]
05-30 21:46:34.650  1342  1410 I am_pss  : [1931,1000,com.miui.whetstone,23567360,22089728]
05-30 21:46:34.675  1342  1410 I am_pss  : [1914,10094,com.xiaomi.xmsf,21187584,19767296]
05-30 21:46:35.182  1342  1410 I am_pss  : [1803,1000,com.android.systemui,50307072,45342720]
05-30 21:46:35.313  1342  1410 I am_pss  : [1342,1000,system,254618624,209149952]
05-30 21:49:00.035  1342  1410 I am_pss  : [19269,1000,system:ui,10470400,8515584]
05-30 21:50:00.055  1342  1410 I am_pss  : [14682,1000,com.miui.securitycenter.remote,22419456,20938752]
05-30 21:51:00.043  1342  1410 I am_pss  : [21397,10104,com.jeejen.family.miui:pushcenter,7085056,3784704]
05-30 21:51:00.077  1342  1410 I am_pss  : [21348,10104,com.jeejen.family.miui:msgcenter,6763520,3518464]
05-30 21:51:00.107  1342  1410 I am_pss  : [19269,1000,system:ui,10470400,8515584]
05-30 21:51:34.209  1342  1682 I am_start_service: [-1,NULL,1000,com.miui.powerkeeper:service,com.miui.powerkeeper/.PowerKeeperBackgroundService,{act=miui.intent.action.powerkeeper_alarm flg=0x4 cmp=com.miui.powerkeeper/.PowerKeeperBackgroundService}]
05-30 21:51:52.059  1342  1411 I cpu     : [2,0,0,1,0,0]
05-30 21:53:00.046  1342  1410 I am_pss  : [18414,10045,com.miui.cloudservice,9667584,7884800]
05-30 21:53:00.078  1342  1410 I am_pss  : [18524,1000,com.qualcomm.qti.modemtestmode,2163712,1568768]
05-30 21:53:00.111  1342  1410 I am_pss  : [18339,10045,com.miui.cloudservice:pushservice,6571008,5029888]
05-30 21:53:00.143  1342  1410 I am_pss  : [18831,10032,com.miui.personalassistant,11066368,7430144]
05-30 21:53:00.175  1342  1410 I am_pss  : [19863,10001,com.lbe.security.miui,13983744,13078528]
05-30 21:53:00.203  1342  1410 I am_pss  : [19269,1000,system:ui,10470400,8515584]
05-30 21:54:00.047  1342  1410 I am_pss  : [19225,1000,com.qualcomm.display,1777664,1306624]
05-30 21:54:00.083  1342  1410 I am_pss  : [18967,10092,com.xiaomi.account:pushservice,5963776,5054464]
05-30 21:54:00.110  1342  1410 I am_pss  : [18791,1000,com.miui.autotestutils,3687424,3158016]
05-30 21:55:00.042  1342  1410 I am_pss  : [19405,10104,com.jeejen.family.miui:monitor,5115904,2351104]
05-30 21:55:00.073  1342  1410 I am_pss  : [19371,1001,com.qualcomm.qti.autoregistration,1856512,1368064]
05-30 21:55:00.103  1342  1410 I am_pss  : [19291,10029,com.android.statementservice,1894400,1372160]
05-30 21:55:00.134  1342  1410 I am_pss  : [19269,1000,system:ui,10470400,8515584]
05-30 21:56:34.442  1342  1682 I am_start_service: [-1,NULL,10045,com.miui.cloudservice,com.miui.cloudservice/.state.MiCloudSyncNotificationService,{flg=0x4 pkg=com.miui.cloudservice cmp=com.miui.cloudservice/.state.MiCloudSyncNotificationService}]
05-30 21:56:34.446  1342  1682 I am_start_service: [-1,NULL,1000,com.miui.powerkeeper:service,com.miui.powerkeeper/.PowerKeeperBackgroundService,{act=miui.intent.action.powerkeeper_alarm flg=0x4 cmp=com.miui.powerkeeper/.PowerKeeperBackgroundService}]
05-30 21:56:34.643  1342 26067 I am_proc_start: [0,22856,10079,com.android.soundrecorder,content provider,com.android.soundrecorder/.database.RecorderProvider]
05-30 21:56:34.643  1342 26067 I am_get_provider: [10045,com.miui.cloudservice,10079,com.android.soundrecorder,com.android.soundrecorder/.database.RecorderProvider]
05-30 21:56:34.704  1342  2520 I am_proc_bound: [0,22856,com.android.soundrecorder]
05-30 21:56:35.368  1342  2645 I am_start_service: [10079,com.android.soundrecorder,10103,com.miui.core,com.miui.core/com.miui.internal.server.CoreService,{act=android.intent.action.MAIN cmp=com.miui.core/com.miui.internal.server.CoreService}]
05-30 21:56:35.387  1342  2675 I am_kill : [0,22531,com.android.defcontainer,15,empty #17]
05-30 21:56:35.406  1342  1913 I am_proc_start: [0,22875,10027,com.miui.gallery,content provider,com.miui.gallery/.provider.GalleryProvider]
05-30 21:56:35.407  1342  1913 I am_get_provider: [10045,com.miui.cloudservice,10027,com.miui.gallery,com.miui.gallery/.provider.GalleryProvider]
05-30 21:56:35.425  1342  2520 I am_proc_died: [0,22531,com.android.defcontainer,15,16]
05-30 21:56:35.460  1342  2287 I am_proc_start: [0,22887,10079,com.android.soundrecorder:remote,service,com.android.soundrecorder/.RecorderService]
05-30 21:56:35.460  1342  2287 I am_bind_service: [10079,com.android.soundrecorder,10079,com.android.soundrecorder:remote,com.android.soundrecorder/.RecorderService,{cmp=com.android.soundrecorder/.RecorderService}]
05-30 21:56:35.466  1342  1380 I am_bind_service: [10079,com.android.soundrecorder,10079,com.android.soundrecorder:remote,com.android.soundrecorder/.RecorderService,{cmp=com.android.soundrecorder/.RecorderService}]
05-30 21:56:35.482  1342  2289 I am_proc_bound: [0,22875,com.miui.gallery]
05-30 21:56:35.529  1342  2675 I am_proc_bound: [0,22887,com.android.soundrecorder:remote]
05-30 21:56:35.874  1342  2583 I am_kill : [0,20701,android.process.acore,15,empty #17]
05-30 21:56:35.878  1342  2652 I am_start_service: [10079,com.android.soundrecorder:remote,10103,com.miui.core,com.miui.core/com.miui.internal.server.CoreService,{act=android.intent.action.MAIN cmp=com.miui.core/com.miui.internal.server.CoreService}]
05-30 21:56:35.941  1342  8273 I am_proc_died: [0,20701,android.process.acore,15,16]
05-30 21:56:35.951  1342  1913 I am_kill : [0,21717,android.process.mediaUI,15,empty #17]
05-30 21:56:35.963  1342 15367 I am_start_service: [10027,com.miui.gallery,10103,com.miui.core,com.miui.core/com.miui.internal.server.CoreService,{act=android.intent.action.MAIN cmp=com.miui.core/com.miui.internal.server.CoreService}]
05-30 21:56:35.991  1342  2583 I am_proc_died: [0,21717,android.process.mediaUI,15,16]
05-30 21:56:36.054  1342  1342 I notification_enqueue: [10045,18414,com.miui.cloudservice,8888,NULL,0,Notification(pri=0 contentView=null vibrate=null sound=null tick defaults=0x0 flags=0x10 color=0x00000000 vis=PRIVATE),0]
05-30 21:56:36.849  1342  2520 I am_get_provider: [10027,com.miui.gallery,10045,com.miui.cloudservice,com.miui.cloudservice/.provider.MiCloudProvider]
05-30 21:56:36.865  1342  1995 I am_get_provider: [10027,com.miui.gallery,10045,com.miui.cloudservice,com.miui.cloudservice/.provider.MiCloudProvider]
05-30 21:56:36.885  1342  2645 I am_get_provider: [10027,com.miui.gallery,10045,com.miui.cloudservice,com.miui.cloudservice/.provider.MiCloudProvider]
05-30 21:57:00.070  1342  1410 I am_pss  : [19269,1000,system:ui,10454016,8503296]
05-30 21:57:33.818  1342 15369 I am_start_service: [-1,NULL,1000,com.miui.autotestutils,com.miui.autotestutils/.CheckService,{act=com.miui.autotestutils.CheckService}]
05-30 21:57:42.044  1342  2507 I am_finish_activity: [19269,50574348,3421,android/com.android.internal.app.ResolverActivity,app-request]
05-30 21:57:42.045  1342  2507 I am_pause_activity: [19269,50574348,android/com.android.internal.app.ResolverActivity]
05-30 21:57:42.047 19269 19269 I am_on_paused_called: [0,com.android.internal.app.ResolverActivity]
05-30 21:57:42.054  1342  2615 I am_home_stack_moved: [0,0,144,144,startingNewTask]
05-30 21:57:42.054  1342  2615 I wm_task_moved: [3421,1,0]
05-30 21:57:42.056  1342  2615 I am_create_task: [0,3422]
05-30 21:57:42.056  1342  2615 I am_create_activity: [0,50028080,3422,android/com.android.internal.app.ResolverActivity,android.intent.action.MAIN,NULL,NULL,276824064,NULL]
05-30 21:57:42.057  1342  2615 I wm_task_created: [3422,144]
05-30 21:57:42.057  1342  2615 I wm_task_moved: [3422,1,1]
05-30 21:57:42.057  1342  2615 I am_home_stack_moved: [0,0,144,144,startedActivity setFocusedActivity]
05-30 21:57:42.057  1342  2615 I wm_task_moved: [3422,1,1]
05-30 21:57:42.060  1342  2615 I am_focused_activity: [0,android/com.android.internal.app.ResolverActivity]
05-30 21:57:42.061  1342  1411 I am_destroy_activity: [19269,50574348,3421,android/com.android.internal.app.ResolverActivity,finish-imm]
05-30 21:57:42.064  1342  1411 I am_kill : [0,20770,com.xiaomi.providers.appindex,15,empty #17]
05-30 21:57:42.069  1342  1411 I am_restart_activity: [19269,50028080,3422,android/com.android.internal.app.ResolverActivity,NULL]
05-30 21:57:42.097  1342  1410 I am_pss  : [16473,10009,android.process.media,7806976,6758400]
05-30 21:57:42.100  1342  2589 I am_proc_died: [0,20770,com.xiaomi.providers.appindex,15,16]
05-30 21:57:42.120  1342  1410 I am_pss  : [22887,10079,com.android.soundrecorder:remote,6511616,4956160]
05-30 21:57:42.143  1342  1410 I am_pss  : [22875,10027,com.miui.gallery,14759936,13574144]
05-30 21:57:42.167  1342  1410 I am_pss  : [22856,10079,com.android.soundrecorder,7315456,5574656]
05-30 21:57:42.208 19269 19269 I am_on_resume_called: [0,com.android.internal.app.ResolverActivity]
05-30 21:57:42.245  1342  1442 I [30088] : [0,50028080,android/com.android.internal.app.ResolverActivity,180,180,19269]
05-30 21:57:42.245  1342  1442 I am_activity_launch_time: [0,50028080,android/com.android.internal.app.ResolverActivity,180,180]
05-30 21:57:42.249  1342  1442 I wm_task_removed: [3421,removeAppToken: last token]
05-30 21:57:42.249  1342  1442 I wm_task_removed: [3421,removeTask]
05-30 21:57:42.264   441   441 I sf_frame_dur: [android/com.android.internal.app.ResolverActivity,16,0,0,0,0,0,1]
05-30 21:57:43.908  1342 17298 I am_finish_activity: [19269,50028080,3422,android/com.android.internal.app.ResolverActivity,app-request]
05-30 21:57:43.909  1342 17298 I am_pause_activity: [19269,50028080,android/com.android.internal.app.ResolverActivity]
05-30 21:57:43.910 19269 19269 I am_on_paused_called: [0,com.android.internal.app.ResolverActivity]
05-30 21:57:43.912  1342 15369 I am_home_stack_moved: [0,0,144,144,startingNewTask]
05-30 21:57:43.912  1342 15369 I wm_task_moved: [3422,1,0]
05-30 21:57:43.913  1342 15369 I am_create_task: [0,3423]
05-30 21:57:43.913  1342 15369 I am_create_activity: [0,193152481,3423,android/com.android.internal.app.ResolverActivity,android.intent.action.MAIN,NULL,NULL,276824064,NULL]
05-30 21:57:43.913  1342 15369 I wm_task_created: [3423,144]
05-30 21:57:43.914  1342 15369 I wm_task_moved: [3423,1,1]
05-30 21:57:43.914  1342 15369 I am_home_stack_moved: [0,0,144,144,startedActivity setFocusedActivity]
05-30 21:57:43.914  1342 15369 I wm_task_moved: [3423,1,1]
05-30 21:57:43.915  1342 15369 I am_focused_activity: [0,android/com.android.internal.app.ResolverActivity]
05-30 21:57:43.915  1342  1411 I am_destroy_activity: [19269,50028080,3422,android/com.android.internal.app.ResolverActivity,finish-imm]
05-30 21:57:43.923  1342  1411 I am_restart_activity: [19269,193152481,3423,android/com.android.internal.app.ResolverActivity,NULL]
05-30 21:57:44.062 19269 19269 I am_on_resume_called: [0,com.android.internal.app.ResolverActivity]
05-30 21:57:44.100  1342  1442 I [30088] : [0,193152481,android/com.android.internal.app.ResolverActivity,180,180,19269]
05-30 21:57:44.100  1342  1442 I am_activity_launch_time: [0,193152481,android/com.android.internal.app.ResolverActivity,180,180]
05-30 21:57:44.104  1342  1442 I wm_task_removed: [3422,removeAppToken: last token]
05-30 21:57:44.104  1342  1442 I wm_task_removed: [3422,removeTask]
05-30 21:57:44.119   441   441 I sf_frame_dur: [android/com.android.internal.app.ResolverActivity,16,0,0,0,0,0,1]
05-30 21:57:44.905  1342  2563 I am_finish_activity: [19269,193152481,3423,android/com.android.internal.app.ResolverActivity,app-request]
05-30 21:57:44.906  1342  2563 I am_pause_activity: [19269,193152481,android/com.android.internal.app.ResolverActivity]
05-30 21:57:44.907 19269 19269 I am_on_paused_called: [0,com.android.internal.app.ResolverActivity]
05-30 21:57:44.908  1342  2287 I am_home_stack_moved: [0,0,144,144,startingNewTask]
05-30 21:57:44.908  1342  2287 I wm_task_moved: [3423,1,0]
05-30 21:57:44.910  1342  2287 I am_create_task: [0,3424]
05-30 21:57:44.910  1342  2287 I am_create_activity: [0,47671518,3424,android/com.android.internal.app.ResolverActivity,android.intent.action.MAIN,NULL,NULL,276824064,NULL]
05-30 21:57:44.910  1342  2287 I wm_task_created: [3424,144]
05-30 21:57:44.910  1342  2287 I wm_task_moved: [3424,1,1]
05-30 21:57:44.910  1342  2287 I am_home_stack_moved: [0,0,144,144,startedActivity setFocusedActivity]
05-30 21:57:44.911  1342  2287 I wm_task_moved: [3424,1,1]
05-30 21:57:44.912  1342  2287 I am_focused_activity: [0,android/com.android.internal.app.ResolverActivity]
05-30 21:57:44.912  1342  1411 I am_destroy_activity: [19269,193152481,3423,android/com.android.internal.app.ResolverActivity,finish-imm]
05-30 21:57:44.920  1342  1411 I am_restart_activity: [19269,47671518,3424,android/com.android.internal.app.ResolverActivity,NULL]
05-30 21:57:45.056 19269 19269 I am_on_resume_called: [0,com.android.internal.app.ResolverActivity]
05-30 21:57:45.088  1342  1442 I [30088] : [0,47671518,android/com.android.internal.app.ResolverActivity,171,171,19269]
05-30 21:57:45.088  1342  1442 I am_activity_launch_time: [0,47671518,android/com.android.internal.app.ResolverActivity,171,171]
05-30 21:57:45.091  1342  1442 I wm_task_removed: [3423,removeAppToken: last token]
05-30 21:57:45.091  1342  1442 I wm_task_removed: [3423,removeTask]
05-30 21:57:45.904  1342 15369 I am_finish_activity: [19269,47671518,3424,android/com.android.internal.app.ResolverActivity,app-request]
05-30 21:57:45.904  1342 15369 I am_pause_activity: [19269,47671518,android/com.android.internal.app.ResolverActivity]
05-30 21:57:45.905 19269 19269 I am_on_paused_called: [0,com.android.internal.app.ResolverActivity]
05-30 21:57:45.907  1342  2326 I am_home_stack_moved: [0,0,144,144,startingNewTask]
05-30 21:57:45.907  1342  2326 I wm_task_moved: [3424,1,0]
05-30 21:57:45.908  1342  2326 I am_create_task: [0,3425]
05-30 21:57:45.908  1342  2326 I am_create_activity: [0,238813879,3425,android/com.android.internal.app.ResolverActivity,android.intent.action.MAIN,NULL,NULL,276824064,NULL]
05-30 21:57:45.908  1342  2326 I wm_task_created: [3425,144]
05-30 21:57:45.908  1342  2326 I wm_task_moved: [3425,1,1]
05-30 21:57:45.909  1342  2326 I am_home_stack_moved: [0,0,144,144,startedActivity setFocusedActivity]
05-30 21:57:45.909  1342  2326 I wm_task_moved: [3425,1,1]
05-30 21:57:45.910  1342  2326 I am_focused_activity: [0,android/com.android.internal.app.ResolverActivity]
05-30 21:57:45.911  1342  1411 I am_destroy_activity: [19269,47671518,3424,android/com.android.internal.app.ResolverActivity,finish-imm]
05-30 21:57:45.918  1342  1411 I am_restart_activity: [19269,238813879,3425,android/com.android.internal.app.ResolverActivity,NULL]
05-30 21:57:46.057 19269 19269 I am_on_resume_called: [0,com.android.internal.app.ResolverActivity]
05-30 21:57:46.089  1342  1442 I [30088] : [0,238813879,android/com.android.internal.app.ResolverActivity,174,174,19269]
05-30 21:57:46.089  1342  1442 I am_activity_launch_time: [0,238813879,android/com.android.internal.app.ResolverActivity,174,174]
05-30 21:57:46.092  1342  1442 I wm_task_removed: [3424,removeAppToken: last token]
05-30 21:57:46.092  1342  1442 I wm_task_removed: [3424,removeTask]
05-30 21:57:46.905  1342  1683 I am_home_stack_moved: [0,0,144,144,intentActivityFound]
05-30 21:57:46.906  1342  1683 I wm_task_moved: [3425,1,0]
05-30 21:57:56.319  1342  2563 I am_home_stack_moved: [0,0,144,144,startingNewTask]
05-30 21:57:56.319  1342  2563 I wm_task_moved: [3425,1,0]
05-30 21:57:56.322  1342  2563 I am_create_task: [0,3426]
05-30 21:57:56.322  1342  2563 I am_create_activity: [0,217783621,3426,com.miui.securitycenter/com.miui.permcenter.install.AdbInstallActivity,android.intent.action.VIEW,application/vnd.android.package-archive,file:///data/local/tmp/com.yuyoogame.ameng.puzzle3.sub1_3.8.8.apk,411041792,pm]
05-30 21:57:56.323  1342  2563 I wm_task_created: [3426,144]
05-30 21:57:56.324  1342  2563 I wm_task_moved: [3426,1,1]
05-30 21:57:56.325  1342  2563 I am_pause_activity: [19269,238813879,android/com.android.internal.app.ResolverActivity]
05-30 21:57:56.325 19269 19269 I am_on_paused_called: [0,com.android.internal.app.ResolverActivity]
05-30 21:57:56.328  1342  2563 I am_home_stack_moved: [0,0,144,144,startedActivity setFocusedActivity]
05-30 21:57:56.328  1342  2563 I wm_task_moved: [3426,1,1]
05-30 21:57:56.333  1342  2563 I am_focused_activity: [0,com.miui.securitycenter/com.miui.permcenter.install.AdbInstallActivity]
05-30 21:57:56.347  1342  2695 I am_proc_start: [0,23034,1000,com.miui.securitycenter,activity,com.miui.securitycenter/com.miui.permcenter.install.AdbInstallActivity]
05-30 21:57:56.383  1342  2289 I am_proc_bound: [0,23034,com.miui.securitycenter]
05-30 21:57:56.389  1342  2289 I am_restart_activity: [23034,217783621,3426,com.miui.securitycenter/com.miui.permcenter.install.AdbInstallActivity,pm]
05-30 21:57:56.421  1342  1410 I am_pss  : [19269,1000,system:ui,13092864,11153408]
05-30 21:57:56.485  1342  2520 I am_bind_service: [1000,com.miui.securitycenter,1000,com.miui.securitycenter.remote,com.miui.securitycenter/com.miui.networkassistant.service.tm.TrafficManageService,{cmp=com.miui.securitycenter/com.miui.networkassistant.service.tm.TrafficManageService}]
05-30 21:57:56.515  1342  2561 I am_proc_start: [0,23055,10048,com.miui.guardprovider,content provider,com.miui.guardprovider/.GuardProvider]
05-30 21:57:56.515  1342  2561 I am_get_provider: [1000,com.miui.securitycenter,10048,com.miui.guardprovider,com.miui.guardprovider/.GuardProvider]
05-30 21:57:56.516  1342  2507 I am_get_provider: [1000,com.miui.securitycenter,1000,system,com.android.providers.settings/.SettingsProvider]
05-30 21:57:56.557  1342  2531 I am_proc_bound: [0,23055,com.miui.guardprovider]
05-30 21:57:56.664  1342  1913 I am_get_provider: [1000,com.miui.securitycenter,1000,com.miui.securitycenter,com.miui.securitycenter/com.miui.common.persistence.RemoteProvider]
05-30 21:57:56.669  1342  2695 I am_finish_activity: [23034,217783621,3426,com.miui.securitycenter/com.miui.permcenter.install.AdbInstallActivity,app-request]
05-30 21:57:56.670  1342  2695 I am_home_stack_moved: [0,0,144,144,finishActivity adjustFocus setFocusedActivity]
05-30 21:57:56.670  1342  2695 I wm_task_moved: [3426,1,1]
05-30 21:57:56.673  1342  2695 I am_focused_activity: [0,android/com.android.internal.app.ResolverActivity]
05-30 21:57:56.673  1342  2695 I am_pause_activity: [23034,217783621,com.miui.securitycenter/com.miui.permcenter.install.AdbInstallActivity]
05-30 21:57:56.679  1342  2291 I am_start_service: [1000,com.miui.securitycenter,10103,com.miui.core,com.miui.core/com.miui.internal.server.CoreService,{act=android.intent.action.MAIN cmp=com.miui.core/com.miui.internal.server.CoreService}]
05-30 21:57:56.686  1342 26067 I am_kill : [0,21759,com.xiaomi.gamecenter,15,empty #17]
05-30 21:57:56.703  1342  1799 I am_resume_activity: [19269,238813879,3425,android/com.android.internal.app.ResolverActivity,NULL]
05-30 21:57:56.706 19269 19269 I am_on_resume_called: [0,com.android.internal.app.ResolverActivity]
05-30 21:57:56.718  1342  2290 I am_destroy_activity: [23034,217783621,3426,com.miui.securitycenter/com.miui.permcenter.install.AdbInstallActivity,finish-idle]
05-30 21:57:56.721  1342  2290 I am_kill : [0,21906,com.android.keychain,15,empty #17]
05-30 21:57:56.723  1342  1378 I am_proc_died: [0,21759,com.xiaomi.gamecenter,15,16]
05-30 21:57:56.725  1342  2290 I wm_task_removed: [3426,removeAppToken: last token]
05-30 21:57:56.725  1342  2290 I wm_task_removed: [3426,removeTask]
05-30 21:57:56.740  1342  1461 I am_proc_start: [0,23078,10007,com.android.defcontainer,service,com.android.defcontainer/.DefaultContainerService]
05-30 21:57:56.741  1342  1461 I am_bind_service: [1000,system,10007,com.android.defcontainer,com.android.defcontainer/.DefaultContainerService,{cmp=com.android.defcontainer/.DefaultContainerService}]
05-30 21:57:56.750  1342  2645 I am_proc_died: [0,21906,com.android.keychain,15,16]
05-30 21:57:56.778  1342  2589 I am_proc_bound: [0,23078,com.android.defcontainer]
05-30 21:57:56.840  1342  1461 I am_get_provider: [10007,com.android.defcontainer,1000,system,com.android.providers.settings/.SettingsProvider]
05-30 21:57:56.954  1342  1342 I free_storage_changed: 5288386560
05-30 21:57:57.324 23010 23021 I dvm_lock_sample: [uiautomator,0,UiAutomatorHandlerThread,646,QueryController.java,61,Thread.java,-2,0]
05-30 21:57:58.077 23010 23021 I dvm_lock_sample: [uiautomator,0,UiAutomatorHandlerThread,753,QueryController.java,61,-,149,0]
05-30 21:57:58.831 23010 23021 I dvm_lock_sample: [uiautomator,0,UiAutomatorHandlerThread,754,QueryController.java,61,-,149,0]
05-30 21:57:59.584 23010 23021 I dvm_lock_sample: [uiautomator,0,UiAutomatorHandlerThread,753,QueryController.java,61,-,149,0]
05-30 21:58:00.044  1342  1410 I am_pss  : [18571,10037,com.miui.analytics,19875840,18997248]
05-30 21:58:00.337 23010 23021 I dvm_lock_sample: [uiautomator,0,UiAutomatorHandlerThread,753,QueryController.java,61,-,149,0]
05-30 21:58:01.091 23010 23021 I dvm_lock_sample: [uiautomator,0,UiAutomatorHandlerThread,753,QueryController.java,61,-,149,0]
05-30 21:58:01.230  1342  1461 I unknown_sources_enabled: 1
05-30 21:58:01.551  1342  2645 I am_proc_start: [0,23104,10003,android.process.acore,broadcast,com.android.providers.contacts/.PackageIntentReceiver]
05-30 21:58:01.551  1342  2645 I am_broadcast_wake_app: [1000,NULL,android.intent.action.PACKAGE_ADDED,10003,{com.android.providers.contacts/com.android.providers.contacts.PackageIntentReceiver}]
05-30 21:58:01.573  1342  1342 I notification_cancel_all: [1000,1342,com.yuyoogame.ameng.puzzle3.sub1,0,0,0,5,NULL]
05-30 21:58:01.637  1342  1380 I am_proc_bound: [0,23104,android.process.acore]
05-30 21:58:01.844 23010 23021 I dvm_lock_sample: [uiautomator,0,UiAutomatorHandlerThread,753,QueryController.java,61,-,149,0]
05-30 21:58:01.909  1342  2287 I am_proc_start: [0,23126,10009,android.process.mediaUI,broadcast,com.android.providers.downloads.ui/.receiver.ApplicationInstallReceiver]
05-30 21:58:01.909  1342  2287 I am_broadcast_wake_app: [1000,NULL,android.intent.action.PACKAGE_ADDED,10009,{com.android.providers.downloads.ui/com.android.providers.downloads.ui.receiver.ApplicationInstallReceiver}]
05-30 21:58:01.912  1342  2287 I am_kill : [0,21840,com.xiaomi.vipaccount:log,13,empty #17]
05-30 21:58:01.914  1342  2561 I am_start_service: [10003,android.process.acore,10103,com.miui.core,com.miui.core/com.miui.internal.server.CoreService,{act=android.intent.action.MAIN cmp=com.miui.core/com.miui.internal.server.CoreService}]
05-30 21:58:01.961  1342  2507 I am_proc_died: [0,21840,com.xiaomi.vipaccount:log,13,16]
05-30 21:58:01.964  1342  2507 I am_schedule_service_restart: [0,com.xiaomi.vipaccount/com.xiaomi.vipbase.service.MvLogService,1000]
05-30 21:58:01.968   440   440 I auditd  : avc:  denied  { find } for service=miui.whetstone scontext=u:r:downloader:s0:c512,c768 tcontext=u:object_r:system_app_service:s0 tclass=service_manager
05-30 21:58:01.971   440   440 I auditd  : avc:  denied  { find } for service=miui.whetstone scontext=u:r:downloader:s0:c512,c768 tcontext=u:object_r:system_app_service:s0 tclass=service_manager
05-30 21:58:01.973  1342 26067 I am_proc_bound: [0,23126,android.process.mediaUI]
05-30 21:58:01.989   440   440 I auditd  : avc:  denied  { find } for service=miui.whetstone scontext=u:r:downloader:s0:c512,c768 tcontext=u:object_r:system_app_service:s0 tclass=service_manager
05-30 21:58:02.134  1342  2675 I am_get_provider: [10009,android.process.mediaUI,1000,system,com.android.providers.settings/.SettingsProvider]
05-30 21:58:02.156  1342  2531 I am_start_service: [10003,android.process.acore,10003,android.process.acore,com.android.providers.contacts/.service.KeepAliveService,{act=ACTION_START cmp=com.android.providers.contacts/.service.KeepAliveService}]
05-30 21:58:02.165  1342  1866 I am_bind_service: [10009,android.process.mediaUI,10009,android.process.media,com.android.providers.downloads/.remote.service.DownloadSettingsProviderService,{act=com.android.providers.downloads.settings.service pkg=com.android.providers.downloads}]
05-30 21:58:02.165  1342  1342 I notification_enqueue: [10003,23104,com.android.providers.contacts,100,NULL,0,Notification(pri=0 contentView=com.android.providers.contacts/0x1090091 vibrate=null sound=null defaults=0x0 flags=0x40 color=0x00000000 vis=PRIVATE),0]
05-30 21:58:02.218  1342  1380 I am_proc_start: [0,23151,10022,com.svox.pico,broadcast,com.svox.pico/.VoiceDataInstallerReceiver]
05-30 21:58:02.218  1342  1380 I am_broadcast_wake_app: [1000,NULL,android.intent.action.PACKAGE_ADDED,10022,{com.svox.pico/com.svox.pico.VoiceDataInstallerReceiver}]
05-30 21:58:02.226  1342  1799 I am_start_service: [10009,android.process.mediaUI,10103,com.miui.core,com.miui.core/com.miui.internal.server.CoreService,{act=android.intent.action.MAIN cmp=com.miui.core/com.miui.internal.server.CoreService}]
05-30 21:58:02.230  1342  2326 I am_start_service: [10003,android.process.acore,10003,android.process.acore,com.android.providers.contacts/.service.KeepAliveService,{act=ACTION_STOP cmp=com.android.providers.contacts/.service.KeepAliveService}]
05-30 21:58:02.233  1342  1342 I notification_canceled: [0|com.android.providers.contacts|100|null|10003,8,68,68,0]
05-30 21:58:02.241  1342  2652 I am_kill : [0,21791,com.xiaomi.market,15,empty #17]
05-30 21:58:02.282  1342  2531 I am_proc_died: [0,21791,com.xiaomi.market,15,16]
05-30 21:58:02.293  1342  2561 I am_proc_bound: [0,23151,com.svox.pico]
05-30 21:58:02.337  1342  2675 I am_kill : [0,19738,com.xiaomi.vipaccount,15,empty #17]
05-30 21:58:02.356  1342 15369 I am_proc_start: [0,23165,10036,com.xiaomi.providers.appindex,broadcast,com.xiaomi.providers.appindex/.PackageChangeReceiver]
05-30 21:58:02.357  1342 15369 I am_broadcast_wake_app: [1000,NULL,android.intent.action.PACKAGE_ADDED,10036,{com.xiaomi.providers.appindex/com.xiaomi.providers.appindex.PackageChangeReceiver}]
05-30 21:58:02.370  1342 15367 I am_proc_died: [0,19738,com.xiaomi.vipaccount,15,16]
05-30 21:58:02.424  1342  2563 I am_proc_bound: [0,23165,com.xiaomi.providers.appindex]
05-30 21:58:02.501  1342  2615 I am_start_service: [10036,com.xiaomi.providers.appindex,10036,com.xiaomi.providers.appindex,com.xiaomi.providers.appindex/.PackageChangeService,{act=android.intent.action.PACKAGE_ADDED dat=package:com.yuyoogame.ameng.puzzle3.sub1 flg=0x4000010 cmp=com.xiaomi.providers.appindex/.PackageChangeService}]
05-30 21:58:02.509  1342  8273 I am_start_service: [10045,com.miui.cloudservice,10045,com.miui.cloudservice,com.miui.cloudservice/.push.MicloudPushService,{act=android.intent.action.PACKAGE_ADDED dat=package:com.yuyoogame.ameng.puzzle3.sub1 flg=0x4000010 pkg=com.miui.cloudservice cmp=com.miui.cloudservice/.push.MicloudPushService}]
05-30 21:58:02.513  1342  2645 I am_get_provider: [10045,com.miui.cloudservice,9810,com.xiaomi.finddevice,com.xiaomi.finddevice/.v2.FindDeviceStatusManagerProvider]
05-30 21:58:02.532  1342  1380 I am_proc_start: [0,23185,10067,com.xiaomi.gamecenter,broadcast,com.xiaomi.gamecenter/.service.GlobalReceiver]
05-30 21:58:02.532  1342  1380 I am_broadcast_wake_app: [1000,NULL,android.intent.action.PACKAGE_ADDED,10067,{com.xiaomi.gamecenter/com.xiaomi.gamecenter.service.GlobalReceiver}]
05-30 21:58:02.598 23010 23021 I dvm_lock_sample: [uiautomator,0,UiAutomatorHandlerThread,754,QueryController.java,61,-,149,0]
05-30 21:58:02.602  1342  2695 I am_kill : [0,21925,com.miui.vsimcore,15,empty #17]
05-30 21:58:02.614  1342  1995 I am_proc_bound: [0,23185,com.xiaomi.gamecenter]
05-30 21:58:02.630  1342 14927 I am_proc_died: [0,21925,com.miui.vsimcore,15,16]
05-30 21:58:02.649  1342  1378 I am_bind_service: [1000,system,10032,com.miui.personalassistant,com.miui.personalassistant/.services.quickstart.QuickStartAccessibilityService,{cmp=com.miui.personalassistant/.services.quickstart.QuickStartAccessibilityService}]
05-30 21:58:02.740  1342  1380 I am_bind_service: [10009,android.process.mediaUI,10009,android.process.media,com.android.providers.downloads/.remote.service.DebugLogService,{act=com.android.providers.downloads.remote.service.IDebugLogService pkg=com.android.providers.downloads}]
05-30 21:58:02.915  1342  2583 I am_get_provider: [10067,com.xiaomi.gamecenter,1000,system,com.android.providers.settings/.SettingsProvider]
05-30 21:58:03.020  1342  1378 I am_start_service: [10067,com.xiaomi.gamecenter,10067,com.xiaomi.gamecenter,com.xiaomi.gamecenter/.service.GlobalService,{act=android.intent.action.PACKAGE_ADDED dat=package:com.yuyoogame.ameng.puzzle3.sub1 flg=0x4000010 cmp=com.xiaomi.gamecenter/.service.GlobalService}]
05-30 21:58:03.036  1342  2289 I am_proc_start: [0,23214,10069,com.xiaomi.market,broadcast,com.xiaomi.market/.data.MyPackageMonitor]
05-30 21:58:03.036  1342  2289 I am_broadcast_wake_app: [1000,NULL,android.intent.action.PACKAGE_ADDED,10069,{com.xiaomi.market/com.xiaomi.market.data.MyPackageMonitor}]
05-30 21:58:03.040  1342  2695 I am_start_service: [10067,com.xiaomi.gamecenter,10103,com.miui.core,com.miui.core/com.miui.internal.server.CoreService,{act=android.intent.action.MAIN cmp=com.miui.core/com.miui.internal.server.CoreService}]
05-30 21:58:03.056  1342 14927 I am_get_provider: [10067,com.xiaomi.gamecenter,10009,android.process.media,com.android.providers.downloads/.provider.DownloadProvider]
05-30 21:58:03.116  1342  2652 I am_proc_bound: [0,23214,com.xiaomi.market]
05-30 21:58:03.308  1342  2287 I am_get_provider: [10069,com.xiaomi.market,1000,system,com.android.providers.settings/.SettingsProvider]
05-30 21:58:03.511  1342  2520 I am_start_service: [10069,com.xiaomi.market,10069,com.xiaomi.market,com.xiaomi.market/.data.CheckUpdateService,{cmp=com.xiaomi.market/.data.CheckUpdateService}]
05-30 21:58:03.528  1342  1380 I am_proc_start: [0,23244,10089,com.xiaomi.vipaccount,broadcast,com.xiaomi.vipaccount/com.xiaomi.vip.service.AppInstallReceiver]
05-30 21:58:03.528  1342  1380 I am_broadcast_wake_app: [1000,NULL,android.intent.action.PACKAGE_ADDED,10089,{com.xiaomi.vipaccount/com.xiaomi.vip.service.AppInstallReceiver}]
05-30 21:58:03.533  1342  1799 I am_start_service: [10069,com.xiaomi.market,10103,com.miui.core,com.miui.core/com.miui.internal.server.CoreService,{act=android.intent.action.MAIN cmp=com.miui.core/com.miui.internal.server.CoreService}]
05-30 21:58:03.611  1342 17298 I am_proc_bound: [0,23244,com.xiaomi.vipaccount]
05-30 21:58:03.988  1342  2531 I am_kill : [0,22565,com.android.documentsui,15,empty #17]
05-30 21:58:04.006  1342  2290 I am_start_service: [10089,com.xiaomi.vipaccount,10103,com.miui.core,com.miui.core/com.miui.internal.server.CoreService,{act=android.intent.action.MAIN cmp=com.miui.core/com.miui.internal.server.CoreService}]
05-30 21:58:04.072  1342  1866 I am_proc_start: [0,23267,10089,com.xiaomi.vipaccount:log,service,com.xiaomi.vipaccount/com.xiaomi.vipbase.service.MvLogService]
05-30 21:58:04.073  1342  1866 I am_bind_service: [10089,com.xiaomi.vipaccount,10089,com.xiaomi.vipaccount:log,com.xiaomi.vipaccount/com.xiaomi.vipbase.service.MvLogService,{cmp=com.xiaomi.vipaccount/com.xiaomi.vipbase.service.MvLogService}]
05-30 21:58:04.074  1342  2563 I am_proc_died: [0,22565,com.android.documentsui,15,16]
05-30 21:58:04.148  1342  2675 I am_proc_bound: [0,23267,com.xiaomi.vipaccount:log]
05-30 21:58:04.528  1342  1924 I am_kill : [0,22580,com.android.externalstorage,15,empty #17]
05-30 21:58:04.544  1342 15369 I am_start_service: [10089,com.xiaomi.vipaccount:log,10103,com.miui.core,com.miui.core/com.miui.internal.server.CoreService,{act=android.intent.action.MAIN cmp=com.miui.core/com.miui.internal.server.CoreService}]
05-30 21:58:04.580  1342 26067 I am_proc_died: [0,22580,com.android.externalstorage,15,16]
05-30 21:58:08.260  1342  2289 I am_kill : [0,22599,com.android.shell,15,empty #17]
05-30 21:58:08.320  1342  1913 I am_proc_died: [0,22599,com.android.shell,15,16]
05-30 21:58:09.948  1342  2583 I am_home_stack_moved: [0,0,144,144,startingNewTask]
05-30 21:58:09.948  1342  2583 I wm_task_moved: [3425,1,0]
05-30 21:58:09.950  1342  2583 I am_create_task: [0,3427]
05-30 21:58:09.950  1342  2583 I am_create_activity: [0,254688714,3427,com.miui.securitycenter/com.miui.permcenter.install.AdbInstallActivity,android.intent.action.VIEW,application/vnd.android.package-archive,file:///data/local/tmp/com.yuyoogame.ameng.puzzle3.sub1_3.8.8.apk,411041792,pm]
05-30 21:58:09.952  1342  2583 I wm_task_created: [3427,144]
05-30 21:58:09.952  1342  2583 I wm_task_moved: [3427,1,1]
05-30 21:58:09.954  1342  2583 I am_pause_activity: [19269,238813879,android/com.android.internal.app.ResolverActivity]
05-30 21:58:09.955 19269 19269 I am_on_paused_called: [0,com.android.internal.app.ResolverActivity]
