05-30 23:16:01.774  1342  1799 I am_start_service: [10069,com.xiaomi.market,10069,com.xiaomi.market,com.xiaomi.market/.service.AppActiveStatService,{cmp=com.xiaomi.market/.service.AppActiveStatService}]
05-30 23:16:01.795  1342  1410 I am_pss  : [21362,10104,com.jeejen.family.miui,22790144,19070976]
05-30 23:16:01.802  1342  1378 I am_proc_bound: [0,26584,com.mm.lobster.mortgage]
05-30 23:16:01.805  1342  1378 I am_restart_activity: [26584,14097132,3446,com.mm.lobster.mortgage/.MainActivity,NULL]
05-30 23:16:02.250  1342 17298 I am_get_provider: [10480,com.mm.lobster.mortgage,1000,system,com.android.providers.settings/.SettingsProvider]
05-30 23:16:02.827 26584 26584 I am_on_resume_called: [0,com.mm.lobster.mortgage.MainActivity]
05-30 23:16:03.520  1803  1803 I [30099] : 0
05-30 23:16:03.522  1342  1442 I [30088] : [0,14097132,com.mm.lobster.mortgage/.MainActivity,1769,9001,26584]
05-30 23:16:03.522  1342  1442 I am_activity_launch_time: [0,14097132,com.mm.lobster.mortgage/.MainActivity,1769,9001]
05-30 23:16:03.524 26584 26584 I [30089] : 30
05-30 23:16:04.394  1342  1410 I am_pss  : [19269,1000,system:ui,16536576,14491648]
05-30 23:16:07.898  1342 14927 I am_kill : [0,25752,com.android.printspooler,13,empty #17]
05-30 23:16:07.922  1342  1799 I am_proc_died: [0,25752,com.android.printspooler,13,16]
05-30 23:16:07.984  1342  2645 I am_kill : [0,26033,com.miui.hybrid,13,empty #17]
05-30 23:16:08.040  1342  1913 I am_proc_died: [0,26033,com.miui.hybrid,13,16]
05-30 23:16:09.940  1342  1683 I am_home_stack_moved: [0,0,144,144,bringingFoundTaskToFront setFocusedActivity]
05-30 23:16:09.941  1342  1683 I wm_task_moved: [3443,1,1]
05-30 23:16:09.944  1342  1683 I am_focused_activity: [0,android/com.android.internal.app.ResolverActivity]
05-30 23:16:09.950  1342  1683 I am_pause_activity: [26584,14097132,com.mm.lobster.mortgage/.MainActivity]
05-30 23:16:09.951  1342  1683 I am_task_to_front: [0,3443]
05-30 23:16:09.954 26584 26584 I am_on_paused_called: [0,com.mm.lobster.mortgage.MainActivity]
05-30 23:16:09.963  1342  1380 I am_resume_activity: [19269,157713537,3443,android/com.android.internal.app.ResolverActivity,NULL]
05-30 23:16:09.963 19269 19269 I am_on_resume_called: [0,com.android.internal.app.ResolverActivity]
05-30 23:16:13.042  1342  2675 I am_finish_activity: [19269,157713537,3443,android/com.android.internal.app.ResolverActivity,app-request]
05-30 23:16:13.042  1342  2675 I am_home_stack_moved: [0,0,144,144,finishActivity adjustFocus setFocusedActivity]
05-30 23:16:13.042  1342  2675 I wm_task_moved: [3443,1,1]
05-30 23:16:13.046  1342  2675 I am_focused_activity: [0,com.mm.lobster.mortgage/.MainActivity]
05-30 23:16:13.047  1342  2675 I am_pause_activity: [19269,157713537,android/com.android.internal.app.ResolverActivity]
05-30 23:16:13.050 19269 19269 I am_on_paused_called: [0,com.android.internal.app.ResolverActivity]
05-30 23:16:13.060  1342  2645 I am_resume_activity: [26584,14097132,3446,com.mm.lobster.mortgage/.MainActivity,NULL]
05-30 23:16:13.063 26584 26584 I am_on_resume_called: [0,com.mm.lobster.mortgage.MainActivity]
05-30 23:16:13.068  1342  2290 I am_destroy_activity: [19269,157713537,3443,android/com.android.internal.app.ResolverActivity,finish-imm]
05-30 23:16:13.071  1342  2290 I am_kill : [0,26075,com.miui.home,13,empty #17]
05-30 23:16:13.121  1342  1410 I am_pss  : [26584,10480,com.mm.lobster.mortgage,133864448,128704512]
05-30 23:16:13.130  1342  1378 I am_proc_died: [0,26075,com.miui.home,13,16]
05-30 23:16:13.161  1342  1442 I wm_task_removed: [3443,removeAppToken: last token]
05-30 23:16:13.161  1342  1442 I wm_task_removed: [3443,removeTask]
05-30 23:16:13.177   441   441 I sf_frame_dur: [android/com.android.internal.app.ResolverActivity,16,0,0,0,0,0,1]
05-30 23:16:14.941  1342  2520 I am_proc_start: [0,26717,1000,com.miui.securitycore.remote,broadcast,com.miui.securitycore/com.miui.xspace.receiver.MediaScannerReceiver]
05-30 23:16:14.942  1342  2520 I am_broadcast_wake_app: [2000,NULL,android.intent.action.MEDIA_SCANNER_SCAN_FILE,1000,{com.miui.securitycore/com.miui.xspace.receiver.MediaScannerReceiver}]
05-30 23:16:14.982  1342  1378 I am_proc_bound: [0,26717,com.miui.securitycore.remote]
05-30 23:16:15.095  1342 17298 I am_kill : [0,26271,com.miui.guardprovider,15,empty #17]
05-30 23:16:15.099  1342  1799 I am_start_service: [1000,com.miui.securitycore.remote,10103,com.miui.core,com.miui.core/com.miui.internal.server.CoreService,{act=android.intent.action.MAIN cmp=com.miui.core/com.miui.internal.server.CoreService}]
05-30 23:16:15.123  1342 15369 I am_get_provider: [1000,com.miui.securitycore.remote,1000,system,com.android.providers.settings/.SettingsProvider]
05-30 23:16:15.131  1342  2289 I am_proc_died: [0,26271,com.miui.guardprovider,15,16]
05-30 23:16:17.516  1342  8273 I am_home_stack_moved: [0,0,144,144,intentActivityFound]
05-30 23:16:17.516  1342  8273 I wm_task_moved: [3446,1,0]
05-30 23:16:28.029  1342  2583 I am_kill : [0,26244,com.miui.securitycenter,15,empty #17]
05-30 23:16:28.080  1342 17298 I am_proc_died: [0,26244,com.miui.securitycenter,15,16]
05-30 23:16:28.095  1342  1410 I am_pss  : [14682,1000,com.miui.securitycenter.remote,20564992,19066880]
05-30 23:16:28.122  1342  1410 I am_pss  : [26319,10003,android.process.acore,19218432,18161664]
05-30 23:16:28.145  1342  1410 I am_pss  : [26474,10089,com.xiaomi.vipaccount,4840448,3317760]
05-30 23:16:28.165  1342  1410 I am_pss  : [26368,10022,com.svox.pico,1646592,1159168]
05-30 23:16:28.188  1342  1410 I am_pss  : [26340,10009,android.process.mediaUI,5583872,4902912]
05-30 23:16:28.213  1342  1410 I am_pss  : [19863,10001,com.lbe.security.miui,13340672,12423168]
05-30 23:16:33.616  1342 14927 I am_home_stack_moved: [0,0,144,144,intentActivityFound]
05-30 23:16:33.616  1342 14927 I wm_task_moved: [3446,1,0]
05-30 23:16:33.618  1342 14927 I am_home_stack_moved: [0,0,144,144,sourceStackToFront]
05-30 23:16:33.618  1342 14927 I wm_task_moved: [3446,1,0]
05-30 23:16:33.620  1342 14927 I am_create_activity: [0,208237606,3446,com.mm.lobster.mortgage/.MainActivity,android.intent.action.MAIN,NULL,NULL,270532608,NULL]
05-30 23:16:33.623  1342 14927 I am_pause_activity: [26584,14097132,com.mm.lobster.mortgage/.MainActivity]
05-30 23:16:33.624  1342 14927 I am_home_stack_moved: [0,0,144,144,startedActivity setFocusedActivity]
05-30 23:16:33.624  1342 14927 I wm_task_moved: [3446,1,0]
05-30 23:16:33.625 26584 26584 I am_on_paused_called: [0,com.mm.lobster.mortgage.MainActivity]
05-30 23:16:33.630  1342 14927 I am_focused_activity: [0,com.mm.lobster.mortgage/.MainActivity]
05-30 23:16:33.636  1342  1924 I am_restart_activity: [26584,208237606,3446,com.mm.lobster.mortgage/.MainActivity,NULL]
05-30 23:16:33.667  1342  1410 I am_pss  : [16473,10009,android.process.media,7624704,6569984]
05-30 23:16:33.691  1342  1410 I am_pss  : [26404,10067,com.xiaomi.gamecenter,9444352,8458240]
05-30 23:16:33.712  1342  1410 I am_pss  : [26546,1001,com.miui.vsimcore,2957312,2469888]
05-30 23:16:33.734  1342  1410 I am_pss  : [26498,10089,com.xiaomi.vipaccount:log,4876288,3375104]
05-30 23:16:33.755  1342  1410 I am_pss  : [26388,10036,com.xiaomi.providers.appindex,1909760,1347584]
05-30 23:16:33.775  1342  1410 I am_pss  : [26529,1000,com.android.keychain,2469888,1904640]
05-30 23:16:33.830 26584 26584 I am_on_resume_called: [0,com.mm.lobster.mortgage.MainActivity]
05-30 23:16:34.228  1342  1411 I am_proc_start: [0,26772,10057,com.miui.hybrid,broadcast,com.miui.hybrid/.statistics.StatsReceiver]
05-30 23:16:34.229  1342  1411 I am_broadcast_wake_app: [10057,com.miui.hybrid,NULL,10057,{com.miui.hybrid/com.miui.hybrid.statistics.StatsReceiver}]
05-30 23:16:34.235  1342  1682 I am_start_service: [-1,NULL,1000,com.miui.powerkeeper:service,com.miui.powerkeeper/.PowerKeeperBackgroundService,{act=miui.intent.action.powerkeeper_alarm flg=0x4 cmp=com.miui.powerkeeper/.PowerKeeperBackgroundService}]
05-30 23:16:34.270  1342  1442 I [30088] : [0,208237606,com.mm.lobster.mortgage/.MainActivity,635,635,26584]
05-30 23:16:34.270  1342  1442 I am_activity_launch_time: [0,208237606,com.mm.lobster.mortgage/.MainActivity,635,635]
05-30 23:16:34.311  1342  2695 I am_proc_bound: [0,26772,com.miui.hybrid]
05-30 23:16:34.544  1342  2290 I am_get_provider: [10057,com.miui.hybrid,1000,system,com.android.providers.settings/.SettingsProvider]
05-30 23:16:34.796  1342  1866 I am_start_service: [10057,com.miui.hybrid,10094,com.xiaomi.xmsf,com.xiaomi.xmsf/com.xiaomi.push.service.XMPushService,{pkg=com.xiaomi.xmsf cmp=com.xiaomi.xmsf/com.xiaomi.push.service.XMPushService}]
05-30 23:16:34.858  1342  2583 I am_start_service: [10057,com.miui.hybrid,10094,com.xiaomi.xmsf,com.xiaomi.xmsf/com.xiaomi.push.service.XMPushService,{act=com.xiaomi.mipush.SEND_MESSAGE pkg=com.xiaomi.xmsf cmp=com.xiaomi.xmsf/com.xiaomi.push.service.XMPushService}]
05-30 23:16:34.904  1342  2507 I am_kill : [0,26529,com.android.keychain,15,empty #17]
05-30 23:16:34.940  1342 14927 I am_proc_died: [0,26529,com.android.keychain,15,16]
05-30 23:16:34.943  1342  2583 I notification_panel_revealed: 0
05-30 23:16:34.955  1342  2563 I am_start_service: [10057,com.miui.hybrid,10057,com.miui.hybrid,com.miui.hybrid/com.xiaomi.mipush.sdk.PushMessageHandler,{act=com.xiaomi.mipush.RECEIVE_MESSAGE cmp=com.miui.hybrid/com.xiaomi.mipush.sdk.PushMessageHandler}]
05-30 23:16:34.976  1342 17298 I am_start_service: [10057,com.miui.hybrid,10094,com.xiaomi.xmsf,com.xiaomi.xmsf/com.xiaomi.push.service.XMPushService,{pkg=com.xiaomi.xmsf cmp=com.xiaomi.xmsf/com.xiaomi.push.service.XMPushService}]
05-30 23:16:35.044  1342  2615 I am_start_service: [10057,com.miui.hybrid,10094,com.xiaomi.xmsf,com.xiaomi.xmsf/com.xiaomi.push.service.XMPushService,{act=com.xiaomi.mipush.SEND_SECRET pkg=com.xiaomi.xmsf cmp=com.xiaomi.xmsf/com.xiaomi.push.service.XMPushService}]
05-30 23:16:35.103  1342  1866 I notification_panel_hidden: []
05-30 23:16:38.365  1342  2652 I am_bind_service: [1000,com.android.systemui,10094,com.xiaomi.xmsf,com.xiaomi.xmsf/.push.service.StatService,{cmp=com.xiaomi.xmsf/.push.service.StatService}]
05-30 23:16:38.386  1342  1410 I am_pss  : [26296,10007,com.android.defcontainer,1815552,1241088]
05-30 23:16:38.410  1342  1410 I am_pss  : [18831,10032,com.miui.personalassistant,7547904,4018176]
05-30 23:16:39.260   441   441 I sf_frame_dur: [RecentsPanel,40,0,1,0,0,0,0]
05-30 23:16:42.330 26584 26584 I [30089] : 139
05-30 23:16:42.330 26761 26761 I binder_sample: [android.hardware.input.IInputManager,5,2169,com.android.commands.monkey,0]
05-30 23:16:45.896 26761 26761 I binder_sample: [android.hardware.input.IInputManager,5,2656,com.android.commands.monkey,0]
05-30 23:16:47.151  1342  1410 I am_pss  : [26717,1000,com.miui.securitycore.remote,4169728,3411968]
05-30 23:16:47.173  1342  1410 I am_pss  : [19269,1000,system:ui,8274944,6307840]
05-30 23:16:49.872 26584 26584 I [30089] : 206
05-30 23:16:49.873 26761 26761 I binder_sample: [android.hardware.input.IInputManager,5,2751,com.android.commands.monkey,0]
05-30 23:16:50.187  1342 17298 I am_home_stack_moved: [0,0,144,144,intentActivityFound]
05-30 23:16:50.187  1342 17298 I wm_task_moved: [3446,1,0]
05-30 23:16:50.189  1342 17298 I am_home_stack_moved: [0,0,144,144,sourceStackToFront]
05-30 23:16:50.190  1342 17298 I wm_task_moved: [3446,1,0]
05-30 23:16:50.191  1342 17298 I am_create_activity: [0,249022126,3446,com.mm.lobster.mortgage/.MainActivity,android.intent.action.MAIN,NULL,NULL,270532608,NULL]
05-30 23:16:50.194  1342 17298 I am_pause_activity: [26584,208237606,com.mm.lobster.mortgage/.MainActivity]
05-30 23:16:50.195  1342 17298 I am_home_stack_moved: [0,0,144,144,startedActivity setFocusedActivity]
05-30 23:16:50.195  1342 17298 I wm_task_moved: [3446,1,0]
05-30 23:16:50.203  1342 17298 I am_focused_activity: [0,com.mm.lobster.mortgage/.MainActivity]
05-30 23:16:50.698  1342  1411 I am_restart_activity: [26584,249022126,3446,com.mm.lobster.mortgage/.MainActivity,NULL]
05-30 23:16:53.254 26584 26584 I am_on_paused_called: [0,com.mm.lobster.mortgage.MainActivity]
05-30 23:16:53.256  1342  2531 I am_failed_to_pause: [26584,208237606,com.mm.lobster.mortgage/.MainActivity,(none)]
05-30 23:16:53.506 26584 26584 I am_on_resume_called: [0,com.mm.lobster.mortgage.MainActivity]
05-30 23:16:53.531 26761 26761 I binder_sample: [android.hardware.input.IInputManager,5,3027,com.android.commands.monkey,0]
05-30 23:16:53.585  1342  1442 I [30088] : [0,249022126,com.mm.lobster.mortgage/.MainActivity,2888,2888,26584]
05-30 23:16:53.585  1342  1442 I am_activity_launch_time: [0,249022126,com.mm.lobster.mortgage/.MainActivity,2888,2888]
05-30 23:16:56.052   441   441 I sf_frame_dur: [RecentsPanel,30,0,0,0,0,0,0]
05-30 23:16:57.714  1342  2531 I am_home_stack_moved: [0,0,144,144,intentActivityFound]
05-30 23:16:57.714  1342  2531 I wm_task_moved: [3446,1,0]
05-30 23:16:57.717  1342  2531 I am_home_stack_moved: [0,0,144,144,sourceStackToFront]
05-30 23:16:57.717  1342  2531 I wm_task_moved: [3446,1,0]
05-30 23:16:57.719  1342  2531 I am_create_activity: [0,68923363,3446,com.mm.lobster.mortgage/.MainActivity,android.intent.action.MAIN,NULL,NULL,270532608,NULL]
05-30 23:16:57.722  1342  2531 I am_pause_activity: [26584,249022126,com.mm.lobster.mortgage/.MainActivity]
05-30 23:16:57.724 26584 26584 I am_on_paused_called: [0,com.mm.lobster.mortgage.MainActivity]
05-30 23:16:57.724  1342  2531 I am_home_stack_moved: [0,0,144,144,startedActivity setFocusedActivity]
05-30 23:16:57.724  1342  2531 I wm_task_moved: [3446,1,0]
05-30 23:16:57.730  1342  2531 I am_focused_activity: [0,com.mm.lobster.mortgage/.MainActivity]
05-30 23:16:57.732  1342  1924 I am_restart_activity: [26584,68923363,3446,com.mm.lobster.mortgage/.MainActivity,NULL]
05-30 23:16:57.739   441   441 I sf_frame_dur: [RecentsPanel,39,0,0,2,0,0,0]
05-30 23:16:57.922 26584 26584 I am_on_resume_called: [0,com.mm.lobster.mortgage.MainActivity]
05-30 23:16:57.999  1342  1442 I [30088] : [0,68923363,com.mm.lobster.mortgage/.MainActivity,268,268,26584]
05-30 23:16:57.999  1342  1442 I am_activity_launch_time: [0,68923363,com.mm.lobster.mortgage/.MainActivity,268,268]
05-30 23:16:59.441  1342  2326 I am_proc_died: [0,11504,com.xiaomi.bluetooth,15,10]
05-30 23:16:59.447  1342  2326 I am_schedule_service_restart: [0,com.xiaomi.bluetooth/com.android.bluetooth.ble.app.MiuiBleAppService,1000]
05-30 23:16:59.494  1342  2287 I am_proc_died: [0,21397,com.jeejen.family.miui:pushcenter,15,10]
05-30 23:16:59.495   647   647 I [30200] : 21397&10104&0
05-30 23:16:59.501  1342  2287 I am_schedule_service_restart: [0,com.jeejen.family.miui/com.jeejen.push.DaemonService,12836158]
05-30 23:16:59.513  1342  1410 I cpu     : [-2,-5,-2,5,0,0]
05-30 23:16:59.523  1342  2531 I am_proc_died: [0,18339,com.miui.cloudservice:pushservice,15,10]
05-30 23:16:59.529  1342  2531 I am_schedule_service_restart: [0,com.miui.cloudservice/com.xiaomi.push.service.XMPushService,10918]
05-30 23:16:59.532  1342  2507 I am_proc_died: [0,18967,com.xiaomi.account:pushservice,15,10]
05-30 23:16:59.786  1342  1342 I free_storage_changed: 5357658112
05-30 23:16:59.928   441   441 I sf_frame_dur: [RecentsPanel,43,4,0,0,0,0,0]
05-30 23:16:59.953  1342  1410 I am_meminfo: [512192512,34725888,102830080,273661952,83493888]
05-30 23:16:59.979  1342  1410 I am_pss  : [22202,10056,com.xiaomi.metoknlp,10148864,8904704]
05-30 23:17:00.007  1342  1410 I am_pss  : [3630,1002,com.android.bluetooth,10741760,7528448]
05-30 23:17:00.031  1342  1410 I am_pss  : [18571,10037,com.miui.analytics,20296704,19038208]
05-30 23:17:00.055  1342  1410 I am_pss  : [18885,10030,com.android.quicksearchbox,13344768,9678848]
05-30 23:17:00.077  1342  1410 I am_pss  : [18665,10084,com.miui.systemAdSolution,8656896,7565312]
05-30 23:17:00.101  1342  1410 I am_pss  : [18414,10045,com.miui.cloudservice,10498048,9035776]
05-30 23:17:00.126  1342  1410 I am_pss  : [21362,10104,com.jeejen.family.miui,22849536,18989056]
05-30 23:17:00.148  1342  1410 I am_pss  : [21348,10104,com.jeejen.family.miui:msgcenter,6129664,2916352]
05-30 23:17:00.169  1342  1410 I am_pss  : [19571,10040,com.qualcomm.qti.accesscache,4882432,4124672]
05-30 23:17:00.190  1342  1410 I am_pss  : [19405,10104,com.jeejen.family.miui:monitor,5617664,2740224]
05-30 23:17:00.211  1342  1410 I am_pss  : [19371,1001,com.qualcomm.qti.autoregistration,2246656,1642496]
05-30 23:17:00.231  1342  1410 I am_pss  : [19353,10087,com.android.smspush,4872192,4108288]
05-30 23:17:00.252  1342  1410 I am_pss  : [19291,10029,com.android.statementservice,2302976,1662976]
05-30 23:17:00.272  1342  1410 I am_pss  : [19225,1000,com.qualcomm.display,2263040,1675264]
05-30 23:17:00.292  1342  1410 I am_pss  : [18791,1000,com.miui.autotestutils,3241984,2605056]
05-30 23:17:00.313  1342  1410 I am_pss  : [18524,1000,com.qualcomm.qti.modemtestmode,2466816,1769472]
05-30 23:17:00.334  1342  1410 I am_pss  : [21805,1001,com.qualcomm.qcrilmsgtunnel,4638720,3928064]
05-30 23:17:00.355  1342  1410 I am_pss  : [13148,1000,org.simalliance.openmobileapi.service:remote,2256896,1617920]
05-30 23:17:00.378  1342  1410 I am_pss  : [22591,10021,com.android.browser,8735744,5693440]
05-30 23:17:00.400  1342  1410 I am_pss  : [20561,10103,com.miui.core,3070976,2404352]
05-30 23:17:00.426  1342  1410 I am_pss  : [20044,1000,com.miui.powerkeeper:service,19026944,17367040]
05-30 23:17:00.459  1342  1411 I am_proc_start: [0,26909,1002,com.xiaomi.bluetooth,service,com.xiaomi.bluetooth/com.android.bluetooth.ble.app.MiuiBleAppService]
05-30 23:17:00.460  1342  1410 I am_pss  : [20018,10101,com.sohu.inputmethod.sogou.xiaomi,55668736,51392512]
05-30 23:17:00.481  1342  1410 I am_pss  : [17052,1000,com.qti.service.colorservice,4102144,3457024]
05-30 23:17:00.496   440   440 I auditd  : avc:  denied  { find } for service=miui.whetstone scontext=u:r:bluetooth:s0 tcontext=u:object_r:system_app_service:s0 tclass=service_manager
05-30 23:17:00.499   440   440 I auditd  : avc:  denied  { find } for service=miui.whetstone scontext=u:r:bluetooth:s0 tcontext=u:object_r:system_app_service:s0 tclass=service_manager
05-30 23:17:00.503  1342  1380 I am_proc_bound: [0,26909,com.xiaomi.bluetooth]
05-30 23:17:00.509   440   440 I auditd  : avc:  denied  { find } for service=miui.whetstone scontext=u:r:bluetooth:s0 tcontext=u:object_r:system_app_service:s0 tclass=service_manager
05-30 23:17:00.513  1342  1410 I am_pss  : [2631,1001,com.android.phone,20068352,16916480]
05-30 23:17:00.538  1342  1410 I am_pss  : [2610,1000,com.qualcomm.qti.tetherservice,3971072,3334144]
05-30 23:17:00.558  1342  1410 I am_pss  : [2586,1000,com.quicinc.wbcserviceapp,3300352,2727936]
05-30 23:17:00.579  1342  1410 I am_pss  : [2568,1000,com.mi.AutoTest,3226624,2658304]
05-30 23:17:00.600  1342  1410 I am_pss  : [2551,1000,com.qualcomm.qti.carrierconfigure,3474432,2867200]
05-30 23:17:00.620  1342  1410 I am_pss  : [2530,1001,com.qualcomm.qti.loadcarrier,4145152,3547136]
05-30 23:17:00.623  1342 26067 I am_start_service: [1002,com.xiaomi.bluetooth,10103,com.miui.core,com.miui.core/com.miui.internal.server.CoreService,{act=android.intent.action.MAIN cmp=com.miui.core/com.miui.internal.server.CoreService}]
05-30 23:17:00.645  1342  1410 I am_pss  : [2517,9810,com.xiaomi.finddevice,8971264,7753728]
05-30 23:17:00.665  1342  1410 I am_pss  : [2503,1000,com.fingerprints.serviceext,3367936,2789376]
05-30 23:17:00.686  1342  1410 I am_pss  : [2487,1000,com.qti.dpmserviceapp,3827712,3112960]
05-30 23:17:00.706  1342  1410 I am_pss  : [2475,1000,com.qualcomm.qti.notificationservice,4210688,3612672]
05-30 23:17:00.727  1342  1410 I am_pss  : [2461,1000,com.quicinc.cne.CNEService,4523008,3801088]
05-30 23:17:00.751  1342  1410 I am_pss  : [2448,1000,com.miui.contentcatcher,5798912,4894720]
05-30 23:17:00.775  1342  1410 I am_pss  : [2362,1000,com.miui.daemon,21858304,20414464]
05-30 23:17:00.800  1342  1410 I am_pss  : [1931,1000,com.miui.whetstone,23956480,22421504]
05-30 23:17:00.825  1342  1410 I am_pss  : [1914,10094,com.xiaomi.xmsf,16241664,14733312]
05-30 23:17:00.890  1342  1410 I am_pss  : [1803,1000,com.android.systemui,54207488,49065984]
05-30 23:17:01.022  1342  1410 I am_pss  : [1342,1000,system,251052032,205107200]
05-30 23:17:05.085  1342  1924 I am_home_stack_moved: [0,0,144,144,intentActivityFound]
05-30 23:17:05.085  1342  1924 I wm_task_moved: [3446,1,0]
05-30 23:17:05.087  1342  1924 I am_home_stack_moved: [0,0,144,144,sourceStackToFront]
05-30 23:17:05.087  1342  1924 I wm_task_moved: [3446,1,0]
05-30 23:17:05.089  1342  1924 I am_create_activity: [0,41262244,3446,com.mm.lobster.mortgage/.MainActivity,android.intent.action.MAIN,NULL,NULL,270532608,NULL]
05-30 23:17:05.093  1342  1924 I am_pause_activity: [26584,68923363,com.mm.lobster.mortgage/.MainActivity]
05-30 23:17:05.094  1342  1924 I am_home_stack_moved: [0,0,144,144,startedActivity setFocusedActivity]
05-30 23:17:05.094 26584 26584 I am_on_paused_called: [0,com.mm.lobster.mortgage.MainActivity]
05-30 23:17:05.094  1342  1924 I wm_task_moved: [3446,1,0]
05-30 23:17:05.100  1342  1924 I am_focused_activity: [0,com.mm.lobster.mortgage/.MainActivity]
05-30 23:17:05.102  1342 14927 I am_restart_activity: [26584,41262244,3446,com.mm.lobster.mortgage/.MainActivity,NULL]
05-30 23:17:05.131  1342  1410 I am_pss  : [26772,10057,com.miui.hybrid,21016576,12435456]
05-30 23:17:05.240  1342 15367 I am_proc_died: [0,13148,org.simalliance.openmobileapi.service:remote,15,10]
05-30 23:17:05.242  1342 15367 I am_schedule_service_restart: [0,org.simalliance.openmobileapi.service/.SmartcardService,15204]
05-30 23:17:05.267  1342  2287 I am_proc_died: [0,18524,com.qualcomm.qti.modemtestmode,15,10]
05-30 23:17:05.267   647 17559 I [30200] : 21348&10104&0
05-30 23:17:05.272  1342  2287 I am_schedule_service_restart: [0,com.qualcomm.qti.modemtestmode/.MbnSystemService,25175]
05-30 23:17:05.274  1342  2695 I am_proc_died: [0,21348,com.jeejen.family.miui:msgcenter,15,10]
05-30 23:17:05.280  1342  2695 I am_schedule_service_restart: [0,com.jeejen.family.miui/com.jeejen.message.center.DaemonService,12849266]
05-30 23:17:05.298 26584 26584 I am_on_resume_called: [0,com.mm.lobster.mortgage.MainActivity]
05-30 23:17:05.311  1342  8273 I am_proc_died: [0,19225,com.qualcomm.display,15,10]
05-30 23:17:05.314   647  1715 I [30200] : 19405&10104&0
05-30 23:17:05.316  1342  8273 I am_schedule_service_restart: [0,com.qualcomm.cabl/.CABLService,35131]
05-30 23:17:05.317  1342  8273 I am_schedule_service_restart: [0,com.qualcomm.svi/.SVIService,45130]
05-30 23:17:05.319  1342  2695 I am_proc_died: [0,19371,com.qualcomm.qti.autoregistration,15,10]
05-30 23:17:05.321  1342  2695 I am_schedule_service_restart: [0,com.qualcomm.qti.autoregistration/.RegistrationService,55126]
05-30 23:17:05.322  1342  2675 I am_proc_died: [0,19405,com.jeejen.family.miui:monitor,15,10]
05-30 23:17:05.328  1342  2675 I am_schedule_service_restart: [0,com.jeejen.family.miui/com.jeejen.home.launcher.services.LauncherService,65119]
05-30 23:17:05.330  1342  2561 I am_proc_died: [0,19291,com.android.statementservice,15,10]
05-30 23:17:05.332  1342  2561 I am_schedule_service_restart: [0,com.android.statementservice/.DirectStatementService,75115]
05-30 23:17:05.406  1342  2290 I am_home_stack_moved: [0,0,144,144,intentActivityFound]
05-30 23:17:05.406  1342  2290 I wm_task_moved: [3446,1,0]
05-30 23:17:05.412  1342  2290 I am_home_stack_moved: [0,0,144,144,sourceStackToFront]
05-30 23:17:05.412  1342  2290 I wm_task_moved: [3446,1,0]
05-30 23:17:05.415  1342  2290 I am_create_activity: [0,115542537,3446,com.mm.lobster.mortgage/.MainActivity,android.intent.action.MAIN,NULL,NULL,270532608,NULL]
05-30 23:17:05.420  1342  2290 I am_pause_activity: [26584,41262244,com.mm.lobster.mortgage/.MainActivity]
05-30 23:17:05.422  1342  2290 I am_home_stack_moved: [0,0,144,144,startedActivity setFocusedActivity]
05-30 23:17:05.422  1342  2290 I wm_task_moved: [3446,1,0]
05-30 23:17:05.426  1342  2290 I am_focused_activity: [0,com.mm.lobster.mortgage/.MainActivity]
05-30 23:17:05.712 26584 26584 I am_on_paused_called: [0,com.mm.lobster.mortgage.MainActivity]
05-30 23:17:05.715  1342  2291 I am_restart_activity: [26584,115542537,3446,com.mm.lobster.mortgage/.MainActivity,NULL]
05-30 23:17:05.738  1342  2531 I am_home_stack_moved: [0,0,144,144,intentActivityFound]
05-30 23:17:05.738  1342  2531 I wm_task_moved: [3446,1,0]
05-30 23:17:05.741  1342  2531 I am_home_stack_moved: [0,0,144,144,sourceStackToFront]
05-30 23:17:05.743  1342  2531 I wm_task_moved: [3446,1,0]
05-30 23:17:05.746  1342  2531 I am_create_activity: [0,122543164,3446,com.mm.lobster.mortgage/.MainActivity,android.intent.action.MAIN,NULL,NULL,270532608,NULL]
05-30 23:17:05.748  1342  2531 I am_pause_activity: [26584,115542537,com.mm.lobster.mortgage/.MainActivity]
05-30 23:17:05.750  1342  2531 I am_home_stack_moved: [0,0,144,144,startedActivity setFocusedActivity]
05-30 23:17:05.750  1342  2531 I wm_task_moved: [3446,1,0]
05-30 23:17:05.752  1342  2531 I am_focused_activity: [0,com.mm.lobster.mortgage/.MainActivity]
05-30 23:17:05.954  1342 15369 I am_crash: [26584,0,com.mm.lobster.mortgage,954777156,java.lang.OutOfMemoryError,Failed to allocate a 33177612 byte allocation with 16770240 free bytes and 25MB until OOM,VMRuntime.java,-2]
05-30 23:17:06.022  1342  5241 I am_bind_service: [1000,system,10103,com.miui.core,com.miui.core/com.miui.internal.server.CoreService,{act=com.miui.internal.action.BIND_SERVICE pkg=com.miui.core}]
05-30 23:17:06.256  1342  1411 I am_restart_activity: [26584,122543164,3446,com.mm.lobster.mortgage/.MainActivity,NULL]
05-30 23:17:08.965  1342  2291 I am_kill : [0,26584,com.mm.lobster.mortgage,0,stop com.mm.lobster.mortgage: from process:26958]
05-30 23:17:08.967  1342  2291 I am_focused_activity: [-1,NULL]
05-30 23:17:08.967  1342  2291 I am_finish_activity: [0,41262244,3446,com.mm.lobster.mortgage/.MainActivity,proc died without state saved]
05-30 23:17:08.969  1342  2291 I am_finish_activity: [0,68923363,3446,com.mm.lobster.mortgage/.MainActivity,proc died without state saved]
05-30 23:17:08.988  1342  2291 I am_proc_start: [0,26967,10480,com.mm.lobster.mortgage,activity,com.mm.lobster.mortgage/.MainActivity]
05-30 23:17:08.994  1342  2291 I am_finish_activity: [0,14097132,3446,com.mm.lobster.mortgage/.MainActivity,force-stop]
05-30 23:17:08.995  1342  2291 I am_home_stack_moved: [0,0,144,144,finishActivity adjustFocus setFocusedActivity]
05-30 23:17:08.995  1342  2291 I wm_task_moved: [3446,1,0]
05-30 23:17:08.997  1342  2291 I am_focused_activity: [0,com.mm.lobster.mortgage/.MainActivity]
05-30 23:17:08.998  1342  2291 I am_finish_activity: [0,208237606,3446,com.mm.lobster.mortgage/.MainActivity,force-stop]
05-30 23:17:09.002  1342  2291 I am_finish_activity: [0,249022126,3446,com.mm.lobster.mortgage/.MainActivity,force-stop]
05-30 23:17:09.003  1342  2291 I am_finish_activity: [0,115542537,3446,com.mm.lobster.mortgage/.MainActivity,force-stop]
05-30 23:17:09.005  1342  2291 I am_finish_activity: [0,122543164,3446,com.mm.lobster.mortgage/.MainActivity,force-stop]
05-30 23:17:09.014  1342  2291 I am_home_stack_moved: [0,0,144,144,startingNewTask]
05-30 23:17:09.014  1342  2291 I wm_task_moved: [3446,1,0]
05-30 23:17:09.020  1342  2291 I am_create_task: [0,3447]
05-30 23:17:09.020  1342  2291 I am_create_activity: [0,172678093,3447,android/com.android.internal.app.ResolverActivity,android.intent.action.MAIN,NULL,NULL,276824064,NULL]
05-30 23:17:09.021  1342  2291 I wm_task_created: [3447,144]
05-30 23:17:09.021  1342  2291 I wm_task_moved: [3447,1,1]
05-30 23:17:09.021  1342  2291 I am_home_stack_moved: [0,0,144,144,startedActivity setFocusedActivity]
05-30 23:17:09.021  1342  2291 I wm_task_moved: [3447,1,1]
05-30 23:17:09.023  1342  2291 I am_focused_activity: [0,android/com.android.internal.app.ResolverActivity]
05-30 23:17:09.028  1342  2291 I am_restart_activity: [19269,172678093,3447,android/com.android.internal.app.ResolverActivity,NULL]
05-30 23:17:09.033  1342  1411 I am_destroy_activity: [0,14097132,3446,com.mm.lobster.mortgage/.MainActivity,finish-idle]
05-30 23:17:09.036  1342  1411 I am_destroy_activity: [0,208237606,3446,com.mm.lobster.mortgage/.MainActivity,finish-idle]
05-30 23:17:09.038  1342  1411 I am_destroy_activity: [0,249022126,3446,com.mm.lobster.mortgage/.MainActivity,finish-idle]
05-30 23:17:09.039  1342  1411 I am_destroy_activity: [0,115542537,3446,com.mm.lobster.mortgage/.MainActivity,finish-idle]
05-30 23:17:09.040  1342  1411 I am_destroy_activity: [0,122543164,3446,com.mm.lobster.mortgage/.MainActivity,finish-idle]
05-30 23:17:09.050  1342  1342 I notification_cancel_all: [1000,1342,com.mm.lobster.mortgage,0,0,0,5,NULL]
05-30 23:17:09.057  1342  2290 I am_proc_bound: [0,26967,com.mm.lobster.mortgage]
05-30 23:17:09.168   441   441 I sf_frame_dur: [com.mm.lobster.mortgage/com.mm.lobster.mortgage.MainActivity,52,19,2,1,1,0,4]
05-30 23:17:09.168   441   441 I sf_frame_dur: [com.mm.lobster.mortgage/com.mm.lobster.mortgage.MainActivity,82,5,5,5,5,0,6]
05-30 23:17:09.168   441   441 I sf_frame_dur: [com.mm.lobster.mortgage/com.mm.lobster.mortgage.MainActivity,65,3,1,0,1,0,2]
05-30 23:17:09.184   441   441 I sf_frame_dur: [com.mm.lobster.mortgage/com.mm.lobster.mortgage.MainActivity,85,4,1,1,8,4,0]
05-30 23:17:09.198 19269 19269 I am_on_resume_called: [0,com.android.internal.app.ResolverActivity]
05-30 23:17:09.240  1342  1442 I [30088] : [0,172678093,android/com.android.internal.app.ResolverActivity,216,4140,19269]
05-30 23:17:09.240  1342  1442 I am_activity_launch_time: [0,172678093,android/com.android.internal.app.ResolverActivity,216,4140]
05-30 23:17:09.255  1342  1442 I wm_task_removed: [3446,removeAppToken: last token]
05-30 23:17:09.255  1342  1442 I wm_task_removed: [3446,removeTask]
05-30 23:17:09.267   441   441 I sf_frame_dur: [com.mm.lobster.mortgage/com.mm.lobster.mortgage.MainActivity,1,0,0,0,0,0,0]
05-30 23:17:09.538  1342  2583 I am_get_provider: [10480,com.mm.lobster.mortgage,1000,system,com.android.providers.settings/.SettingsProvider]
05-30 23:17:09.946  1342  1411 I am_kill : [0,26967,com.mm.lobster.mortgage,9,stop com.mm.lobster.mortgage: uninstall pkg]
05-30 23:17:10.459  1342  1411 I am_proc_start: [0,27012,10045,com.miui.cloudservice:pushservice,service,com.miui.cloudservice/com.xiaomi.push.service.XMPushService]
05-30 23:17:10.494  1342  1925 I am_proc_bound: [0,27012,com.miui.cloudservice:pushservice]
05-30 23:17:10.575  1342  1461 I am_start_service: [-1,NULL,10007,com.android.defcontainer,com.android.defcontainer/.DefaultContainerService,{act=android.content.pm.CLEAN_EXTERNAL_STORAGE cmp=com.android.defcontainer/.DefaultContainerService}]
05-30 23:17:10.581  1803  1803 I force_gc: bg
05-30 23:17:10.593 18885 18885 I force_gc: bg
05-30 23:17:10.599 26404 26404 I force_gc: bg
05-30 23:17:10.632  1342  1691 I netstats_mobile_sample: [0,0,0,0,0,0,0,0,0,0,0,0,1527693429714]
05-30 23:17:10.632  1342  1691 I netstats_wifi_sample: [56941094,208873,21081673,137404,53927743,101947,19951293,141801,44448561,66044,20377696,150164,1527693429714]
05-30 23:17:10.653  1342  1342 I notification_cancel_all: [1000,1342,com.mm.lobster.mortgage,0,0,0,5,NULL]
05-30 23:17:10.671  1342  1410 I am_bind_service: [1000,system,10032,com.miui.personalassistant,com.miui.personalassistant/.services.quickstart.QuickStartAccessibilityService,{cmp=com.miui.personalassistant/.services.quickstart.QuickStartAccessibilityService}]
05-30 23:17:10.674  1342  2615 I am_start_service: [10003,android.process.acore,10003,android.process.acore,com.android.providers.contacts/.VoicemailCleanupService,{act=android.intent.action.PACKAGE_REMOVED dat=package:com.mm.lobster.mortgage cmp=com.android.providers.contacts/.VoicemailCleanupService}]
05-30 23:17:10.738  1342 17298 I am_start_service: [10036,com.xiaomi.providers.appindex,10036,com.xiaomi.providers.appindex,com.xiaomi.providers.appindex/.PackageChangeService,{act=android.intent.action.PACKAGE_REMOVED dat=package:com.mm.lobster.mortgage flg=0x4000010 cmp=com.xiaomi.providers.appindex/.PackageChangeService}]
05-30 23:17:10.743  1342  2289 I am_start_service: [10045,com.miui.cloudservice,10045,com.miui.cloudservice,com.miui.cloudservice/.push.MicloudPushService,{act=android.intent.action.PACKAGE_REMOVED dat=package:com.mm.lobster.mortgage flg=0x4000010 pkg=com.miui.cloudservice cmp=com.miui.cloudservice/.push.MicloudPushService}]
05-30 23:17:10.750  1342  2563 I am_start_service: [10067,com.xiaomi.gamecenter,10067,com.xiaomi.gamecenter,com.xiaomi.gamecenter/.service.GlobalService,{act=android.intent.action.PACKAGE_REMOVED dat=package:com.mm.lobster.mortgage flg=0x4000010 cmp=com.xiaomi.gamecenter/.service.GlobalService}]
05-30 23:17:10.764  1342 14927 I am_proc_start: [0,27038,1000,com.android.keychain,broadcast,com.android.keychain/.KeyChainBroadcastReceiver]
05-30 23:17:10.764  1342 14927 I am_broadcast_wake_app: [1000,NULL,android.intent.action.PACKAGE_REMOVED,1000,{com.android.keychain/com.android.keychain.KeyChainBroadcastReceiver}]
05-30 23:17:10.799  1342  2583 I am_proc_bound: [0,27038,com.android.keychain]
05-30 23:17:10.836  1342  2291 I am_start_service: [1000,com.android.keychain,1000,com.android.keychain,com.android.keychain/.KeyChainService,{act=android.intent.action.PACKAGE_REMOVED dat=package:com.mm.lobster.mortgage flg=0x4000010 cmp=com.android.keychain/.KeyChainService}]
05-30 23:17:10.862  1342  2645 I am_start_service: [10094,com.xiaomi.xmsf,10094,com.xiaomi.xmsf,com.xiaomi.xmsf/com.xiaomi.push.service.XMPushService,{act=com.xiaomi.xmsf.push.UNINSTALL cmp=com.xiaomi.xmsf/com.xiaomi.push.service.XMPushService}]
05-30 23:17:10.887  1342  2583 I am_proc_start: [0,27065,10096,com.xiaomi.simactivate.service,service,com.xiaomi.simactivate.service/com.xiaomi.activate.ActivateService]
05-30 23:17:10.887  1342  2583 I am_bind_service: [10045,com.miui.cloudservice:pushservice,10096,com.xiaomi.simactivate.service,com.xiaomi.simactivate.service/com.xiaomi.activate.ActivateService,{act=com.xiaomi.simactivate.service.action.BIND pkg=com.xiaomi.simactivate.service}]
05-30 23:17:10.919  1342  1342 I am_proc_start: [0,27081,10044,com.android.documentsui,broadcast,com.android.documentsui/.PackageReceiver]
05-30 23:17:10.920  1342  1342 I am_broadcast_wake_app: [1000,NULL,android.intent.action.PACKAGE_FULLY_REMOVED,10044,{com.android.documentsui/com.android.documentsui.PackageReceiver}]
05-30 23:17:10.922  1342  2326 I am_proc_bound: [0,27065,com.xiaomi.simactivate.service]
05-30 23:17:10.956  1342  2291 I am_proc_bound: [0,27081,com.android.documentsui]
05-30 23:17:11.062  1342  1925 I am_get_provider: [10044,com.android.documentsui,10009,android.process.media,com.android.providers.downloads/.provider.DownloadStorageProvider]
05-30 23:17:11.133  1342  1411 I am_proc_start: [0,27102,10019,com.android.mms,broadcast,com.android.mms/com.xiaomi.mms.transaction.MxPushMessageReceiver]
05-30 23:17:11.133  1342  1411 I am_broadcast_wake_app: [10045,com.miui.cloudservice,com.xiaomi.push.service_started,10019,{com.android.mms/com.xiaomi.mms.transaction.MxPushMessageReceiver}]
05-30 23:17:11.139  1342  1995 I am_get_provider: [10096,com.xiaomi.simactivate.service,1000,system,com.android.providers.settings/.SettingsProvider]
05-30 23:17:11.184  1342  1378 I am_proc_start: [0,27118,10011,com.android.externalstorage,content provider,com.android.externalstorage/.ExternalStorageProvider]
05-30 23:17:11.184  1342  1378 I am_get_provider: [10044,com.android.documentsui,10011,com.android.externalstorage,com.android.externalstorage/.ExternalStorageProvider]
05-30 23:17:11.186  1342  1924 I am_start_service: [10045,com.miui.cloudservice:pushservice,10103,com.miui.core,com.miui.core/com.miui.internal.server.CoreService,{act=android.intent.action.MAIN cmp=com.miui.core/com.miui.internal.server.CoreService}]
05-30 23:17:11.207  1342  2520 I am_proc_bound: [0,27102,com.android.mms]
05-30 23:17:11.239  1342  2621 I am_start_service: [10096,com.xiaomi.simactivate.service,10103,com.miui.core,com.miui.core/com.miui.internal.server.CoreService,{act=android.intent.action.MAIN cmp=com.miui.core/com.miui.internal.server.CoreService}]
05-30 23:17:11.254  1342  1866 I am_proc_bound: [0,27118,com.android.externalstorage]
05-30 23:17:11.259  1342  1866 I am_kill : [0,26368,com.svox.pico,15,empty #17]
05-30 23:17:11.289  1342  2695 I am_kill : [0,26772,com.miui.hybrid,15,empty #17]
05-30 23:17:11.297  1342 17298 I am_bind_service: [10045,com.miui.cloudservice:pushservice,10096,com.xiaomi.simactivate.service,com.xiaomi.simactivate.service/com.xiaomi.activate.ActivateService,{act=com.xiaomi.simactivate.service.action.BIND pkg=com.xiaomi.simactivate.service}]
05-30 23:17:11.321  1342 14927 I am_proc_died: [0,26368,com.svox.pico,15,16]
05-30 23:17:11.351  1342  1995 I am_proc_died: [0,26772,com.miui.hybrid,15,16]
05-30 23:17:11.356  1342  2675 I am_get_provider: [10044,com.android.documentsui,10009,android.process.media,com.android.providers.media/.MediaDocumentsProvider]
05-30 23:17:11.398  1342  2645 I am_proc_start: [0,27141,2000,com.android.shell,content provider,com.android.shell/.BugreportStorageProvider]
05-30 23:17:11.398  1342  2645 I am_get_provider: [10044,com.android.documentsui,2000,com.android.shell,com.android.shell/.BugreportStorageProvider]
05-30 23:17:11.447  1342  2290 I am_proc_bound: [0,27141,com.android.shell]
05-30 23:17:11.452  1342  2290 I am_kill : [0,26717,com.miui.securitycore.remote,15,empty #17]
05-30 23:17:11.480  1342  2507 I am_proc_died: [0,26717,com.miui.securitycore.remote,15,16]
05-30 23:17:11.562  1342  2563 I am_get_provider: [10044,com.android.documentsui,10011,com.android.externalstorage,com.android.externalstorage/.ExternalStorageProvider]
05-30 23:17:11.809  1342  1925 I am_get_provider: [10019,com.android.mms,1001,com.android.phone,com.android.providers.telephony/.MmsSmsProvider]
05-30 23:17:11.847  1342  1866 I am_bind_service: [10019,com.android.mms,10096,com.xiaomi.simactivate.service,com.xiaomi.simactivate.service/com.xiaomi.activate.ActivateService,{act=com.xiaomi.simactivate.service.action.BIND pkg=com.xiaomi.simactivate.service}]
05-30 23:17:11.881  1342  2583 I am_kill : [0,26296,com.android.defcontainer,15,empty #17]
05-30 23:17:11.888  1342  2520 I am_start_service: [10019,com.android.mms,10103,com.miui.core,com.miui.core/com.miui.internal.server.CoreService,{act=android.intent.action.MAIN cmp=com.miui.core/com.miui.internal.server.CoreService}]
05-30 23:17:11.889  1342  2583 I am_start_service: [10045,com.miui.cloudservice,10045,com.miui.cloudservice,com.miui.cloudservice/.push.MicloudPushService,{act=com.xiaomi.push.service_started flg=0x10 pkg=com.miui.cloudservice cmp=com.miui.cloudservice/.push.MicloudPushService}]
05-30 23:17:11.910  1342  2645 I am_get_provider: [10019,com.android.mms,1000,system,com.android.providers.settings/.SettingsProvider]
05-30 23:17:11.940  1342  1924 I am_bind_service: [10019,com.android.mms,10096,com.xiaomi.simactivate.service,com.xiaomi.simactivate.service/com.xiaomi.activate.ActivateService,{act=com.xiaomi.simactivate.service.action.BIND pkg=com.xiaomi.simactivate.service}]
05-30 23:17:11.964  1342  8273 I am_get_provider: [10019,com.android.mms,1001,com.android.phone,com.android.providers.telephony/.SmsProvider]
05-30 23:17:12.000  1342  2621 I am_proc_died: [0,26296,com.android.defcontainer,15,16]
05-30 23:17:12.041  1342  8273 I am_bind_service: [10019,com.android.mms,10096,com.xiaomi.simactivate.service,com.xiaomi.simactivate.service/com.xiaomi.activate.ActivateService,{act=com.xiaomi.simactivate.service.action.BIND pkg=com.xiaomi.simactivate.service}]
05-30 23:17:12.102  1342  2695 I am_bind_service: [10019,com.android.mms,10096,com.xiaomi.simactivate.service,com.xiaomi.simactivate.service/com.xiaomi.activate.ActivateService,{act=com.xiaomi.simactivate.service.action.BIND pkg=com.xiaomi.simactivate.service}]
05-30 23:17:14.500  1342  2589 I am_start_service: [10019,com.android.mms,10094,com.xiaomi.xmsf,com.xiaomi.xmsf/com.xiaomi.push.service.XMPushService,{pkg=com.xiaomi.xmsf cmp=com.xiaomi.xmsf/com.xiaomi.push.service.XMPushService}]
05-30 23:17:14.545  1342  1378 I am_start_service: [10019,com.android.mms,10094,com.xiaomi.xmsf,com.xiaomi.xmsf/com.xiaomi.push.service.XMPushService,{act=com.xiaomi.mipush.SEND_MESSAGE pkg=com.xiaomi.xmsf cmp=com.xiaomi.xmsf/com.xiaomi.push.service.XMPushService}]
05-30 23:17:14.574  1342  2520 I am_start_service: [10019,com.android.mms,10019,com.android.mms,com.android.mms/com.xiaomi.mms.transaction.MxMessageTrackService,{act=com.xiaomi.mms.mx.ACTION_START_TRACK pkg=com.android.mms}]
05-30 23:17:14.602  1342  2695 I am_proc_start: [0,27183,1000,com.miui.sysbase,content provider,com.miui.sysbase/.fakecell.MetokProvider]
05-30 23:17:14.602  1342  2695 I am_get_provider: [10019,com.android.mms,1000,com.miui.sysbase,com.miui.sysbase/.fakecell.MetokProvider]
05-30 23:17:14.603  1342  2675 I am_get_provider: [10019,com.android.mms,1001,com.android.phone,com.android.providers.telephony/.SmsProvider]
05-30 23:17:14.608  1342  2289 I am_start_service: [10019,com.android.mms,10019,com.android.mms,com.android.mms/com.xiaomi.mipush.sdk.PushMessageHandler,{act=com.xiaomi.mipush.RECEIVE_MESSAGE cmp=com.android.mms/com.xiaomi.mipush.sdk.PushMessageHandler}]
05-30 23:17:14.618  1342  2615 I am_start_service: [10019,com.android.mms,10094,com.xiaomi.xmsf,com.xiaomi.xmsf/com.xiaomi.push.service.XMPushService,{pkg=com.xiaomi.xmsf cmp=com.xiaomi.xmsf/com.xiaomi.push.service.XMPushService}]
05-30 23:17:14.623  1342  2326 I am_get_provider: [10019,com.android.mms,1001,com.android.phone,com.android.providers.telephony/.MmsProvider]
05-30 23:17:14.638  1342  2291 I am_start_service: [10019,com.android.mms,10094,com.xiaomi.xmsf,com.xiaomi.xmsf/com.xiaomi.push.service.XMPushService,{act=com.xiaomi.mipush.SEND_MESSAGE pkg=com.xiaomi.xmsf cmp=com.xiaomi.xmsf/com.xiaomi.push.service.XMPushService}]
05-30 23:17:14.648  1342  2520 I am_start_service: [10019,com.android.mms,10094,com.xiaomi.xmsf,com.xiaomi.xmsf/com.xiaomi.push.service.XMPushService,{act=com.xiaomi.mipush.SEND_MESSAGE pkg=com.xiaomi.xmsf cmp=com.xiaomi.xmsf/com.xiaomi.push.service.XMPushService}]
05-30 23:17:14.663  1342 26067 I am_start_service: [10019,com.android.mms,10094,com.xiaomi.xmsf,com.xiaomi.xmsf/com.xiaomi.push.service.XMPushService,{act=com.xiaomi.mipush.SEND_MESSAGE pkg=com.xiaomi.xmsf cmp=com.xiaomi.xmsf/com.xiaomi.push.service.XMPushService}]
05-30 23:17:14.677  1342 14927 I am_proc_bound: [0,27183,com.miui.sysbase]
05-30 23:17:14.682  1342 14927 I am_kill : [0,26319,android.process.acore,15,empty #17]
05-30 23:17:14.718  1342  1378 I am_proc_died: [0,26319,android.process.acore,15,16]
05-30 23:17:14.779  1342 17298 I am_start_service: [1000,com.miui.sysbase,10103,com.miui.core,com.miui.core/com.miui.internal.server.CoreService,{act=android.intent.action.MAIN cmp=com.miui.core/com.miui.internal.server.CoreService}]
05-30 23:17:14.823  1342  1924 I am_get_provider: [10019,com.android.mms,1001,com.android.phone,com.android.providers.telephony/.SmsProvider]
05-30 23:17:14.834  1342  2291 I am_get_provider: [10019,com.android.mms,1001,com.android.phone,com.android.providers.telephony/.MmsProvider]
05-30 23:17:14.851  1342  2645 I am_get_provider: [10019,com.android.mms,1001,com.android.phone,com.android.providers.telephony/.MmsSmsProvider]
05-30 23:17:14.867  1342  2621 I am_get_provider: [10019,com.android.mms,1001,com.android.phone,com.android.providers.telephony/.MmsSmsProvider]
05-30 23:17:16.040  1342  2675 I am_get_provider: [10045,com.miui.cloudservice:pushservice,1000,system,com.android.providers.settings/.SettingsProvider]
05-30 23:17:20.492  1342  1411 I am_proc_start: [0,27208,1000,org.simalliance.openmobileapi.service:remote,service,org.simalliance.openmobileapi.service/.SmartcardService]
05-30 23:17:20.557  1342  1378 I am_proc_bound: [0,27208,org.simalliance.openmobileapi.service:remote]
05-30 23:17:20.591  1342  1410 I am_pss  : [19269,1000,system:ui,11798528,9732096]
05-30 23:17:20.624  1342  1410 I am_pss  : [22202,10056,com.xiaomi.metoknlp,9670656,8491008]
05-30 23:17:20.660  1342  1410 I am_pss  : [3630,1002,com.android.bluetooth,12060672,7303168]
05-30 23:17:20.688  1342  1410 I am_pss  : [18414,10045,com.miui.cloudservice,9895936,8478720]
05-30 23:17:20.714  1342  1410 I am_pss  : [18571,10037,com.miui.analytics,20168704,19058688]
05-30 23:17:20.737  1342  1410 I am_pss  : [18665,10084,com.miui.systemAdSolution,8622080,7639040]
05-30 23:17:20.762  1342  1410 I am_pss  : [21362,10104,com.jeejen.family.miui,25121792,19312640]
05-30 23:17:20.784  1342  1410 I am_pss  : [26909,1002,com.xiaomi.bluetooth,4236288,3473408]
05-30 23:17:20.804  1342  1410 I am_pss  : [19571,10040,com.qualcomm.qti.accesscache,4788224,4124672]
05-30 23:17:20.824  1342  1410 I am_pss  : [19353,10087,com.android.smspush,4776960,4108288]
05-30 23:17:20.845  1342  1410 I am_pss  : [18791,1000,com.miui.autotestutils,3073024,2424832]
05-30 23:17:20.866  1342  1410 I am_pss  : [21805,1001,com.qualcomm.qcrilmsgtunnel,4544512,3874816]
05-30 23:17:20.889  1342  1410 I am_pss  : [22591,10021,com.android.browser,10417152,5693440]
05-30 23:17:20.915  1342  1410 I am_pss  : [20044,1000,com.miui.powerkeeper:service,19146752,17711104]
05-30 23:17:20.949  1342  1410 I am_pss  : [20018,10101,com.sohu.inputmethod.sogou.xiaomi,54453248,50380800]
05-30 23:17:20.970  1342  1410 I am_pss  : [17052,1000,com.qti.service.colorservice,4067328,3452928]
05-30 23:17:30.472  1342  1411 I am_proc_start: [0,27232,1000,com.qualcomm.qti.modemtestmode,service,com.qualcomm.qti.modemtestmode/.MbnSystemService]
05-30 23:17:30.535  1342  2615 I am_proc_bound: [0,27232,com.qualcomm.qti.modemtestmode]
05-30 23:17:30.576  1342  1410 I am_pss  : [18885,10030,com.android.quicksearchbox,17063936,11067392]
05-30 23:17:30.601  1342 26067 I am_start_service: [1000,com.qualcomm.qti.modemtestmode,1001,com.qualcomm.qcrilmsgtunnel,com.qualcomm.qcrilmsgtunnel/.QcrilMsgTunnelService,{cmp=com.qualcomm.qcrilmsgtunnel/.QcrilMsgTunnelService}]
05-30 23:17:30.605  1342  1410 I am_pss  : [27012,10045,com.miui.cloudservice:pushservice,11321344,10035200]
05-30 23:17:30.606  1342  1380 I am_bind_service: [1000,com.qualcomm.qti.modemtestmode,1001,com.qualcomm.qcrilmsgtunnel,com.qualcomm.qcrilmsgtunnel/.QcrilMsgTunnelService,{cmp=com.qualcomm.qcrilmsgtunnel/.QcrilMsgTunnelService}]
05-30 23:17:30.620  1342  1866 I am_bind_service: [1000,com.qualcomm.qti.modemtestmode,1000,com.android.phone,com.qualcomm.qti.modemtestmode/.MbnTestService,{cmp=com.qualcomm.qti.modemtestmode/.MbnTestService}]
05-30 23:17:30.630  1342  1410 I am_pss  : [20561,10103,com.miui.core,4469760,3821568]
05-30 23:17:40.469  1342  1411 I am_proc_start: [0,27248,1000,com.qualcomm.display,service,com.qualcomm.cabl/.CABLService]
05-30 23:17:40.532  1342  2507 I am_proc_bound: [0,27248,com.qualcomm.display]
05-30 23:17:40.576  1342  1410 I am_pss  : [18831,10032,com.miui.personalassistant,11534336,5562368]
05-30 23:17:40.611  1342  1410 I am_pss  : [19863,10001,com.lbe.security.miui,13437952,12537856]
05-30 23:17:59.825  1342  1342 I free_storage_changed: 5360513024
05-30 23:18:00.041  1342  1410 I am_pss  : [27232,1000,com.qualcomm.qti.modemtestmode,3496960,2740224]
05-30 23:18:00.074  1342  1410 I am_pss  : [27208,1000,org.simalliance.openmobileapi.service:remote,4773888,4083712]
05-30 23:18:00.104  1342  1410 I am_pss  : [27183,1000,com.miui.sysbase,5455872,4718592]
05-30 23:18:00.138  1342  1410 I am_pss  : [27102,10019,com.android.mms,18371584,16609280]
05-30 23:18:00.167  1342  1410 I am_pss  : [27065,10096,com.xiaomi.simactivate.service,6992896,5992448]
05-30 23:18:00.193  1342  1410 I am_pss  : [27141,2000,com.android.shell,5082112,4395008]
05-30 23:18:00.215  1342  1410 I am_pss  : [27118,10011,com.android.externalstorage,4853760,4153344]
05-30 23:18:00.243  1342  1410 I am_pss  : [16473,10009,android.process.media,8640512,7573504]
05-30 23:18:00.264  1342  1410 I am_pss  : [27081,10044,com.android.documentsui,5872640,5111808]
05-30 23:18:00.284  1342  1410 I am_pss  : [27038,1000,com.android.keychain,4379648,3661824]
05-30 23:18:00.308  1342  1410 I am_pss  : [26404,10067,com.xiaomi.gamecenter,9637888,8540160]
05-30 23:18:00.328  1342  1410 I am_pss  : [26388,10036,com.xiaomi.providers.appindex,4186112,3588096]
05-30 23:18:00.466  1342  1411 I am_proc_start: [0,27267,1001,com.qualcomm.qti.autoregistration,service,com.qualcomm.qti.autoregistration/.RegistrationService]
05-30 23:18:00.529  1342  1995 I am_proc_bound: [0,27267,com.qualcomm.qti.autoregistration]
[logcat: 0.160s elapsed]

