05-30 21:58:09.955  1342  2583 I am_home_stack_moved: [0,0,144,144,startedActivity setFocusedActivity]
05-30 21:58:09.955  1342  2583 I wm_task_moved: [3427,1,1]
05-30 21:58:09.960  1342  2583 I am_focused_activity: [0,com.miui.securitycenter/com.miui.permcenter.install.AdbInstallActivity]
05-30 21:58:09.969  1342 26067 I am_restart_activity: [23034,254688714,3427,com.miui.securitycenter/com.miui.permcenter.install.AdbInstallActivity,pm]
05-30 21:58:09.977  1342  2520 I am_get_provider: [1000,com.miui.securitycenter,10048,com.miui.guardprovider,com.miui.guardprovider/.GuardProvider]
05-30 21:58:09.998  1342  2290 I am_finish_activity: [23034,254688714,3427,com.miui.securitycenter/com.miui.permcenter.install.AdbInstallActivity,app-request]
05-30 21:58:09.998  1342  2290 I am_home_stack_moved: [0,0,144,144,finishActivity adjustFocus setFocusedActivity]
05-30 21:58:09.998  1342  2290 I wm_task_moved: [3427,1,1]
05-30 21:58:10.000  1342  2290 I am_focused_activity: [0,android/com.android.internal.app.ResolverActivity]
05-30 21:58:10.001  1342  2290 I am_pause_activity: [23034,254688714,com.miui.securitycenter/com.miui.permcenter.install.AdbInstallActivity]
05-30 21:58:10.013  1342  2561 I am_resume_activity: [19269,238813879,3425,android/com.android.internal.app.ResolverActivity,NULL]
05-30 21:58:10.014 19269 19269 I am_on_resume_called: [0,com.android.internal.app.ResolverActivity]
05-30 21:58:10.020  1342  2287 I am_destroy_activity: [23034,254688714,3427,com.miui.securitycenter/com.miui.permcenter.install.AdbInstallActivity,finish-idle]
05-30 21:58:10.023  1342  2291 I wm_task_removed: [3427,removeAppToken: last token]
05-30 21:58:10.023  1342  2291 I wm_task_removed: [3427,removeTask]
05-30 21:58:10.029  1342  1461 I am_bind_service: [1000,system,10007,com.android.defcontainer,com.android.defcontainer/.DefaultContainerService,{cmp=com.android.defcontainer/.DefaultContainerService}]
05-30 21:58:15.187  1342  1410 I dvm_lock_sample: [system_server,0,android.bg,661,Settings.java,4600,PackageManagerService.java,12692,0]
05-30 21:58:15.742  1342  1461 I unknown_sources_enabled: 1
05-30 21:58:16.041  1342  1342 I notification_cancel_all: [1000,1342,com.yuyoogame.ameng.puzzle3.sub1,0,0,0,5,NULL]
05-30 21:58:16.064 23185 23185 I force_gc: bg
05-30 21:58:16.065 18885 18885 I force_gc: bg
05-30 21:58:16.173  1342  1342 I notification_cancel_all: [1000,1342,com.yuyoogame.ameng.puzzle3.sub1,0,0,0,5,NULL]
05-30 21:58:16.290  1342  2563 I am_start_service: [10036,com.xiaomi.providers.appindex,10036,com.xiaomi.providers.appindex,com.xiaomi.providers.appindex/.PackageChangeService,{act=android.intent.action.PACKAGE_REMOVED dat=package:com.yuyoogame.ameng.puzzle3.sub1 flg=0x4000010 cmp=com.xiaomi.providers.appindex/.PackageChangeService}]
05-30 21:58:16.301  1342  2563 I am_start_service: [10045,com.miui.cloudservice,10045,com.miui.cloudservice,com.miui.cloudservice/.push.MicloudPushService,{act=android.intent.action.PACKAGE_REMOVED dat=package:com.yuyoogame.ameng.puzzle3.sub1 flg=0x4000010 pkg=com.miui.cloudservice cmp=com.miui.cloudservice/.push.MicloudPushService}]
05-30 21:58:16.315  1342  2561 I am_start_service: [10067,com.xiaomi.gamecenter,10067,com.xiaomi.gamecenter,com.xiaomi.gamecenter/.service.GlobalService,{act=android.intent.action.PACKAGE_REMOVED dat=package:com.yuyoogame.ameng.puzzle3.sub1 flg=0x4000010 cmp=com.xiaomi.gamecenter/.service.GlobalService}]
05-30 21:58:16.330  1342  2621 I am_proc_start: [0,23324,1000,com.android.keychain,broadcast,com.android.keychain/.KeyChainBroadcastReceiver]
05-30 21:58:16.330  1342  2621 I am_broadcast_wake_app: [1000,NULL,android.intent.action.PACKAGE_REMOVED,1000,{com.android.keychain/com.android.keychain.KeyChainBroadcastReceiver}]
05-30 21:58:16.421  1342  2645 I am_proc_bound: [0,23324,com.android.keychain]
05-30 21:58:16.452  1342 15367 I am_start_service: [1000,com.android.keychain,1000,com.android.keychain,com.android.keychain/.KeyChainService,{act=android.intent.action.PACKAGE_REMOVED dat=package:com.yuyoogame.ameng.puzzle3.sub1 flg=0x4000010 cmp=com.android.keychain/.KeyChainService}]
05-30 21:58:16.482  1342  2589 I am_proc_start: [0,23344,1001,com.miui.vsimcore,broadcast,com.miui.vsimcore/.AppInstallReceiver]
05-30 21:58:16.483  1342  2589 I am_broadcast_wake_app: [1000,NULL,android.intent.action.PACKAGE_REMOVED,1001,{com.miui.vsimcore/com.miui.vsimcore.AppInstallReceiver}]
05-30 21:58:16.550  1342  1866 I am_proc_bound: [0,23344,com.miui.vsimcore]
05-30 21:58:16.583  1342  2291 I am_kill : [0,22674,com.miui.hybrid,13,empty #17]
05-30 21:58:16.637  1342  2290 I am_proc_died: [0,22674,com.miui.hybrid,13,16]
05-30 21:58:16.658  1342  2675 I am_start_service: [10036,com.xiaomi.providers.appindex,10036,com.xiaomi.providers.appindex,com.xiaomi.providers.appindex/.PackageChangeService,{act=android.intent.action.PACKAGE_ADDED dat=package:com.yuyoogame.ameng.puzzle3.sub1 flg=0x4000010 cmp=com.xiaomi.providers.appindex/.PackageChangeService}]
05-30 21:58:16.671  1342  2645 I am_start_service: [10045,com.miui.cloudservice,10045,com.miui.cloudservice,com.miui.cloudservice/.push.MicloudPushService,{act=android.intent.action.PACKAGE_ADDED dat=package:com.yuyoogame.ameng.puzzle3.sub1 flg=0x4000010 pkg=com.miui.cloudservice cmp=com.miui.cloudservice/.push.MicloudPushService}]
05-30 21:58:16.675  1342  8273 I am_get_provider: [10045,com.miui.cloudservice,9810,com.xiaomi.finddevice,com.xiaomi.finddevice/.v2.FindDeviceStatusManagerProvider]
05-30 21:58:16.693  1342  2583 I am_start_service: [10067,com.xiaomi.gamecenter,10067,com.xiaomi.gamecenter,com.xiaomi.gamecenter/.service.GlobalService,{act=android.intent.action.PACKAGE_ADDED dat=package:com.yuyoogame.ameng.puzzle3.sub1 flg=0x4000010 cmp=com.xiaomi.gamecenter/.service.GlobalService}]
05-30 21:58:16.808  1342  8273 I am_start_service: [10067,com.xiaomi.gamecenter,10067,com.xiaomi.gamecenter,com.xiaomi.gamecenter/.service.GlobalService,{act=android.intent.action.PACKAGE_REPLACED dat=package:com.yuyoogame.ameng.puzzle3.sub1 flg=0x4000010 cmp=com.xiaomi.gamecenter/.service.GlobalService}]
05-30 21:58:18.573  1342  2561 I am_home_stack_moved: [0,0,144,144,startingNewTask]
05-30 21:58:18.573  1342  2561 I wm_task_moved: [3425,1,0]
05-30 21:58:18.575  1342  2561 I am_create_task: [0,3428]
05-30 21:58:18.575  1342  2561 I am_create_activity: [0,30297844,3428,com.yuyoogame.ameng.puzzle3.sub1/org.cocos2dx.javascript.AppActivity,NULL,NULL,NULL,268435456,NULL]
05-30 21:58:18.575  1342  2561 I wm_task_created: [3428,144]
05-30 21:58:18.575  1342  2561 I wm_task_moved: [3428,1,1]
05-30 21:58:18.576  1342  2561 I am_pause_activity: [19269,238813879,android/com.android.internal.app.ResolverActivity]
05-30 21:58:18.577  1342  2561 I am_home_stack_moved: [0,0,144,144,startedActivity setFocusedActivity]
05-30 21:58:18.577  1342  2561 I wm_task_moved: [3428,1,1]
05-30 21:58:18.578 19269 19269 I am_on_paused_called: [0,com.android.internal.app.ResolverActivity]
05-30 21:58:18.579  1342  2561 I am_focused_activity: [0,com.yuyoogame.ameng.puzzle3.sub1/org.cocos2dx.javascript.AppActivity]
05-30 21:58:18.592  1342  2531 I am_proc_start: [0,23381,10478,com.yuyoogame.ameng.puzzle3.sub1,activity,com.yuyoogame.ameng.puzzle3.sub1/org.cocos2dx.javascript.AppActivity]
05-30 21:58:18.615  1342  2287 I am_start_service: [10069,com.xiaomi.market,10069,com.xiaomi.market,com.xiaomi.market/.service.AppActiveStatService,{cmp=com.xiaomi.market/.service.AppActiveStatService}]
05-30 21:58:18.626  1342  2675 I am_proc_bound: [0,23381,com.yuyoogame.ameng.puzzle3.sub1]
05-30 21:58:18.638  1342  2675 I configuration_changed: 1152
05-30 21:58:18.668  1342  2675 I am_restart_activity: [23381,30297844,3428,com.yuyoogame.ameng.puzzle3.sub1/org.cocos2dx.javascript.AppActivity,NULL]
05-30 21:58:18.706   441   441 I sf_frame_dur: [android/com.android.internal.app.ResolverActivity,15,0,0,0,0,0,1]
05-30 21:58:18.825  1803  1803 I [30099] : 256
05-30 21:58:18.838  1342  2287 I am_get_provider: [10478,com.yuyoogame.ameng.puzzle3.sub1,1000,system,com.android.providers.settings/.SettingsProvider]
05-30 21:58:19.595  1342  1380 I am_proc_start: [0,23422,10478,com.yuyoogame.ameng.puzzle3.sub1:channel,content provider,com.yuyoogame.ameng.puzzle3.sub1/com.umeng.message.provider.MessageProvider]
05-30 21:58:19.595  1342  1380 I am_get_provider: [10478,com.yuyoogame.ameng.puzzle3.sub1,10478,com.yuyoogame.ameng.puzzle3.sub1,com.yuyoogame.ameng.puzzle3.sub1/com.umeng.message.provider.MessageProvider]
05-30 21:58:19.633  1342  2563 I am_proc_bound: [0,23422,com.yuyoogame.ameng.puzzle3.sub1:channel]
05-30 21:58:19.764  1342  1866 I am_get_provider: [10478,com.yuyoogame.ameng.puzzle3.sub1:channel,1000,system,com.android.providers.settings/.SettingsProvider]
05-30 21:58:20.119  1342  2326 I am_get_provider: [10478,com.yuyoogame.ameng.puzzle3.sub1,10478,com.yuyoogame.ameng.puzzle3.sub1,com.yuyoogame.ameng.puzzle3.sub1/com.umeng.message.provider.MessageProvider]
05-30 21:58:20.537 23381 23428 I dvm_lock_sample: [com.yuyoogame.ameng.puzzle3.sub1,0,Thread-5505,939,ActivityThread.java,4903,Binder.java,-2,0]
05-30 21:58:20.538  1342  2561 I am_get_provider: [10478,com.yuyoogame.ameng.puzzle3.sub1,10478,com.yuyoogame.ameng.puzzle3.sub1,com.yuyoogame.ameng.puzzle3.sub1/com.umeng.message.provider.MessageProvider]
05-30 21:58:20.539 23381 23432 I dvm_lock_sample: [com.yuyoogame.ameng.puzzle3.sub1,0,Thread-5506,940,ActivityThread.java,4903,Binder.java,-2,0]
05-30 21:58:20.540  1342  8273 I am_get_provider: [10478,com.yuyoogame.ameng.puzzle3.sub1,10478,com.yuyoogame.ameng.puzzle3.sub1,com.yuyoogame.ameng.puzzle3.sub1/com.umeng.message.provider.MessageProvider]
05-30 21:58:20.541 23381 23434 I dvm_lock_sample: [com.yuyoogame.ameng.puzzle3.sub1,0,Thread-5507,941,ActivityThread.java,4903,Binder.java,-2,0]
05-30 21:58:20.542  1342  2507 I am_get_provider: [10478,com.yuyoogame.ameng.puzzle3.sub1,10478,com.yuyoogame.ameng.puzzle3.sub1,com.yuyoogame.ameng.puzzle3.sub1/com.umeng.message.provider.MessageProvider]
05-30 21:58:20.543 23381 23435 I dvm_lock_sample: [com.yuyoogame.ameng.puzzle3.sub1,0,Thread-5508,943,ActivityThread.java,4903,Binder.java,-2,0]
05-30 21:58:20.544  1342  2563 I am_get_provider: [10478,com.yuyoogame.ameng.puzzle3.sub1,10478,com.yuyoogame.ameng.puzzle3.sub1,com.yuyoogame.ameng.puzzle3.sub1/com.umeng.message.provider.MessageProvider]
05-30 21:58:20.545  1342  2695 I am_get_provider: [10478,com.yuyoogame.ameng.puzzle3.sub1,10478,com.yuyoogame.ameng.puzzle3.sub1,com.yuyoogame.ameng.puzzle3.sub1/com.umeng.message.provider.MessageProvider]
05-30 21:58:21.649 23381 23381 I am_on_resume_called: [0,org.cocos2dx.javascript.AppActivity]
05-30 21:58:21.678  1342  2615 I am_kill : [0,22856,com.android.soundrecorder,13,empty #17]
05-30 21:58:21.731  1342  1913 I am_proc_died: [0,22856,com.android.soundrecorder,13,16]
05-30 21:58:21.895  1342  1442 I [30088] : [0,30297844,com.yuyoogame.ameng.puzzle3.sub1/org.cocos2dx.javascript.AppActivity,3314,25559,23381]
05-30 21:58:21.895  1342  1442 I am_activity_launch_time: [0,30297844,com.yuyoogame.ameng.puzzle3.sub1/org.cocos2dx.javascript.AppActivity,3314,25559]
05-30 21:58:21.908  1342  2583 I am_finish_activity: [19269,238813879,3425,android/com.android.internal.app.ResolverActivity,app-request]
05-30 21:58:21.973  1342  2520 I am_kill : [0,22875,com.miui.gallery,13,empty #17]
05-30 21:58:22.020  1342  2615 I am_proc_died: [0,22875,com.miui.gallery,13,16]
05-30 21:58:24.652  1342  2326 I am_kill : [0,22887,com.android.soundrecorder:remote,13,empty #17]
05-30 21:58:24.701  1342  1410 I am_pss  : [23214,10069,com.xiaomi.market,21091328,19922944]
05-30 21:58:24.711  1342  2675 I am_proc_died: [0,22887,com.android.soundrecorder:remote,13,16]
05-30 21:58:25.217   647  1614 I [30200] : 23381&10478&1
05-30 21:58:25.201  1614  1614 I auditd  : type=1400 audit(0.0:931299): avc: denied { search } for comm="Binder:647_1" name="23381" dev="proc" ino=9772101 scontext=u:r:mediaserver:s0 tcontext=u:r:untrusted_app:s0:c512,c768 tclass=dir permissive=0
05-30 21:58:26.697  1342  1683 I am_home_stack_moved: [0,0,144,144,startingNewTask]
05-30 21:58:26.697  1342  1683 I wm_task_moved: [3428,1,1]
05-30 21:58:26.701  1342  1683 I am_create_task: [0,3429]
05-30 21:58:26.701  1342  1683 I am_create_activity: [0,202176253,3429,android/com.android.internal.app.ResolverActivity,android.intent.action.MAIN,NULL,NULL,278921216,android]
05-30 21:58:26.701  1342  1683 I wm_task_created: [3429,144]
05-30 21:58:26.701  1342  1683 I wm_task_moved: [3429,1,2]
05-30 21:58:26.703  1342  1683 I am_pause_activity: [23381,30297844,com.yuyoogame.ameng.puzzle3.sub1/org.cocos2dx.javascript.AppActivity]
05-30 21:58:26.704  1342  1683 I am_home_stack_moved: [0,0,144,144,startedActivity setFocusedActivity]
05-30 21:58:26.704  1342  1683 I wm_task_moved: [3429,1,2]
05-30 21:58:26.706 23381 23381 I am_on_paused_called: [0,org.cocos2dx.javascript.AppActivity]
05-30 21:58:26.715  1342  1683 I am_focused_activity: [0,android/com.android.internal.app.ResolverActivity]
05-30 21:58:26.701  1714  1714 I auditd  : type=1400 audit(0.0:931300): avc: denied { search } for comm="Binder:647_2" name="23381" dev="proc" ino=9772101 scontext=u:r:mediaserver:s0 tcontext=u:r:untrusted_app:s0:c512,c768 tclass=dir permissive=0
05-30 21:58:26.722  1342  2589 I am_restart_activity: [19269,202176253,3429,android/com.android.internal.app.ResolverActivity,android]
05-30 21:58:26.761   647  1603 I [30200] : 23381&10478&2
05-30 21:58:26.899 19269 19269 I am_on_resume_called: [0,com.android.internal.app.ResolverActivity]
05-30 21:58:26.950  1342  1442 I [30088] : [0,202176253,android/com.android.internal.app.ResolverActivity,233,233,19269]
05-30 21:58:26.950  1342  1442 I am_activity_launch_time: [0,202176253,android/com.android.internal.app.ResolverActivity,233,233]
05-30 21:58:26.966  1342  2645 I am_destroy_activity: [19269,238813879,3425,android/com.android.internal.app.ResolverActivity,finish-idle]
05-30 21:58:26.969  1342  2561 I wm_task_removed: [3425,removeAppToken: last token]
05-30 21:58:26.969  1342  2561 I wm_task_removed: [3425,removeTask]
05-30 21:58:29.737  1342  2589 I am_start_service: [10036,com.xiaomi.providers.appindex,10036,com.xiaomi.providers.appindex,com.xiaomi.providers.appindex/.PackageChangeService,{act=android.intent.action.PACKAGE_CHANGED dat=package:com.yuyoogame.ameng.puzzle3.sub1 flg=0x4000010 cmp=com.xiaomi.providers.appindex/.PackageChangeService}]
05-30 21:58:29.813  1342  1410 I am_pss  : [23381,10478,com.yuyoogame.ameng.puzzle3.sub1,74859520,59367424]
05-30 21:58:29.913  1342  8273 I am_start_service: [10478,com.yuyoogame.ameng.puzzle3.sub1,10478,com.yuyoogame.ameng.puzzle3.sub1:channel,com.yuyoogame.ameng.puzzle3.sub1/com.taobao.accs.ChannelService,{act=com.taobao.accs.intent.action.START_SERVICE cmp=com.yuyoogame.ameng.puzzle3.sub1/com.taobao.accs.ChannelService}]
05-30 21:58:29.919  1342  2290 I am_start_service: [10478,com.yuyoogame.ameng.puzzle3.sub1,10478,com.yuyoogame.ameng.puzzle3.sub1,com.yuyoogame.ameng.puzzle3.sub1/com.umeng.message.UmengIntentService,{act=org.agoo.android.intent.action.REPORT pkg=com.yuyoogame.ameng.puzzle3.sub1 cmp=com.yuyoogame.ameng.puzzle3.sub1/com.umeng.message.UmengIntentService}]
05-30 21:58:29.981  1342  2326 I am_start_service: [10478,com.yuyoogame.ameng.puzzle3.sub1:channel,10478,com.yuyoogame.ameng.puzzle3.sub1:channel,com.yuyoogame.ameng.puzzle3.sub1/com.taobao.accs.ChannelService$KernelService,{pkg=com.yuyoogame.ameng.puzzle3.sub1 cmp=com.yuyoogame.ameng.puzzle3.sub1/com.taobao.accs.ChannelService$KernelService}]
05-30 21:58:30.007  1342  1342 I notification_enqueue: [10478,23422,com.yuyoogame.ameng.puzzle3.sub1,9371,NULL,0,Notification(pri=0 contentView=com.yuyoogame.ameng.puzzle3.sub1/0x1090091 vibrate=null sound=null defaults=0x0 flags=0x40 color=0x00000000 vis=PRIVATE),0]
05-30 21:58:30.012  1342  1342 I notification_enqueue: [10478,23422,com.yuyoogame.ameng.puzzle3.sub1,9371,NULL,0,Notification(pri=0 contentView=com.yuyoogame.ameng.puzzle3.sub1/0x1090091 vibrate=null sound=null defaults=0x0 flags=0x40 color=0x00000000 vis=PRIVATE),1]
05-30 21:58:30.013  1342  1342 I notification_canceled: [0|com.yuyoogame.ameng.puzzle3.sub1|9371|null|10478,8,6,1,0]
05-30 21:58:30.075  1342  1410 I am_pss  : [14682,1000,com.miui.securitycenter.remote,22337536,20697088]
05-30 21:58:30.858  1342  2326 I am_proc_start: [0,23566,1000,com.miui.securitycore.remote,broadcast,com.miui.securitycore/com.miui.xspace.receiver.MediaScannerReceiver]
05-30 21:58:30.858  1342  2326 I am_broadcast_wake_app: [2000,NULL,android.intent.action.MEDIA_SCANNER_SCAN_FILE,1000,{com.miui.securitycore/com.miui.xspace.receiver.MediaScannerReceiver}]
05-30 21:58:30.919  1342 26067 I am_proc_bound: [0,23566,com.miui.securitycore.remote]
05-30 21:58:31.011  1342  2290 I am_get_provider: [1000,com.miui.securitycore.remote,1000,system,com.android.providers.settings/.SettingsProvider]
05-30 21:58:31.013  1342  1866 I am_start_service: [1000,com.miui.securitycore.remote,10103,com.miui.core,com.miui.core/com.miui.internal.server.CoreService,{act=android.intent.action.MAIN cmp=com.miui.core/com.miui.internal.server.CoreService}]
05-30 21:58:31.932  1342  1924 I am_start_service: [10478,com.yuyoogame.ameng.puzzle3.sub1,10478,com.yuyoogame.ameng.puzzle3.sub1,com.yuyoogame.ameng.puzzle3.sub1/com.umeng.message.UmengMessageCallbackHandlerService,{act=com.umeng.messge.registercallback.action pkg=com.yuyoogame.ameng.puzzle3.sub1}]
05-30 21:58:31.936  1342  1799 I am_get_provider: [10478,com.yuyoogame.ameng.puzzle3.sub1,10478,com.yuyoogame.ameng.puzzle3.sub1,com.yuyoogame.ameng.puzzle3.sub1/com.umeng.message.provider.MessageProvider]
05-30 21:58:33.323  1342  2561 I am_home_stack_moved: [0,0,144,144,bringingFoundTaskToFront setFocusedActivity]
05-30 21:58:33.323  1342  2561 I wm_task_moved: [3428,1,1]
05-30 21:58:33.326  1342  2561 I am_focused_activity: [0,com.yuyoogame.ameng.puzzle3.sub1/org.cocos2dx.javascript.AppActivity]
05-30 21:58:33.329  1342  2561 I am_pause_activity: [19269,202176253,android/com.android.internal.app.ResolverActivity]
05-30 21:58:33.331   647  1715 I [30200] : 23381&10478&1
05-30 21:58:33.321  1715  1715 I auditd  : type=1400 audit(0.0:931301): avc: denied { search } for comm="Binder:647_3" name="23381" dev="proc" ino=9772101 scontext=u:r:mediaserver:s0 tcontext=u:r:untrusted_app:s0:c512,c768 tclass=dir permissive=0
05-30 21:58:33.332  1342  2561 I am_task_to_front: [0,3428]
05-30 21:58:33.332  1342  2561 I am_new_intent: [0,76572861,3428,com.yuyoogame.ameng.puzzle3.sub1/org.cocos2dx.javascript.AppActivity,NULL,NULL,NULL,272629760,NULL]
05-30 21:58:33.332 19269 19269 I am_on_paused_called: [0,com.android.internal.app.ResolverActivity]
05-30 21:58:33.339  1342  2507 I am_resume_activity: [23381,30297844,3428,com.yuyoogame.ameng.puzzle3.sub1/org.cocos2dx.javascript.AppActivity,NULL]
05-30 21:58:33.357 23381 23381 I am_on_resume_called: [0,org.cocos2dx.javascript.AppActivity]
05-30 21:58:33.367  1342  2695 I am_finish_activity: [19269,202176253,3429,android/com.android.internal.app.ResolverActivity,app-request]
05-30 21:58:33.378  1342  1410 I am_pss  : [23104,10003,android.process.acore,20883456,19726336]
05-30 21:58:33.398  1342  1410 I am_pss  : [23151,10022,com.svox.pico,1767424,1294336]
05-30 21:58:33.421  1342  1410 I am_pss  : [23126,10009,android.process.mediaUI,5951488,5275648]
05-30 21:58:33.593   441   441 I sf_frame_dur: [android/com.android.internal.app.ResolverActivity,16,0,0,0,0,0,1]
05-30 21:58:33.681  1342  2675 I am_kill : [0,23055,com.miui.guardprovider,15,empty #17]
05-30 21:58:33.708  1342  1410 I am_pss  : [23244,10089,com.xiaomi.vipaccount,5939200,4431872]
05-30 21:58:33.710  1342  2561 I am_proc_died: [0,23055,com.miui.guardprovider,15,16]
05-30 21:58:49.524  1342  2583 I am_home_stack_moved: [0,0,144,144,intentActivityFound]
05-30 21:58:49.524  1342  2583 I wm_task_moved: [3428,1,1]
05-30 21:58:49.526  1342  2583 I am_new_intent: [0,4450939,3428,com.yuyoogame.ameng.puzzle3.sub1/org.cocos2dx.javascript.AppActivity,android.intent.action.MAIN,NULL,NULL,270532608,NULL]
05-30 21:58:49.521 17561 17561 I auditd  : type=1400 audit(0.0:931302): avc: denied { search } for comm="Binder:647_8" name="23381" dev="proc" ino=9772101 scontext=u:r:mediaserver:s0 tcontext=u:r:untrusted_app:s0:c512,c768 tclass=dir permissive=0
05-30 21:58:49.521 17560 17560 I auditd  : type=1400 audit(0.0:931303): avc: denied { search } for comm="Binder:647_7" name="23381" dev="proc" ino=9772101 scontext=u:r:mediaserver:s0 tcontext=u:r:untrusted_app:s0:c512,c768 tclass=dir permissive=0
05-30 21:58:50.496  1342  2507 I am_bind_service: [1000,com.android.systemui,10094,com.xiaomi.xmsf,com.xiaomi.xmsf/.push.service.StatService,{cmp=com.xiaomi.xmsf/.push.service.StatService}]
05-30 21:58:50.523  1342  1410 I am_pss  : [16473,10009,android.process.media,7254016,6213632]
05-30 21:58:50.549  1342  1410 I am_pss  : [23185,10067,com.xiaomi.gamecenter,8774656,7729152]
05-30 21:58:50.573  1342  1410 I am_pss  : [23344,1001,com.miui.vsimcore,2349056,1859584]
05-30 21:58:50.604  1342  1410 I am_pss  : [23267,10089,com.xiaomi.vipaccount:log,5068800,3596288]
05-30 21:58:50.629  1342  1410 I am_pss  : [19863,10001,com.lbe.security.miui,14128128,13197312]
05-30 21:58:50.650  1342  1410 I am_pss  : [23324,1000,com.android.keychain,1832960,1277952]
05-30 21:58:50.674  1342  1410 I am_pss  : [23034,1000,com.miui.securitycenter,6569984,4947968]
05-30 21:58:51.472   441   441 I sf_frame_dur: [RecentsPanel,46,0,1,0,0,0,0]
05-30 21:58:55.639  1342  1410 I am_pss  : [23422,10478,com.yuyoogame.ameng.puzzle3.sub1:channel,16975872,10244096]
05-30 21:58:55.664  1342  1410 I am_pss  : [18831,10032,com.miui.personalassistant,9823232,6541312]
05-30 21:58:55.685  1342  1410 I am_pss  : [23078,10007,com.android.defcontainer,1810432,1257472]
05-30 21:58:56.955  1342  1342 I free_storage_changed: 5333749760
05-30 21:58:57.888   441   441 I sf_frame_dur: [RecentsPanel,49,0,0,0,1,0,0]
05-30 21:59:00.024  1342  1410 I am_pss  : [23165,10036,com.xiaomi.providers.appindex,2361344,1802240]
05-30 21:59:00.048  1342  1410 I am_pss  : [18665,10084,com.miui.systemAdSolution,9468928,8495104]
05-30 21:59:00.537  1342  2583 I am_home_stack_moved: [0,0,144,144,intentActivityFound]
05-30 21:59:00.537  1342  2583 I wm_task_moved: [3428,1,1]
05-30 21:59:00.540  1342  2583 I am_new_intent: [0,85766999,3428,com.yuyoogame.ameng.puzzle3.sub1/org.cocos2dx.javascript.AppActivity,android.intent.action.MAIN,NULL,NULL,270532608,NULL]
05-30 21:59:01.001  1715  1715 I auditd  : type=1400 audit(0.0:931304): avc: denied { search } for comm="Binder:647_3" name="23381" dev="proc" ino=9772101 scontext=u:r:mediaserver:s0 tcontext=u:r:untrusted_app:s0:c512,c768 tclass=dir permissive=0
05-30 21:59:01.011 17561 17561 I auditd  : type=1400 audit(0.0:931305): avc: denied { search } for comm="Binder:647_8" name="23381" dev="proc" ino=9772101 scontext=u:r:mediaserver:s0 tcontext=u:r:untrusted_app:s0:c512,c768 tclass=dir permissive=0
05-30 21:59:03.086   441   441 I sf_frame_dur: [RecentsPanel,34,0,0,0,0,0,0]
05-30 21:59:04.622   441   441 I sf_frame_dur: [RecentsPanel,45,0,1,0,0,0,0]
05-30 21:59:04.684  1342  1410 I am_pss  : [19269,1000,system:ui,8415232,6545408]
05-30 21:59:04.708  1342  1410 I am_pss  : [23566,1000,com.miui.securitycore.remote,4131840,3198976]
05-30 21:59:04.739  1342  1410 I am_pss  : [23214,10069,com.xiaomi.market,18136064,17149952]
05-30 21:59:06.461   441   441 I sf_frame_dur: [RecentsPanel,53,0,0,0,0,0,0]
05-30 21:59:09.201   441   441 I sf_frame_dur: [RecentsPanel,27,3,0,0,0,0,0]
05-30 21:59:10.039  1342  2531 I am_home_stack_moved: [0,0,144,144,intentActivityFound]
05-30 21:59:10.040  1342  2531 I wm_task_moved: [3428,1,1]
05-30 21:59:10.042  1342  2531 I am_new_intent: [0,136777284,3428,com.yuyoogame.ameng.puzzle3.sub1/org.cocos2dx.javascript.AppActivity,android.intent.action.MAIN,NULL,NULL,270532608,NULL]
05-30 21:59:10.041  1714  1714 I auditd  : type=1400 audit(0.0:931306): avc: denied { search } for comm="Binder:647_2" name="23381" dev="proc" ino=9772101 scontext=u:r:mediaserver:s0 tcontext=u:r:untrusted_app:s0:c512,c768 tclass=dir permissive=0
05-30 21:59:10.041  2738  2738 I auditd  : type=1400 audit(0.0:931307): avc: denied { search } for comm="Binder:647_4" name="23381" dev="proc" ino=9772101 scontext=u:r:mediaserver:s0 tcontext=u:r:untrusted_app:s0:c512,c768 tclass=dir permissive=0
05-30 21:59:11.579  1342  2507 I am_home_stack_moved: [0,0,144,144,intentActivityFound]
05-30 21:59:11.579  1342  2507 I wm_task_moved: [3428,1,1]
05-30 21:59:11.581  1342  2507 I am_new_intent: [0,194116397,3428,com.yuyoogame.ameng.puzzle3.sub1/org.cocos2dx.javascript.AppActivity,android.intent.action.MAIN,NULL,NULL,270532608,NULL]
05-30 21:59:11.581  1614  1614 I auditd  : type=1400 audit(0.0:931308): avc: denied { search } for comm="Binder:647_1" name="23381" dev="proc" ino=9772101 scontext=u:r:mediaserver:s0 tcontext=u:r:untrusted_app:s0:c512,c768 tclass=dir permissive=0
05-30 21:59:11.641 17560 17560 I auditd  : type=1400 audit(0.0:931309): avc: denied { search } for comm="Binder:647_7" name="23381" dev="proc" ino=9772101 scontext=u:r:mediaserver:s0 tcontext=u:r:untrusted_app:s0:c512,c768 tclass=dir permissive=0
05-30 21:59:11.653   647  1603 I [30200] : 23381&10478&2
05-30 21:59:11.653   647 17560 I [30200] : 23381&10478&1
05-30 21:59:11.659   441   441 I sf_frame_dur: [RecentsPanel,33,0,0,0,0,0,0]
05-30 21:59:13.210   441   441 I sf_frame_dur: [RecentsPanel,34,0,0,0,0,0,0]
05-30 21:59:15.352   441   441 I sf_frame_dur: [RecentsPanel,34,0,0,0,0,0,0]
05-30 21:59:18.329  1342  2287 I am_home_stack_moved: [0,0,144,144,intentActivityFound]
05-30 21:59:18.329  1342  2287 I wm_task_moved: [3428,1,1]
05-30 21:59:18.331  1342  2287 I am_new_intent: [0,159242338,3428,com.yuyoogame.ameng.puzzle3.sub1/org.cocos2dx.javascript.AppActivity,android.intent.action.MAIN,NULL,NULL,270532608,NULL]
05-30 21:59:18.331   647   647 I auditd  : type=1400 audit(0.0:931310): avc: denied { search } for comm="mediaserver" name="23381" dev="proc" ino=9772101 scontext=u:r:mediaserver:s0 tcontext=u:r:untrusted_app:s0:c512,c768 tclass=dir permissive=0
05-30 21:59:18.341  1715  1715 I auditd  : type=1400 audit(0.0:931311): avc: denied { search } for comm="Binder:647_3" name="23381" dev="proc" ino=9772101 scontext=u:r:mediaserver:s0 tcontext=u:r:untrusted_app:s0:c512,c768 tclass=dir permissive=0
05-30 21:59:19.247  1342 15369 I am_home_stack_moved: [0,0,144,144,intentActivityFound]
05-30 21:59:19.247  1342 15369 I wm_task_moved: [3428,1,1]
05-30 21:59:19.248  1342 15369 I am_new_intent: [0,5189107,3428,com.yuyoogame.ameng.puzzle3.sub1/org.cocos2dx.javascript.AppActivity,android.intent.action.MAIN,NULL,NULL,270532608,NULL]
05-30 21:59:19.251 17559 17559 I auditd  : type=1400 audit(0.0:931312): avc: denied { search } for comm="Binder:647_6" name="23381" dev="proc" ino=9772101 scontext=u:r:mediaserver:s0 tcontext=u:r:untrusted_app:s0:c512,c768 tclass=dir permissive=0
05-30 21:59:19.251 17561 17561 I auditd  : type=1400 audit(0.0:931313): avc: denied { search } for comm="Binder:647_8" name="23381" dev="proc" ino=9772101 scontext=u:r:mediaserver:s0 tcontext=u:r:untrusted_app:s0:c512,c768 tclass=dir permissive=0
05-30 21:59:20.162  1342  2652 I am_home_stack_moved: [0,0,144,144,intentActivityFound]
05-30 21:59:20.162  1342  2652 I wm_task_moved: [3428,1,1]
05-30 21:59:20.164  1342  2652 I am_new_intent: [0,245942960,3428,com.yuyoogame.ameng.puzzle3.sub1/org.cocos2dx.javascript.AppActivity,android.intent.action.MAIN,NULL,NULL,270532608,NULL]
05-30 21:59:20.151  2738  2738 I auditd  : type=1400 audit(0.0:931314): avc: denied { search } for comm="Binder:647_4" name="23381" dev="proc" ino=9772101 scontext=u:r:mediaserver:s0 tcontext=u:r:untrusted_app:s0:c512,c768 tclass=dir permissive=0
05-30 21:59:20.161  2856  2856 I auditd  : type=1400 audit(0.0:931315): avc: denied { search } for comm="Binder:647_5" name="23381" dev="proc" ino=9772101 scontext=u:r:mediaserver:s0 tcontext=u:r:untrusted_app:s0:c512,c768 tclass=dir permissive=0
05-30 21:59:21.732   441   441 I sf_frame_dur: [RecentsPanel,49,0,0,0,0,0,0]
05-30 21:59:24.772   441   441 I sf_frame_dur: [RecentsPanel,42,0,1,0,0,0,0]
05-30 21:59:27.501  1342  2589 I am_home_stack_moved: [0,0,144,144,intentActivityFound]
05-30 21:59:27.501  1342  2589 I wm_task_moved: [3428,1,1]
05-30 21:59:27.502  1342  2589 I am_new_intent: [0,264248617,3428,com.yuyoogame.ameng.puzzle3.sub1/org.cocos2dx.javascript.AppActivity,android.intent.action.MAIN,NULL,NULL,270532608,NULL]
05-30 21:59:27.501 17560 17560 I auditd  : type=1400 audit(0.0:931316): avc: denied { search } for comm="Binder:647_7" name="23381" dev="proc" ino=9772101 scontext=u:r:mediaserver:s0 tcontext=u:r:untrusted_app:s0:c512,c768 tclass=dir permissive=0
05-30 21:59:27.501  1714  1714 I auditd  : type=1400 audit(0.0:931317): avc: denied { search } for comm="Binder:647_2" name="23381" dev="proc" ino=9772101 scontext=u:r:mediaserver:s0 tcontext=u:r:untrusted_app:s0:c512,c768 tclass=dir permissive=0
05-30 21:59:28.453   441   441 I sf_frame_dur: [RecentsPanel,32,0,0,0,0,0,0]
05-30 21:59:28.750  1803  1803 I [30099] : 0
05-30 21:59:29.660  1342  1913 I notification_panel_revealed: 0
05-30 21:59:29.822  1342  2615 I notification_panel_hidden: []
05-30 21:59:30.169  1803  1803 I [30099] : 256
05-30 21:59:32.116  1342  2507 I am_home_stack_moved: [0,0,144,144,intentActivityFound]
05-30 21:59:32.116  1342  2507 I wm_task_moved: [3428,1,1]
05-30 21:59:32.120  1342  2507 I am_new_intent: [0,7213498,3428,com.yuyoogame.ameng.puzzle3.sub1/org.cocos2dx.javascript.AppActivity,android.intent.action.MAIN,NULL,NULL,270532608,NULL]
05-30 21:59:32.121  2856  2856 I auditd  : type=1400 audit(0.0:931318): avc: denied { search } for comm="Binder:647_5" name="23381" dev="proc" ino=9772101 scontext=u:r:mediaserver:s0 tcontext=u:r:untrusted_app:s0:c512,c768 tclass=dir permissive=0
05-30 21:59:32.191   647  1603 I [30200] : 23381&10478&2
05-30 21:59:33.059   441   441 I sf_frame_dur: [RecentsPanel,42,0,0,0,1,0,0]
05-30 21:59:33.065   647 17559 I [30200] : 23381&10478&1
05-30 21:59:33.051 17559 17559 I auditd  : type=1400 audit(0.0:931319): avc: denied { search } for comm="Binder:647_6" name="23381" dev="proc" ino=9772101 scontext=u:r:mediaserver:s0 tcontext=u:r:untrusted_app:s0:c512,c768 tclass=dir permissive=0
05-30 21:59:33.647  1342 17298 I am_home_stack_moved: [0,0,144,144,intentActivityFound]
05-30 21:59:33.647  1342 17298 I wm_task_moved: [3428,1,1]
05-30 21:59:33.649  1342 17298 I am_new_intent: [0,136341611,3428,com.yuyoogame.ameng.puzzle3.sub1/org.cocos2dx.javascript.AppActivity,android.intent.action.MAIN,NULL,NULL,270532608,NULL]
05-30 21:59:33.651 17561 17561 I auditd  : type=1400 audit(0.0:931320): avc: denied { search } for comm="Binder:647_8" name="23381" dev="proc" ino=9772101 scontext=u:r:mediaserver:s0 tcontext=u:r:untrusted_app:s0:c512,c768 tclass=dir permissive=0
05-30 21:59:33.651  2738  2738 I auditd  : type=1400 audit(0.0:931321): avc: denied { search } for comm="Binder:647_4" name="23381" dev="proc" ino=9772101 scontext=u:r:mediaserver:s0 tcontext=u:r:untrusted_app:s0:c512,c768 tclass=dir permissive=0
05-30 21:59:39.477   441   441 I sf_frame_dur: [RecentsPanel,30,0,0,0,0,0,0]
05-30 21:59:41.014   441   441 I sf_frame_dur: [RecentsPanel,31,0,0,0,0,0,0]
05-30 21:59:41.294  1342  2287 I am_home_stack_moved: [0,0,144,144,intentActivityFound]
05-30 21:59:41.294  1342  2287 I wm_task_moved: [3428,1,1]
05-30 21:59:41.298  1342  2287 I am_new_intent: [0,56573896,3428,com.yuyoogame.ameng.puzzle3.sub1/org.cocos2dx.javascript.AppActivity,android.intent.action.MAIN,NULL,NULL,270532608,NULL]
05-30 21:59:41.291 17559 17559 I auditd  : type=1400 audit(0.0:931322): avc: denied { search } for comm="Binder:647_6" name="23381" dev="proc" ino=9772101 scontext=u:r:mediaserver:s0 tcontext=u:r:untrusted_app:s0:c512,c768 tclass=dir permissive=0
05-30 21:59:41.301 17560 17560 I auditd  : type=1400 audit(0.0:931323): avc: denied { search } for comm="Binder:647_7" name="23381" dev="proc" ino=9772101 scontext=u:r:mediaserver:s0 tcontext=u:r:untrusted_app:s0:c512,c768 tclass=dir permissive=0
05-30 21:59:47.117  1342 14927 I am_home_stack_moved: [0,0,144,144,intentActivityFound]
05-30 21:59:47.117  1342 14927 I wm_task_moved: [3428,1,1]
05-30 21:59:47.119  1342 14927 I am_new_intent: [0,28133473,3428,com.yuyoogame.ameng.puzzle3.sub1/org.cocos2dx.javascript.AppActivity,android.intent.action.MAIN,NULL,NULL,270532608,NULL]
05-30 21:59:47.121  1715  1715 I auditd  : type=1400 audit(0.0:931324): avc: denied { search } for comm="Binder:647_3" name="23381" dev="proc" ino=9772101 scontext=u:r:mediaserver:s0 tcontext=u:r:untrusted_app:s0:c512,c768 tclass=dir permissive=0
05-30 21:59:47.121  2856  2856 I auditd  : type=1400 audit(0.0:931325): avc: denied { search } for comm="Binder:647_5" name="23381" dev="proc" ino=9772101 scontext=u:r:mediaserver:s0 tcontext=u:r:untrusted_app:s0:c512,c768 tclass=dir permissive=0
05-30 21:59:51.699  1342 15369 I am_home_stack_moved: [0,0,144,144,intentActivityFound]
05-30 21:59:51.699  1342 15369 I wm_task_moved: [3428,1,1]
05-30 21:59:51.700  1342 15369 I am_new_intent: [0,249270150,3428,com.yuyoogame.ameng.puzzle3.sub1/org.cocos2dx.javascript.AppActivity,android.intent.action.MAIN,NULL,NULL,270532608,NULL]
05-30 21:59:51.701   647   647 I auditd  : type=1400 audit(0.0:931326): avc: denied { search } for comm="mediaserver" name="23381" dev="proc" ino=9772101 scontext=u:r:mediaserver:s0 tcontext=u:r:untrusted_app:s0:c512,c768 tclass=dir permissive=0
05-30 21:59:51.701 17560 17560 I auditd  : type=1400 audit(0.0:931327): avc: denied { search } for comm="Binder:647_7" name="23381" dev="proc" ino=9772101 scontext=u:r:mediaserver:s0 tcontext=u:r:untrusted_app:s0:c512,c768 tclass=dir permissive=0
05-30 21:59:52.620  1342  2615 I am_home_stack_moved: [0,0,144,144,intentActivityFound]
05-30 21:59:52.621  1342  2615 I wm_task_moved: [3428,1,1]
05-30 21:59:52.623  1342  2615 I am_new_intent: [0,14360647,3428,com.yuyoogame.ameng.puzzle3.sub1/org.cocos2dx.javascript.AppActivity,android.intent.action.MAIN,NULL,NULL,270532608,NULL]
05-30 21:59:52.621  2856  2856 I auditd  : type=1400 audit(0.0:931328): avc: denied { search } for comm="Binder:647_5" name="23381" dev="proc" ino=9772101 scontext=u:r:mediaserver:s0 tcontext=u:r:untrusted_app:s0:c512,c768 tclass=dir permissive=0
05-30 21:59:52.621  1614  1614 I auditd  : type=1400 audit(0.0:931329): avc: denied { search } for comm="Binder:647_1" name="23381" dev="proc" ino=9772101 scontext=u:r:mediaserver:s0 tcontext=u:r:untrusted_app:s0:c512,c768 tclass=dir permissive=0
05-30 21:59:53.232  1342 26067 I am_home_stack_moved: [0,0,144,144,intentActivityFound]
05-30 21:59:53.233  1342 26067 I wm_task_moved: [3428,1,1]
05-30 21:59:53.235  1342 26067 I am_new_intent: [0,252481652,3428,com.yuyoogame.ameng.puzzle3.sub1/org.cocos2dx.javascript.AppActivity,android.intent.action.MAIN,NULL,NULL,270532608,NULL]
05-30 21:59:53.231 17560 17560 I auditd  : type=1400 audit(0.0:931330): avc: denied { search } for comm="Binder:647_7" name="23381" dev="proc" ino=9772101 scontext=u:r:mediaserver:s0 tcontext=u:r:untrusted_app:s0:c512,c768 tclass=dir permissive=0
05-30 21:59:53.231  2738  2738 I auditd  : type=1400 audit(0.0:931331): avc: denied { search } for comm="Binder:647_4" name="23381" dev="proc" ino=9772101 scontext=u:r:mediaserver:s0 tcontext=u:r:untrusted_app:s0:c512,c768 tclass=dir permissive=0
05-30 21:59:53.547  1342  1866 I am_home_stack_moved: [0,0,144,144,intentActivityFound]
05-30 21:59:53.547  1342  1866 I wm_task_moved: [3428,1,1]
05-30 21:59:53.551  1342  1866 I am_new_intent: [0,169150877,3428,com.yuyoogame.ameng.puzzle3.sub1/org.cocos2dx.javascript.AppActivity,android.intent.action.MAIN,NULL,NULL,270532608,NULL]
05-30 21:59:53.551  1614  1614 I auditd  : type=1400 audit(0.0:931332): avc: denied { search } for comm="Binder:647_1" name="23381" dev="proc" ino=9772101 scontext=u:r:mediaserver:s0 tcontext=u:r:untrusted_app:s0:c512,c768 tclass=dir permissive=0
05-30 21:59:53.551 17561 17561 I auditd  : type=1400 audit(0.0:931333): avc: denied { search } for comm="Binder:647_8" name="23381" dev="proc" ino=9772101 scontext=u:r:mediaserver:s0 tcontext=u:r:untrusted_app:s0:c512,c768 tclass=dir permissive=0
05-30 21:59:55.115   441   441 I sf_frame_dur: [RecentsPanel,29,0,0,0,0,0,0]
05-30 21:59:57.257  1342  1380 I am_home_stack_moved: [0,0,144,144,intentActivityFound]
05-30 21:59:57.257  1342  1380 I wm_task_moved: [3428,1,1]
05-30 21:59:57.259  1342  1380 I am_new_intent: [0,5316114,3428,com.yuyoogame.ameng.puzzle3.sub1/org.cocos2dx.javascript.AppActivity,android.intent.action.MAIN,NULL,NULL,270532608,NULL]
05-30 21:59:57.261  2738  2738 I auditd  : type=1400 audit(0.0:931334): avc: denied { search } for comm="Binder:647_4" name="23381" dev="proc" ino=9772101 scontext=u:r:mediaserver:s0 tcontext=u:r:untrusted_app:s0:c512,c768 tclass=dir permissive=0
05-30 21:59:57.261   647   647 I auditd  : type=1400 audit(0.0:931335): avc: denied { search } for comm="mediaserver" name="23381" dev="proc" ino=9772101 scontext=u:r:mediaserver:s0 tcontext=u:r:untrusted_app:s0:c512,c768 tclass=dir permissive=0
05-30 21:59:57.874  1342 17298 I am_home_stack_moved: [0,0,144,144,intentActivityFound]
05-30 21:59:57.874  1342 17298 I wm_task_moved: [3428,1,1]
05-30 21:59:57.877  1342 17298 I am_new_intent: [0,228555235,3428,com.yuyoogame.ameng.puzzle3.sub1/org.cocos2dx.javascript.AppActivity,android.intent.action.MAIN,NULL,NULL,270532608,NULL]
05-30 21:59:57.881  1714  1714 I auditd  : type=1400 audit(0.0:931336): avc: denied { search } for comm="Binder:647_2" name="23381" dev="proc" ino=9772101 scontext=u:r:mediaserver:s0 tcontext=u:r:untrusted_app:s0:c512,c768 tclass=dir permissive=0
05-30 21:59:57.881 17560 17560 I auditd  : type=1400 audit(0.0:931337): avc: denied { search } for comm="Binder:647_7" name="23381" dev="proc" ino=9772101 scontext=u:r:mediaserver:s0 tcontext=u:r:untrusted_app:s0:c512,c768 tclass=dir permissive=0
05-30 22:00:00.045  1342  1410 I am_pss  : [22202,10056,com.xiaomi.metoknlp,12527616,11366400]
05-30 22:00:00.080  1342  1410 I am_pss  : [3630,1002,com.android.bluetooth,10216448,7024640]
05-30 22:00:00.102  1342  1410 I am_pss  : [19571,10040,com.qualcomm.qti.accesscache,3872768,2338816]
05-30 22:00:00.123  1342  1410 I am_pss  : [19353,10087,com.android.smspush,3838976,2301952]
05-30 22:00:00.144  1342  1410 I am_pss  : [21805,1001,com.qualcomm.qcrilmsgtunnel,4625408,3948544]
05-30 22:00:00.168  1342  1410 I am_pss  : [22591,10021,com.android.browser,8679424,5668864]
05-30 22:00:00.194  1342  1410 I am_pss  : [20044,1000,com.miui.powerkeeper:service,20395008,18837504]
05-30 22:00:00.229  1342  1410 I am_pss  : [20018,10101,com.sohu.inputmethod.sogou.xiaomi,69214208,64929792]
05-30 22:00:00.250  1342  1410 I am_pss  : [17052,1000,com.qti.service.colorservice,4031488,3420160]
05-30 22:00:02.184   441   441 I sf_frame_dur: [RecentsPanel,75,0,0,0,2,0,0]
05-30 22:00:04.314  1342  1995 I am_home_stack_moved: [0,0,144,144,intentActivityFound]
05-30 22:00:04.314  1342  1995 I wm_task_moved: [3428,1,1]
05-30 22:00:04.316  1342  1995 I am_new_intent: [0,211566560,3428,com.yuyoogame.ameng.puzzle3.sub1/org.cocos2dx.javascript.AppActivity,android.intent.action.MAIN,NULL,NULL,270532608,NULL]
05-30 22:00:04.311   647   647 I auditd  : type=1400 audit(0.0:931338): avc: denied { search } for comm="mediaserver" name="23381" dev="proc" ino=9772101 scontext=u:r:mediaserver:s0 tcontext=u:r:untrusted_app:s0:c512,c768 tclass=dir permissive=0
05-30 22:00:04.321 17559 17559 I auditd  : type=1400 audit(0.0:931339): avc: denied { search } for comm="Binder:647_6" name="23381" dev="proc" ino=9772101 scontext=u:r:mediaserver:s0 tcontext=u:r:untrusted_app:s0:c512,c768 tclass=dir permissive=0
05-30 22:00:06.493   441   441 I sf_frame_dur: [RecentsPanel,82,1,0,0,0,0,0]
05-30 22:00:12.292   441   441 I sf_frame_dur: [RecentsPanel,47,0,0,0,0,0,0]
05-30 22:00:13.211   441   441 I sf_frame_dur: [RecentsPanel,30,0,0,0,0,0,0]
05-30 22:00:17.163  1342  2507 I am_home_stack_moved: [0,0,144,144,intentActivityFound]
05-30 22:00:17.163  1342  2507 I wm_task_moved: [3428,1,1]
05-30 22:00:17.165  1342  2507 I am_new_intent: [0,20816537,3428,com.yuyoogame.ameng.puzzle3.sub1/org.cocos2dx.javascript.AppActivity,android.intent.action.MAIN,NULL,NULL,270532608,NULL]
05-30 22:00:17.161 17560 17560 I auditd  : type=1400 audit(0.0:931340): avc: denied { search } for comm="Binder:647_7" name="23381" dev="proc" ino=9772101 scontext=u:r:mediaserver:s0 tcontext=u:r:untrusted_app:s0:c512,c768 tclass=dir permissive=0
05-30 22:00:17.161  2738  2738 I auditd  : type=1400 audit(0.0:931341): avc: denied { search } for comm="Binder:647_4" name="23381" dev="proc" ino=9772101 scontext=u:r:mediaserver:s0 tcontext=u:r:untrusted_app:s0:c512,c768 tclass=dir permissive=0
05-30 22:00:21.486   441   441 I sf_frame_dur: [RecentsPanel,42,0,1,0,0,0,0]
05-30 22:00:22.400   441   441 I sf_frame_dur: [RecentsPanel,49,0,0,0,0,0,0]
05-30 22:00:25.742   441   441 I sf_frame_dur: [RecentsPanel,31,0,0,0,0,0,0]
05-30 22:00:29.117   441   441 I sf_frame_dur: [RecentsPanel,47,0,0,0,0,0,0]
05-30 22:00:29.914  1342  2289 I am_start_service: [10478,com.yuyoogame.ameng.puzzle3.sub1,10478,com.yuyoogame.ameng.puzzle3.sub1:channel,com.yuyoogame.ameng.puzzle3.sub1/com.taobao.accs.ChannelService,{act=com.taobao.accs.intent.action.START_SERVICE cmp=com.yuyoogame.ameng.puzzle3.sub1/com.taobao.accs.ChannelService}]
05-30 22:00:29.922  1342  2290 I am_start_service: [10478,com.yuyoogame.ameng.puzzle3.sub1,10478,com.yuyoogame.ameng.puzzle3.sub1,com.yuyoogame.ameng.puzzle3.sub1/com.umeng.message.UmengIntentService,{act=org.agoo.android.intent.action.REPORT pkg=com.yuyoogame.ameng.puzzle3.sub1 cmp=com.yuyoogame.ameng.puzzle3.sub1/com.umeng.message.UmengIntentService}]
05-30 22:00:30.062  1342  1410 I am_pss  : [23381,10478,com.yuyoogame.ameng.puzzle3.sub1,263166976,237756416]
05-30 22:00:31.480  1342  1924 I am_kill : [0,23422,com.yuyoogame.ameng.puzzle3.sub1:channel,2,stop com.yuyoogame.ameng.puzzle3.sub1: from process:23893]
05-30 22:00:31.485  1342  1924 I am_schedule_service_restart: [0,com.yuyoogame.ameng.puzzle3.sub1/com.taobao.accs.ChannelService,1000]
05-30 22:00:31.486  1342  1924 I am_kill : [0,23381,com.yuyoogame.ameng.puzzle3.sub1,0,stop com.yuyoogame.ameng.puzzle3.sub1: from process:23893]
05-30 22:00:31.490  1342  1924 I am_finish_activity: [0,30297844,3428,com.yuyoogame.ameng.puzzle3.sub1/org.cocos2dx.javascript.AppActivity,proc died without state saved]
05-30 22:00:31.490  1342  1924 I am_focused_activity: [-1,NULL]
05-30 22:00:31.500  1342  1924 I wm_task_removed: [3428,removeAppToken: last token]
05-30 22:00:31.501  1342  1924 I wm_task_removed: [3428,removeTask]
05-30 22:00:31.507   441   441 I sf_frame_dur: [com.yuyoogame.ameng.puzzle3.sub1/org.cocos2dx.javascript.AppActivity,1,0,2,0,2,22,25]
05-30 22:00:31.507   441   441 I sf_frame_dur: [SurfaceView,6839,10,2,2,4,4,1]
05-30 22:00:31.508  1342  1924 I am_home_stack_moved: [0,0,144,144,startingNewTask]
05-30 22:00:31.508  1342  1924 I wm_task_moved: [3429,1,0]
05-30 22:00:31.513  1342  1924 I am_create_task: [0,3430]
05-30 22:00:31.513  1342  1924 I am_create_activity: [0,12964159,3430,android/com.android.internal.app.ResolverActivity,android.intent.action.MAIN,NULL,NULL,276824064,NULL]
05-30 22:00:31.514  1342  1924 I wm_task_created: [3430,144]
05-30 22:00:31.514  1342  1924 I wm_task_moved: [3430,1,1]
05-30 22:00:31.514  1342  1924 I am_home_stack_moved: [0,0,144,144,startedActivity setFocusedActivity]
05-30 22:00:31.514  1342  1924 I wm_task_moved: [3430,1,1]
05-30 22:00:31.515  1342  1924 I am_focused_activity: [0,android/com.android.internal.app.ResolverActivity]
05-30 22:00:31.522  1342  1924 I am_restart_activity: [19269,12964159,3430,android/com.android.internal.app.ResolverActivity,NULL]
05-30 22:00:31.528  1342  1411 I am_destroy_activity: [19269,202176253,3429,android/com.android.internal.app.ResolverActivity,finish-idle]
05-30 22:00:31.531  1342  1342 I notification_cancel_all: [1000,1342,com.yuyoogame.ameng.puzzle3.sub1,0,0,0,5,NULL]
05-30 22:00:31.621   647  1614 I [30200] : 23381&10478&0
05-30 22:00:31.676   647  1603 I [30200] : 23381&10478&2
05-30 22:00:31.679 19269 19269 I am_on_resume_called: [0,com.android.internal.app.ResolverActivity]
05-30 22:00:31.686  1342  2583 I wm_task_removed: [3429,removeAppToken: last token]
05-30 22:00:31.686  1342  2583 I wm_task_removed: [3429,removeTask]
05-30 22:00:31.728  1342  1442 I [30088] : [0,12964159,android/com.android.internal.app.ResolverActivity,209,209,19269]
05-30 22:00:31.728  1342  1442 I am_activity_launch_time: [0,12964159,android/com.android.internal.app.ResolverActivity,209,209]
05-30 22:00:33.077  1342  1461 I am_start_service: [-1,NULL,10007,com.android.defcontainer,com.android.defcontainer/.DefaultContainerService,{act=android.content.pm.CLEAN_EXTERNAL_STORAGE cmp=com.android.defcontainer/.DefaultContainerService}]
05-30 22:00:33.106  1342  1691 I netstats_mobile_sample: [0,0,0,0,0,0,0,0,0,0,0,0,1527688832189]
05-30 22:00:33.107  1342  1691 I netstats_wifi_sample: [56941094,208873,21081673,137404,53927743,101947,19951293,141801,44448561,66044,20377696,150164,1527688832189]
05-30 22:00:33.118 23214 23214 I force_gc: bg
05-30 22:00:33.119 18885 18885 I force_gc: bg
05-30 22:00:33.158  1342  1342 I notification_cancel_all: [1000,1342,com.yuyoogame.ameng.puzzle3.sub1,0,0,0,5,NULL]
05-30 22:00:33.165  1342  1410 I am_bind_service: [1000,system,10032,com.miui.personalassistant,com.miui.personalassistant/.services.quickstart.QuickStartAccessibilityService,{cmp=com.miui.personalassistant/.services.quickstart.QuickStartAccessibilityService}]
05-30 22:00:33.201  1342  8273 I am_start_service: [10003,android.process.acore,10003,android.process.acore,com.android.providers.contacts/.VoicemailCleanupService,{act=android.intent.action.PACKAGE_REMOVED dat=package:com.yuyoogame.ameng.puzzle3.sub1 cmp=com.android.providers.contacts/.VoicemailCleanupService}]
05-30 22:00:33.285  1342  2291 I am_start_service: [10036,com.xiaomi.providers.appindex,10036,com.xiaomi.providers.appindex,com.xiaomi.providers.appindex/.PackageChangeService,{act=android.intent.action.PACKAGE_REMOVED dat=package:com.yuyoogame.ameng.puzzle3.sub1 flg=0x4000010 cmp=com.xiaomi.providers.appindex/.PackageChangeService}]
05-30 22:00:33.292  1342 15367 I am_start_service: [10045,com.miui.cloudservice,10045,com.miui.cloudservice,com.miui.cloudservice/.push.MicloudPushService,{act=android.intent.action.PACKAGE_REMOVED dat=package:com.yuyoogame.ameng.puzzle3.sub1 flg=0x4000010 pkg=com.miui.cloudservice cmp=com.miui.cloudservice/.push.MicloudPushService}]
05-30 22:00:33.301  1342  1995 I am_start_service: [10067,com.xiaomi.gamecenter,10067,com.xiaomi.gamecenter,com.xiaomi.gamecenter/.service.GlobalService,{act=android.intent.action.PACKAGE_REMOVED dat=package:com.yuyoogame.ameng.puzzle3.sub1 flg=0x4000010 cmp=com.xiaomi.gamecenter/.service.GlobalService}]
05-30 22:00:33.311  1342  1380 I am_start_service: [1000,com.android.keychain,1000,com.android.keychain,com.android.keychain/.KeyChainService,{act=android.intent.action.PACKAGE_REMOVED dat=package:com.yuyoogame.ameng.puzzle3.sub1 flg=0x4000010 cmp=com.android.keychain/.KeyChainService}]
05-30 22:00:33.342  1342 15367 I am_start_service: [10094,com.xiaomi.xmsf,10094,com.xiaomi.xmsf,com.xiaomi.xmsf/com.xiaomi.push.service.XMPushService,{act=com.xiaomi.xmsf.push.UNINSTALL cmp=com.xiaomi.xmsf/com.xiaomi.push.service.XMPushService}]
05-30 22:00:33.367  1342  1342 I am_proc_start: [0,23936,10044,com.android.documentsui,broadcast,com.android.documentsui/.PackageReceiver]
05-30 22:00:33.367  1342  1342 I am_broadcast_wake_app: [1000,NULL,android.intent.action.PACKAGE_FULLY_REMOVED,10044,{com.android.documentsui/com.android.documentsui.PackageReceiver}]
05-30 22:00:33.402  1342  2520 I am_proc_bound: [0,23936,com.android.documentsui]
05-30 22:00:33.470  1342  1925 I am_get_provider: [10044,com.android.documentsui,10009,android.process.media,com.android.providers.downloads/.provider.DownloadStorageProvider]
05-30 22:00:33.490  1342  2531 I am_proc_start: [0,23951,10011,com.android.externalstorage,content provider,com.android.externalstorage/.ExternalStorageProvider]
05-30 22:00:33.490  1342  2531 I am_get_provider: [10044,com.android.documentsui,10011,com.android.externalstorage,com.android.externalstorage/.ExternalStorageProvider]
05-30 22:00:33.538  1342  2615 I am_proc_bound: [0,23951,com.android.externalstorage]
05-30 22:00:33.544  1342  2615 I am_kill : [0,23034,com.miui.securitycenter,15,empty #17]
05-30 22:00:33.570  1342  1913 I am_proc_died: [0,23034,com.miui.securitycenter,15,16]
05-30 22:00:33.621  1342  1925 I am_get_provider: [10044,com.android.documentsui,10009,android.process.media,com.android.providers.media/.MediaDocumentsProvider]
05-30 22:00:33.658  1342 17298 I am_proc_start: [0,23967,2000,com.android.shell,content provider,com.android.shell/.BugreportStorageProvider]
05-30 22:00:33.659  1342 17298 I am_get_provider: [10044,com.android.documentsui,2000,com.android.shell,com.android.shell/.BugreportStorageProvider]
05-30 22:00:33.722  1342  2507 I am_proc_bound: [0,23967,com.android.shell]
05-30 22:00:33.728  1342  2507 I am_kill : [0,23151,com.svox.pico,15,empty #17]
05-30 22:00:33.750  1342  1799 I am_proc_died: [0,23151,com.svox.pico,15,16]
05-30 22:00:33.828  1342  1925 I am_get_provider: [10044,com.android.documentsui,10011,com.android.externalstorage,com.android.externalstorage/.ExternalStorageProvider]
05-30 22:00:38.522  1342  1924 I am_start_service: [-1,NULL,1000,com.miui.autotestutils,com.miui.autotestutils/.UninstallService,{act=com.miui.autotestutils.UninstallService}]
05-30 22:00:56.970  1342  1342 I free_storage_changed: 5366702080
05-30 22:01:00.045  1342  1410 I am_pss  : [19269,1000,system:ui,12307456,10366976]
