05-30 22:01:00.085  1342  1410 I am_pss  : [18831,10032,com.miui.personalassistant,8752128,4820992]
05-30 22:01:00.121  1342  1410 I am_pss  : [19863,10001,com.lbe.security.miui,14158848,13246464]
05-30 22:01:00.155  1342  1410 I am_pss  : [21362,10104,com.jeejen.family.miui,23882752,19689472]
05-30 22:01:34.209  1342  1682 I am_start_service: [-1,NULL,1000,com.miui.powerkeeper:service,com.miui.powerkeeper/.PowerKeeperBackgroundService,{act=miui.intent.action.powerkeeper_alarm flg=0x4 cmp=com.miui.powerkeeper/.PowerKeeperBackgroundService}]
05-30 22:01:50.618  1342  1410 I am_pss  : [1914,10094,com.xiaomi.xmsf,21307392,19861504]
05-30 22:02:00.184  1342  1410 I am_pss  : [1342,1000,system,254210048,208412672]
05-30 22:02:00.253  1342  1410 I am_pss  : [1803,1000,com.android.systemui,55982080,51003392]
05-30 22:02:00.273  1342  1410 I am_pss  : [23967,2000,com.android.shell,3850240,3125248]
05-30 22:02:00.294  1342  1410 I am_pss  : [23951,10011,com.android.externalstorage,3675136,2945024]
05-30 22:02:00.320  1342  1410 I am_pss  : [16473,10009,android.process.media,7752704,6717440]
05-30 22:02:00.341  1342  1410 I am_pss  : [23936,10044,com.android.documentsui,4658176,3870720]
05-30 22:02:00.361  1342  1410 I am_pss  : [23324,1000,com.android.keychain,2657280,2105344]
05-30 22:02:00.384  1342  1410 I am_pss  : [23185,10067,com.xiaomi.gamecenter,9690112,8486912]
05-30 22:02:00.404  1342  1410 I am_pss  : [23165,10036,com.xiaomi.providers.appindex,2950144,2396160]
05-30 22:02:00.428  1342  1410 I am_pss  : [23104,10003,android.process.acore,20590592,19521536]
05-30 22:02:00.448  1342  1410 I am_pss  : [23078,10007,com.android.defcontainer,2366464,1798144]
05-30 22:02:00.480  1342  1410 I am_pss  : [2631,1001,com.android.phone,19932160,16850944]
05-30 22:02:00.502  1342  1410 I am_pss  : [2610,1000,com.qualcomm.qti.tetherservice,3908608,3321856]
05-30 22:02:00.522  1342  1410 I am_pss  : [2586,1000,com.quicinc.wbcserviceapp,3229696,2699264]
05-30 22:02:00.542  1342  1410 I am_pss  : [2568,1000,com.mi.AutoTest,3160064,2633728]
05-30 22:02:00.562  1342  1410 I am_pss  : [2551,1000,com.qualcomm.qti.carrierconfigure,3392512,2830336]
05-30 22:02:00.582  1342  1410 I am_pss  : [2530,1001,com.qualcomm.qti.loadcarrier,4052992,3497984]
05-30 22:02:00.607  1342  1410 I am_pss  : [2517,9810,com.xiaomi.finddevice,8619008,7462912]
05-30 22:02:00.627  1342  1410 I am_pss  : [2503,1000,com.fingerprints.serviceext,3306496,2768896]
05-30 22:02:00.648  1342  1410 I am_pss  : [2487,1000,com.qti.dpmserviceapp,3773440,3096576]
05-30 22:02:00.668  1342  1410 I am_pss  : [2475,1000,com.qualcomm.qti.notificationservice,4084736,3530752]
05-30 22:02:00.689  1342  1410 I am_pss  : [2461,1000,com.quicinc.cne.CNEService,4484096,3805184]
05-30 22:02:00.712  1342  1410 I am_pss  : [2448,1000,com.miui.contentcatcher,5619712,4763648]
05-30 22:02:00.736  1342  1410 I am_pss  : [2362,1000,com.miui.daemon,22311936,20934656]
05-30 22:02:00.762  1342  1410 I am_pss  : [1931,1000,com.miui.whetstone,23664640,22192128]
05-30 22:03:00.038  1342  1410 I am_pss  : [19269,1000,system:ui,12307456,10366976]
05-30 22:04:00.061  1342  1410 I am_pss  : [13148,1000,org.simalliance.openmobileapi.service:remote,2195456,1622016]
05-30 22:04:00.096  1342  1410 I am_pss  : [11504,1002,com.xiaomi.bluetooth,2515968,1900544]
05-30 22:04:00.126  1342  1410 I am_pss  : [20561,10103,com.miui.core,2999296,2400256]
05-30 22:05:00.072  1342  1410 I am_pss  : [19269,1000,system:ui,12307456,10366976]
05-30 22:06:02.203  1342  1443 I cpu     : [7,6,3,-3,0,0]
05-30 22:06:02.204  1342  1411 I am_wtf  : [0,1342,system_server,-1,BatteryStatsService,Wifi is in disabled state]
05-30 22:06:34.213  1342  1682 I am_start_service: [-1,NULL,1000,com.miui.powerkeeper:service,com.miui.powerkeeper/.PowerKeeperBackgroundService,{act=miui.intent.action.powerkeeper_alarm flg=0x4 cmp=com.miui.powerkeeper/.PowerKeeperBackgroundService}]
05-30 22:06:34.223  1342  1691 I netstats_mobile_sample: [0,0,0,0,0,0,0,0,0,0,0,0,1527689193305]
05-30 22:06:34.223  1342  1691 I netstats_wifi_sample: [56941094,208873,21081673,137404,53927743,101947,19951293,141801,44448561,66044,20377696,150164,1527689193305]
05-30 22:06:34.248  1342  1443 I cpu     : [0,0,0,0,0,0]
05-30 22:06:52.118  1342  1411 I cpu     : [0,0,0,0,0,0]
05-30 22:08:00.044  1342  1410 I am_pss  : [19269,1000,system:ui,12307456,10366976]
05-30 22:10:00.045  1342  1410 I am_pss  : [19269,1000,system:ui,12307456,10366976]
05-30 22:11:00.045  1342  1410 I am_pss  : [21397,10104,com.jeejen.family.miui:pushcenter,12203008,8282112]
05-30 22:11:00.079  1342  1410 I am_pss  : [21348,10104,com.jeejen.family.miui:msgcenter,10060800,6459392]
05-30 22:11:40.769  1342  1411 I am_proc_start: [0,24086,10057,com.miui.hybrid,broadcast,com.miui.hybrid/.statistics.StatsReceiver]
05-30 22:11:40.769  1342  1411 I am_broadcast_wake_app: [10057,com.miui.hybrid,NULL,10057,{com.miui.hybrid/com.miui.hybrid.statistics.StatsReceiver}]
05-30 22:11:40.773  1342  1682 I am_start_service: [-1,NULL,1000,com.miui.powerkeeper:service,com.miui.powerkeeper/.PowerKeeperBackgroundService,{act=miui.intent.action.powerkeeper_alarm flg=0x4 cmp=com.miui.powerkeeper/.PowerKeeperBackgroundService}]
05-30 22:11:40.777  1342  1682 I am_start_service: [-1,NULL,10037,com.miui.analytics,com.miui.analytics/.internal.WakeupService,{flg=0x4 cmp=com.miui.analytics/.internal.WakeupService}]
05-30 22:11:40.875  1342  1380 I am_proc_bound: [0,24086,com.miui.hybrid]
05-30 22:11:41.061  1342  1913 I am_get_provider: [10057,com.miui.hybrid,1000,system,com.android.providers.settings/.SettingsProvider]
05-30 22:11:41.207  1342 17298 I am_start_service: [10057,com.miui.hybrid,10094,com.xiaomi.xmsf,com.xiaomi.xmsf/com.xiaomi.push.service.XMPushService,{pkg=com.xiaomi.xmsf cmp=com.xiaomi.xmsf/com.xiaomi.push.service.XMPushService}]
05-30 22:11:41.232  1342  2589 I am_start_service: [10057,com.miui.hybrid,10094,com.xiaomi.xmsf,com.xiaomi.xmsf/com.xiaomi.push.service.XMPushService,{act=com.xiaomi.mipush.SEND_MESSAGE pkg=com.xiaomi.xmsf cmp=com.xiaomi.xmsf/com.xiaomi.push.service.XMPushService}]
05-30 22:11:41.252  1342 14927 I am_kill : [0,23566,com.miui.securitycore.remote,15,empty #17]
05-30 22:11:41.284  1342  2290 I am_start_service: [10057,com.miui.hybrid,10057,com.miui.hybrid,com.miui.hybrid/com.xiaomi.mipush.sdk.PushMessageHandler,{act=com.xiaomi.mipush.RECEIVE_MESSAGE cmp=com.miui.hybrid/com.xiaomi.mipush.sdk.PushMessageHandler}]
05-30 22:11:41.294  1342  1995 I am_start_service: [10057,com.miui.hybrid,10094,com.xiaomi.xmsf,com.xiaomi.xmsf/com.xiaomi.push.service.XMPushService,{pkg=com.xiaomi.xmsf cmp=com.xiaomi.xmsf/com.xiaomi.push.service.XMPushService}]
05-30 22:11:41.307  1342  8273 I am_start_service: [10057,com.miui.hybrid,10094,com.xiaomi.xmsf,com.xiaomi.xmsf/com.xiaomi.push.service.XMPushService,{act=com.xiaomi.mipush.SEND_MESSAGE pkg=com.xiaomi.xmsf cmp=com.xiaomi.xmsf/com.xiaomi.push.service.XMPushService}]
05-30 22:11:41.313  1342  2615 I am_proc_died: [0,23566,com.miui.securitycore.remote,15,16]
05-30 22:11:41.336  1342  1995 I am_start_service: [10057,com.miui.hybrid,10094,com.xiaomi.xmsf,com.xiaomi.xmsf/com.xiaomi.push.service.XMPushService,{act=com.xiaomi.mipush.SEND_SECRET pkg=com.xiaomi.xmsf cmp=com.xiaomi.xmsf/com.xiaomi.push.service.XMPushService}]
05-30 22:12:00.048  1342  1410 I am_pss  : [19269,1000,system:ui,12311552,10366976]
05-30 22:13:00.051  1342  1410 I am_pss  : [24086,10057,com.miui.hybrid,28250112,24256512]
05-30 22:13:00.087  1342  1410 I am_pss  : [18414,10045,com.miui.cloudservice,11276288,9850880]
05-30 22:13:00.114  1342  1410 I am_pss  : [18524,1000,com.qualcomm.qti.modemtestmode,2135040,1552384]
05-30 22:13:00.144  1342  1410 I am_pss  : [18339,10045,com.miui.cloudservice:pushservice,5691392,4681728]
05-30 22:13:00.173  1342  1410 I am_pss  : [18571,10037,com.miui.analytics,21230592,20262912]
05-30 22:14:00.056  1342  1410 I am_pss  : [14682,1000,com.miui.securitycenter.remote,22697984,21209088]
05-30 22:14:00.087  1342  1410 I am_pss  : [19225,1000,com.qualcomm.display,1744896,1273856]
05-30 22:14:00.116  1342  1410 I am_pss  : [18967,10092,com.xiaomi.account:pushservice,4824064,3969024]
05-30 22:14:00.143  1342  1410 I am_pss  : [18791,1000,com.miui.autotestutils,3945472,3420160]
05-30 22:14:00.171  1342  1410 I am_pss  : [19269,1000,system:ui,12311552,10366976]
05-30 22:14:00.195  1342  1410 I am_pss  : [18665,10084,com.miui.systemAdSolution,8143872,7208960]
05-30 22:14:00.220  1342  1410 I am_pss  : [18885,10030,com.android.quicksearchbox,15125504,11866112]
05-30 22:15:00.037  1342  1410 I am_pss  : [19405,10104,com.jeejen.family.miui:monitor,5478400,2502656]
05-30 22:15:00.062  1342  1410 I am_pss  : [19371,1001,com.qualcomm.qti.autoregistration,1821696,1335296]
05-30 22:15:00.085  1342  1410 I am_pss  : [19291,10029,com.android.statementservice,1882112,1359872]
05-30 22:15:00.113  1342  1410 I am_pss  : [22202,10056,com.xiaomi.metoknlp,12545024,11374592]
05-30 22:15:00.141  1342  1410 I am_pss  : [3630,1002,com.android.bluetooth,10480640,7086080]
05-30 22:15:00.161  1342  1410 I am_pss  : [19571,10040,com.qualcomm.qti.accesscache,3823616,2334720]
05-30 22:15:00.181  1342  1410 I am_pss  : [19353,10087,com.android.smspush,3782656,2289664]
05-30 22:15:00.202  1342  1410 I am_pss  : [21805,1001,com.qualcomm.qcrilmsgtunnel,4618240,3956736]
05-30 22:15:00.226  1342  1410 I am_pss  : [22591,10021,com.android.browser,8883200,5668864]
05-30 22:15:00.252  1342  1410 I am_pss  : [20044,1000,com.miui.powerkeeper:service,20773888,19353600]
05-30 22:15:00.286  1342  1410 I am_pss  : [20018,10101,com.sohu.inputmethod.sogou.xiaomi,69531648,65347584]
05-30 22:15:00.307  1342  1410 I am_pss  : [17052,1000,com.qti.service.colorservice,4033536,3420160]
05-30 22:16:00.041  1342  1410 I am_pss  : [18831,10032,com.miui.personalassistant,8299520,4878336]
05-30 22:16:00.072  1342  1410 I am_pss  : [19863,10001,com.lbe.security.miui,14187520,13258752]
05-30 22:16:00.099  1342  1410 I am_pss  : [21362,10104,com.jeejen.family.miui,23443456,19668992]
05-30 22:16:00.123  1342  1410 I am_pss  : [19269,1000,system:ui,12311552,10366976]
05-30 22:16:34.214  1342  1682 I am_start_service: [-1,NULL,1000,com.miui.powerkeeper:service,com.miui.powerkeeper/.PowerKeeperBackgroundService,{act=miui.intent.action.powerkeeper_alarm flg=0x4 cmp=com.miui.powerkeeper/.PowerKeeperBackgroundService}]
05-30 22:17:00.039  1342  1410 I am_pss  : [1914,10094,com.xiaomi.xmsf,16147456,14712832]
05-30 22:17:00.177  1342  1410 I am_pss  : [1342,1000,system,250957824,206221312]
05-30 22:17:00.240  1342  1410 I am_pss  : [1803,1000,com.android.systemui,56150016,51150848]
05-30 22:17:00.272  1342  1410 I am_pss  : [2631,1001,com.android.phone,20122624,17170432]
05-30 22:17:00.294  1342  1410 I am_pss  : [2610,1000,com.qualcomm.qti.tetherservice,3916800,3321856]
05-30 22:17:00.314  1342  1410 I am_pss  : [2586,1000,com.quicinc.wbcserviceapp,3235840,2699264]
05-30 22:17:00.334  1342  1410 I am_pss  : [2568,1000,com.mi.AutoTest,3167232,2633728]
05-30 22:17:00.354  1342  1410 I am_pss  : [2551,1000,com.qualcomm.qti.carrierconfigure,3399680,2830336]
05-30 22:17:00.374  1342  1410 I am_pss  : [2530,1001,com.qualcomm.qti.loadcarrier,4060160,3497984]
05-30 22:17:00.399  1342  1410 I am_pss  : [2517,9810,com.xiaomi.finddevice,8634368,7467008]
05-30 22:17:00.419  1342  1410 I am_pss  : [2503,1000,com.fingerprints.serviceext,3315712,2768896]
05-30 22:17:00.440  1342  1410 I am_pss  : [2487,1000,com.qti.dpmserviceapp,3781632,3096576]
05-30 22:17:00.460  1342  1410 I am_pss  : [2475,1000,com.qualcomm.qti.notificationservice,4092928,3530752]
05-30 22:17:00.481  1342  1410 I am_pss  : [2461,1000,com.quicinc.cne.CNEService,4498432,3809280]
05-30 22:17:00.504  1342  1410 I am_pss  : [2448,1000,com.miui.contentcatcher,5629952,4763648]
05-30 22:17:00.528  1342  1410 I am_pss  : [2362,1000,com.miui.daemon,23067648,21676032]
05-30 22:17:00.554  1342  1410 I am_pss  : [1931,1000,com.miui.whetstone,23692288,22208512]
05-30 22:18:00.071  1342  1410 I am_pss  : [19269,1000,system:ui,12311552,10366976]
05-30 22:21:00.043  1342  1410 I am_pss  : [19269,1000,system:ui,12311552,10366976]
05-30 22:21:34.209  1342  1682 I am_start_service: [-1,NULL,1000,com.miui.powerkeeper:service,com.miui.powerkeeper/.PowerKeeperBackgroundService,{act=miui.intent.action.powerkeeper_alarm flg=0x4 cmp=com.miui.powerkeeper/.PowerKeeperBackgroundService}]
05-30 22:21:52.204  1342  1411 I cpu     : [0,0,0,0,0,0]
05-30 22:23:00.046  1342  1410 I am_pss  : [19269,1000,system:ui,12311552,10366976]
05-30 22:25:00.042  1342  1410 I am_pss  : [13148,1000,org.simalliance.openmobileapi.service:remote,2207744,1622016]
05-30 22:25:00.076  1342  1410 I am_pss  : [11504,1002,com.xiaomi.bluetooth,2533376,1900544]
05-30 22:25:00.107  1342  1410 I am_pss  : [20561,10103,com.miui.core,3012608,2400256]
05-30 22:25:00.135  1342  1410 I am_pss  : [19269,1000,system:ui,12311552,10366976]
05-30 22:27:00.056  1342  1410 I am_pss  : [19269,1000,system:ui,12311552,10366976]
05-30 22:28:00.064  1342  1410 I am_pss  : [18571,10037,com.miui.analytics,16081920,15114240]
05-30 22:28:46.582  1342  1682 I am_start_service: [-1,NULL,1000,com.miui.powerkeeper:service,com.miui.powerkeeper/.PowerKeeperBackgroundService,{act=miui.intent.action.powerkeeper_alarm flg=0x4 cmp=com.miui.powerkeeper/.PowerKeeperBackgroundService}]
05-30 22:28:46.586  1342  1682 I am_start_service: [-1,NULL,10037,com.miui.analytics,com.miui.analytics/.internal.WakeupService,{flg=0x4 cmp=com.miui.analytics/.internal.WakeupService}]
05-30 22:28:46.586  1342  1410 I am_pss  : [23244,10089,com.xiaomi.vipaccount,6301696,4784128]
05-30 22:28:46.621  1342  1410 I am_pss  : [23126,10009,android.process.mediaUI,5975040,5292032]
05-30 22:29:00.041  1342  1410 I am_pss  : [23344,1001,com.miui.vsimcore,2706432,2207744]
05-30 22:29:00.076  1342  1410 I am_pss  : [23267,10089,com.xiaomi.vipaccount:log,5534720,4026368]
05-30 22:29:00.115  1342  1410 I am_pss  : [14682,1000,com.miui.securitycenter.remote,22696960,21209088]
05-30 22:29:00.144  1342  1410 I am_pss  : [19269,1000,system:ui,12311552,10366976]
05-30 22:29:00.171  1342  1410 I am_pss  : [18665,10084,com.miui.systemAdSolution,8143872,7208960]
05-30 22:30:00.050  1342  1410 I am_pss  : [23214,10069,com.xiaomi.market,13907968,12783616]
05-30 22:30:00.088  1342  1410 I am_pss  : [22202,10056,com.xiaomi.metoknlp,12549120,11378688]
05-30 22:30:00.127  1342  1410 I am_pss  : [3630,1002,com.android.bluetooth,10484736,7090176]
05-30 22:30:00.153  1342  1410 I am_pss  : [19571,10040,com.qualcomm.qti.accesscache,3823616,2334720]
05-30 22:30:00.178  1342  1410 I am_pss  : [19353,10087,com.android.smspush,3782656,2289664]
05-30 22:30:00.203  1342  1410 I am_pss  : [21805,1001,com.qualcomm.qcrilmsgtunnel,4618240,3956736]
05-30 22:30:00.229  1342  1410 I am_pss  : [22591,10021,com.android.browser,8883200,5668864]
05-30 22:30:00.255  1342  1410 I am_pss  : [20044,1000,com.miui.powerkeeper:service,20851712,19431424]
05-30 22:30:00.290  1342  1410 I am_pss  : [20018,10101,com.sohu.inputmethod.sogou.xiaomi,69531648,65347584]
05-30 22:30:00.310  1342  1410 I am_pss  : [17052,1000,com.qti.service.colorservice,4033536,3420160]
05-30 22:31:00.039  1342  1410 I am_pss  : [21397,10104,com.jeejen.family.miui:pushcenter,11816960,8282112]
05-30 22:31:00.067  1342  1410 I am_pss  : [21348,10104,com.jeejen.family.miui:msgcenter,9710592,6459392]
05-30 22:31:00.092  1342  1410 I am_pss  : [19269,1000,system:ui,12311552,10366976]
05-30 22:31:00.118  1342  1410 I am_pss  : [18831,10032,com.miui.personalassistant,8299520,4878336]
05-30 22:31:00.143  1342  1410 I am_pss  : [19863,10001,com.lbe.security.miui,14187520,13258752]
05-30 22:31:00.168  1342  1410 I am_pss  : [21362,10104,com.jeejen.family.miui,23443456,19668992]
05-30 22:31:34.209  1342  1682 I am_start_service: [-1,NULL,1000,com.miui.powerkeeper:service,com.miui.powerkeeper/.PowerKeeperBackgroundService,{act=miui.intent.action.powerkeeper_alarm flg=0x4 cmp=com.miui.powerkeeper/.PowerKeeperBackgroundService}]
05-30 22:32:00.035  1342  1410 I am_pss  : [23967,2000,com.android.shell,3858432,3125248]
05-30 22:32:00.061  1342  1410 I am_pss  : [23951,10011,com.android.externalstorage,3686400,2945024]
05-30 22:32:00.091  1342  1410 I am_pss  : [16473,10009,android.process.media,7768064,6717440]
05-30 22:32:00.113  1342  1410 I am_pss  : [23936,10044,com.android.documentsui,4670464,3870720]
05-30 22:32:00.133  1342  1410 I am_pss  : [23324,1000,com.android.keychain,2670592,2105344]
05-30 22:32:00.157  1342  1410 I am_pss  : [23185,10067,com.xiaomi.gamecenter,9968640,9007104]
05-30 22:32:00.177  1342  1410 I am_pss  : [23165,10036,com.xiaomi.providers.appindex,2967552,2404352]
05-30 22:32:00.200  1342  1410 I am_pss  : [23104,10003,android.process.acore,20616192,19525632]
05-30 22:32:00.221  1342  1410 I am_pss  : [23078,10007,com.android.defcontainer,2376704,1798144]
05-30 22:32:00.245  1342  1410 I am_pss  : [1914,10094,com.xiaomi.xmsf,16147456,14712832]
05-30 22:32:00.375  1342  1410 I am_pss  : [1342,1000,system,252034048,207298560]
05-30 22:32:00.439  1342  1410 I am_pss  : [1803,1000,com.android.systemui,56287232,51290112]
05-30 22:32:00.471  1342  1410 I am_pss  : [2631,1001,com.android.phone,20126720,17174528]
05-30 22:32:00.493  1342  1410 I am_pss  : [2610,1000,com.qualcomm.qti.tetherservice,3916800,3321856]
05-30 22:32:00.513  1342  1410 I am_pss  : [2586,1000,com.quicinc.wbcserviceapp,3235840,2699264]
05-30 22:32:00.533  1342  1410 I am_pss  : [2568,1000,com.mi.AutoTest,3167232,2633728]
05-30 22:32:00.553  1342  1410 I am_pss  : [2551,1000,com.qualcomm.qti.carrierconfigure,3399680,2830336]
05-30 22:32:00.573  1342  1410 I am_pss  : [2530,1001,com.qualcomm.qti.loadcarrier,4060160,3497984]
05-30 22:32:00.598  1342  1410 I am_pss  : [2517,9810,com.xiaomi.finddevice,8634368,7467008]
05-30 22:32:00.618  1342  1410 I am_pss  : [2503,1000,com.fingerprints.serviceext,3315712,2768896]
05-30 22:32:00.639  1342  1410 I am_pss  : [2487,1000,com.qti.dpmserviceapp,3781632,3096576]
05-30 22:32:00.659  1342  1410 I am_pss  : [2475,1000,com.qualcomm.qti.notificationservice,4092928,3530752]
05-30 22:32:00.680  1342  1410 I am_pss  : [2461,1000,com.quicinc.cne.CNEService,4498432,3809280]
05-30 22:32:00.703  1342  1410 I am_pss  : [2448,1000,com.miui.contentcatcher,5629952,4763648]
05-30 22:32:00.727  1342  1410 I am_pss  : [2362,1000,com.miui.daemon,21047296,19656704]
05-30 22:32:00.752  1342  1410 I am_pss  : [1931,1000,com.miui.whetstone,23704576,22220800]
05-30 22:33:00.053  1342  1410 I am_pss  : [19269,1000,system:ui,12311552,10366976]
05-30 22:33:00.083  1342  1410 I am_pss  : [18414,10045,com.miui.cloudservice,11276288,9850880]
05-30 22:33:00.106  1342  1410 I am_pss  : [18524,1000,com.qualcomm.qti.modemtestmode,2135040,1552384]
05-30 22:33:00.132  1342  1410 I am_pss  : [18339,10045,com.miui.cloudservice:pushservice,5691392,4681728]
05-30 22:34:00.058  1342  1410 I am_pss  : [19225,1000,com.qualcomm.display,1744896,1273856]
05-30 22:34:00.095  1342  1410 I am_pss  : [18967,10092,com.xiaomi.account:pushservice,4824064,3969024]
05-30 22:34:00.124  1342  1410 I am_pss  : [18791,1000,com.miui.autotestutils,3945472,3420160]
05-30 22:35:00.047  1342  1410 I am_pss  : [19405,10104,com.jeejen.family.miui:monitor,5478400,2502656]
05-30 22:35:00.077  1342  1410 I am_pss  : [19371,1001,com.qualcomm.qti.autoregistration,1821696,1335296]
05-30 22:35:00.107  1342  1410 I am_pss  : [19291,10029,com.android.statementservice,1882112,1359872]
05-30 22:35:00.137  1342  1410 I am_pss  : [19269,1000,system:ui,12311552,10366976]
05-30 22:36:02.197  1342  1443 I cpu     : [0,0,0,0,0,0]
05-30 22:36:02.198  1342  1411 I am_wtf  : [0,1342,system_server,-1,BatteryStatsService,Wifi is in disabled state]
05-30 22:36:20.236  1342  1342 I sysui_count: [note_post,79]
05-30 22:36:20.236  1342  1342 I sysui_count: [note_update,11]
05-30 22:36:20.236  1342  1342 I sysui_count: [note_remove,78]
05-30 22:36:20.236  1342  1342 I sysui_count: [people_cache_hit,90]
05-30 22:36:20.236  1342  1342 I sysui_count: [note_private,90]
05-30 22:36:20.236  1342  1342 I sysui_count: [note_prio_high,22]
05-30 22:36:20.236  1342  1342 I sysui_count: [note_prio_min,16]
05-30 22:36:20.236  1342  1342 I sysui_count: [note_fg,67]
05-30 22:36:20.236  1342  1342 I sysui_count: [note_ongoing,22]
05-30 22:36:20.236  1342  1342 I sysui_count: [note_auto,1]
05-30 22:36:23.044  1342  1342 I sysui_count: [dnd_mode_0,21600003]
05-30 22:36:52.297  1342  1411 I cpu     : [0,0,0,0,0,0]
05-30 22:36:58.377  1342  1342 I free_storage_left: [5366255616,617607168,254476288]
05-30 22:37:00.071  1342  1410 I am_pss  : [19269,1000,system:ui,12311552,10366976]
05-30 22:37:23.173  1342  1682 I am_start_service: [-1,NULL,1000,com.miui.powerkeeper:service,com.miui.powerkeeper/.PowerKeeperBackgroundService,{act=miui.intent.action.powerkeeper_alarm flg=0x4 cmp=com.miui.powerkeeper/.PowerKeeperBackgroundService}]
05-30 22:37:23.177  1342  1682 I am_start_service: [-1,NULL,10037,com.miui.analytics,com.miui.analytics/.internal.WakeupService,{flg=0x4 cmp=com.miui.analytics/.internal.WakeupService}]
05-30 22:37:23.184  1342  1691 I netstats_mobile_sample: [0,0,0,0,0,0,0,0,0,0,0,0,1527691042266]
05-30 22:37:23.184  1342  1691 I netstats_wifi_sample: [56941094,208873,21081673,137404,53927743,101947,19951293,141801,44448561,66044,20377696,150164,1527691042266]
05-30 22:37:23.198  1342  1410 I am_bind_service: [1000,system,1000,com.miui.daemon,com.miui.daemon/.mqsas.jobs.CloudSyncService,{cmp=com.miui.daemon/.mqsas.jobs.CloudSyncService}]
05-30 22:37:23.204  1342  1410 I am_bind_service: [1000,system,1000,com.miui.whetstone,com.miui.whetstone/.autoClean.status.StatusUpdateJobService,{cmp=com.miui.whetstone/.autoClean.status.StatusUpdateJobService}]
05-30 22:37:23.379  1342  2507 I am_proc_start: [0,24349,1000,com.android.settings:remote,content provider,com.android.settings/.cloud.CloudSettingsProvider]
05-30 22:37:23.379  1342  2507 I am_get_provider: [1000,com.miui.daemon,1000,com.android.settings,com.android.settings/.cloud.CloudSettingsProvider]
05-30 22:37:23.452  1342  2531 I am_proc_bound: [0,24349,com.android.settings:remote]
05-30 22:37:23.739  1342  1378 I am_start_service: [1000,com.android.settings:remote,10103,com.miui.core,com.miui.core/com.miui.internal.server.CoreService,{act=android.intent.action.MAIN cmp=com.miui.core/com.miui.internal.server.CoreService}]
05-30 22:37:23.749  1342  2561 I am_kill : [0,23078,com.android.defcontainer,15,empty #17]
05-30 22:37:23.772  1342  2615 I am_proc_died: [0,23078,com.android.defcontainer,15,16]
05-30 22:37:23.814  1342  2589 I am_get_provider: [1000,com.android.settings:remote,1000,system,com.android.providers.settings/.SettingsProvider]
05-30 22:37:23.821  1342  1380 I am_get_provider: [1000,com.miui.daemon,1000,com.android.settings,com.android.settings/.cloud.CloudSettingsProvider]
05-30 22:37:23.835  1342  2326 I am_get_provider: [1000,com.miui.daemon,1000,com.android.settings,com.android.settings/.cloud.CloudSettingsProvider]
05-30 22:37:23.851  1342  2287 I am_get_provider: [1000,com.miui.daemon,1000,com.android.settings,com.android.settings/.cloud.CloudSettingsProvider]
05-30 22:37:24.163  1342  2290 I am_get_provider: [1000,com.miui.daemon,1000,com.android.settings,com.android.settings/.cloud.CloudSettingsProvider]
05-30 22:37:25.074  1342  1924 I am_get_provider: [1000,com.miui.daemon,1000,com.android.settings,com.android.settings/.cloud.CloudSettingsProvider]
05-30 22:37:25.104  1342  2589 I am_get_provider: [1000,com.miui.daemon,1000,com.android.settings,com.android.settings/.cloud.CloudSettingsProvider]
05-30 22:38:00.048  1342  1410 I am_pss  : [24349,1000,com.android.settings:remote,8225792,7249920]
05-30 22:39:20.731  1342  1717 I am_get_provider: [1000,system,1000,com.android.settings,com.android.settings/.cloud.CloudSettingsProvider]
05-30 22:39:20.754  1342  1717 I am_get_provider: [1000,system,1000,com.android.settings,com.android.settings/.cloud.CloudSettingsProvider]
05-30 22:39:20.773  1342  1410 I am_pss  : [19269,1000,system:ui,12308480,10366976]
05-30 22:40:00.046  1342  1410 I am_pss  : [24349,1000,com.android.settings:remote,8152064,7176192]
05-30 22:41:35.267  1342  1410 I am_pss  : [19269,1000,system:ui,12308480,10366976]
05-30 22:43:00.052  1342  1410 I am_pss  : [24086,10057,com.miui.hybrid,28299264,24305664]
05-30 22:43:34.489  1342  1682 I am_start_service: [-1,NULL,1000,com.miui.powerkeeper:service,com.miui.powerkeeper/.PowerKeeperBackgroundService,{act=miui.intent.action.powerkeeper_alarm flg=0x4 cmp=com.miui.powerkeeper/.PowerKeeperBackgroundService}]
05-30 22:43:34.526  1342  1410 I am_pss  : [18571,10037,com.miui.analytics,16030720,15011840]
05-30 22:44:00.043  1342  1410 I am_pss  : [19269,1000,system:ui,12308480,10366976]
05-30 22:44:00.088  1342  1410 I am_pss  : [14682,1000,com.miui.securitycenter.remote,22679552,21217280]
05-30 22:44:00.116  1342  1410 I am_pss  : [18665,10084,com.miui.systemAdSolution,8127488,7213056]
05-30 22:44:00.147  1342  1410 I am_pss  : [18885,10030,com.android.quicksearchbox,15124480,11866112]
05-30 22:44:59.341   656   656 I auditd  : type=1400 audit(0.0:931342): avc: denied { search } for comm="cnss_diag" name="user" dev="tmpfs" ino=6313 scontext=u:r:wcnss_service:s0 tcontext=u:object_r:mnt_user_file:s0 tclass=dir permissive=0
05-30 22:44:59.341   656   656 I auditd  : type=1400 audit(0.0:931343): avc: denied { search } for comm="cnss_diag" name="user" dev="tmpfs" ino=6313 scontext=u:r:wcnss_service:s0 tcontext=u:object_r:mnt_user_file:s0 tclass=dir permissive=0
05-30 22:44:59.341   656   656 I auditd  : type=1400 audit(0.0:931344): avc: denied { search } for comm="cnss_diag" name="user" dev="tmpfs" ino=6313 scontext=u:r:wcnss_service:s0 tcontext=u:object_r:mnt_user_file:s0 tclass=dir permissive=0
05-30 22:44:59.341   656   656 I auditd  : type=1400 audit(0.0:931345): avc: denied { search } for comm="cnss_diag" name="user" dev="tmpfs" ino=6313 scontext=u:r:wcnss_service:s0 tcontext=u:object_r:mnt_user_file:s0 tclass=dir permissive=0
05-30 22:44:59.341   656   656 I auditd  : type=1400 audit(0.0:931346): avc: denied { search } for comm="cnss_diag" name="user" dev="tmpfs" ino=6313 scontext=u:r:wcnss_service:s0 tcontext=u:object_r:mnt_user_file:s0 tclass=dir permissive=0
05-30 22:44:59.341   656   656 I auditd  : type=1400 audit(0.0:931347): avc: denied { search } for comm="cnss_diag" name="user" dev="tmpfs" ino=6313 scontext=u:r:wcnss_service:s0 tcontext=u:object_r:mnt_user_file:s0 tclass=dir permissive=0
05-30 22:44:59.341   656   656 I auditd  : type=1400 audit(0.0:931348): avc: denied { search } for comm="cnss_diag" name="user" dev="tmpfs" ino=6313 scontext=u:r:wcnss_service:s0 tcontext=u:object_r:mnt_user_file:s0 tclass=dir permissive=0
05-30 22:44:59.341   656   656 I auditd  : type=1400 audit(0.0:931349): avc: denied { search } for comm="cnss_diag" name="user" dev="tmpfs" ino=6313 scontext=u:r:wcnss_service:s0 tcontext=u:object_r:mnt_user_file:s0 tclass=dir permissive=0
05-30 22:44:59.341   656   656 I auditd  : type=1400 audit(0.0:931350): avc: denied { search } for comm="cnss_diag" name="user" dev="tmpfs" ino=6313 scontext=u:r:wcnss_service:s0 tcontext=u:object_r:mnt_user_file:s0 tclass=dir permissive=0
05-30 22:44:59.341   656   656 I auditd  : type=1400 audit(0.0:931351): avc: denied { search } for comm="cnss_diag" name="user" dev="tmpfs" ino=6313 scontext=u:r:wcnss_service:s0 tcontext=u:object_r:mnt_user_file:s0 tclass=dir permissive=0
05-30 22:44:59.341   656   656 I auditd  : type=1400 audit(0.0:931352): avc: denied { search } for comm="cnss_diag" name="user" dev="tmpfs" ino=6313 scontext=u:r:wcnss_service:s0 tcontext=u:object_r:mnt_user_file:s0 tclass=dir permissive=0
05-30 22:44:59.341   656   656 I auditd  : type=1400 audit(0.0:931353): avc: denied { search } for comm="cnss_diag" name="user" dev="tmpfs" ino=6313 scontext=u:r:wcnss_service:s0 tcontext=u:object_r:mnt_user_file:s0 tclass=dir permissive=0
05-30 22:44:59.341   656   656 I auditd  : type=1400 audit(0.0:931354): avc: denied { search } for comm="cnss_diag" name="user" dev="tmpfs" ino=6313 scontext=u:r:wcnss_service:s0 tcontext=u:object_r:mnt_user_file:s0 tclass=dir permissive=0
05-30 22:44:59.341   656   656 I auditd  : type=1400 audit(0.0:931355): avc: denied { search } for comm="cnss_diag" name="user" dev="tmpfs" ino=6313 scontext=u:r:wcnss_service:s0 tcontext=u:object_r:mnt_user_file:s0 tclass=dir permissive=0
05-30 22:44:59.341   656   656 I auditd  : type=1400 audit(0.0:931356): avc: denied { search } for comm="cnss_diag" name="user" dev="tmpfs" ino=6313 scontext=u:r:wcnss_service:s0 tcontext=u:object_r:mnt_user_file:s0 tclass=dir permissive=0
05-30 22:44:59.341   656   656 I auditd  : type=1400 audit(0.0:931357): avc: denied { search } for comm="cnss_diag" name="user" dev="tmpfs" ino=6313 scontext=u:r:wcnss_service:s0 tcontext=u:object_r:mnt_user_file:s0 tclass=dir permissive=0
05-30 22:44:59.341   656   656 I auditd  : type=1400 audit(0.0:931358): avc: denied { search } for comm="cnss_diag" name="user" dev="tmpfs" ino=6313 scontext=u:r:wcnss_service:s0 tcontext=u:object_r:mnt_user_file:s0 tclass=dir permissive=0
05-30 22:44:59.341   656   656 I auditd  : type=1400 audit(0.0:931359): avc: denied { search } for comm="cnss_diag" name="user" dev="tmpfs" ino=6313 scontext=u:r:wcnss_service:s0 tcontext=u:object_r:mnt_user_file:s0 tclass=dir permissive=0
05-30 22:44:59.341   656   656 I auditd  : type=1400 audit(0.0:931360): avc: denied { search } for comm="cnss_diag" name="user" dev="tmpfs" ino=6313 scontext=u:r:wcnss_service:s0 tcontext=u:object_r:mnt_user_file:s0 tclass=dir permissive=0
05-30 22:44:59.341   656   656 I auditd  : type=1400 audit(0.0:931361): avc: denied { search } for comm="cnss_diag" name="user" dev="tmpfs" ino=6313 scontext=u:r:wcnss_service:s0 tcontext=u:object_r:mnt_user_file:s0 tclass=dir permissive=0
05-30 22:44:59.341   656   656 I auditd  : type=1400 audit(0.0:931362): avc: denied { search } for comm="cnss_diag" name="user" dev="tmpfs" ino=6313 scontext=u:r:wcnss_service:s0 tcontext=u:object_r:mnt_user_file:s0 tclass=dir permissive=0
05-30 22:44:59.341   656   656 I auditd  : type=1400 audit(0.0:931363): avc: denied { search } for comm="cnss_diag" name="user" dev="tmpfs" ino=6313 scontext=u:r:wcnss_service:s0 tcontext=u:object_r:mnt_user_file:s0 tclass=dir permissive=0
05-30 22:44:59.341   656   656 I auditd  : type=1400 audit(0.0:931364): avc: denied { search } for comm="cnss_diag" name="user" dev="tmpfs" ino=6313 scontext=u:r:wcnss_service:s0 tcontext=u:object_r:mnt_user_file:s0 tclass=dir permissive=0
05-30 22:44:59.341   656   656 I auditd  : type=1400 audit(0.0:931365): avc: denied { search } for comm="cnss_diag" name="user" dev="tmpfs" ino=6313 scontext=u:r:wcnss_service:s0 tcontext=u:object_r:mnt_user_file:s0 tclass=dir permissive=0
05-30 22:44:59.341   656   656 I auditd  : type=1400 audit(0.0:931366): avc: denied { search } for comm="cnss_diag" name="user" dev="tmpfs" ino=6313 scontext=u:r:wcnss_service:s0 tcontext=u:object_r:mnt_user_file:s0 tclass=dir permissive=0
05-30 22:44:59.341   656   656 I auditd  : type=1400 audit(0.0:931367): avc: denied { search } for comm="cnss_diag" name="user" dev="tmpfs" ino=6313 scontext=u:r:wcnss_service:s0 tcontext=u:object_r:mnt_user_file:s0 tclass=dir permissive=0
05-30 22:44:59.341   656   656 I auditd  : type=1400 audit(0.0:931368): avc: denied { search } for comm="cnss_diag" name="user" dev="tmpfs" ino=6313 scontext=u:r:wcnss_service:s0 tcontext=u:object_r:mnt_user_file:s0 tclass=dir permissive=0
05-30 22:44:59.341   656   656 I auditd  : type=1400 audit(0.0:931369): avc: denied { search } for comm="cnss_diag" name="user" dev="tmpfs" ino=6313 scontext=u:r:wcnss_service:s0 tcontext=u:object_r:mnt_user_file:s0 tclass=dir permissive=0
05-30 22:44:59.341   656   656 I auditd  : type=1400 audit(0.0:931370): avc: denied { search } for comm="cnss_diag" name="user" dev="tmpfs" ino=6313 scontext=u:r:wcnss_service:s0 tcontext=u:object_r:mnt_user_file:s0 tclass=dir permissive=0
05-30 22:44:59.341   656   656 I auditd  : type=1400 audit(0.0:931371): avc: denied { search } for comm="cnss_diag" name="user" dev="tmpfs" ino=6313 scontext=u:r:wcnss_service:s0 tcontext=u:object_r:mnt_user_file:s0 tclass=dir permissive=0
05-30 22:44:59.341   656   656 I auditd  : type=1400 audit(0.0:931372): avc: denied { search } for comm="cnss_diag" name="user" dev="tmpfs" ino=6313 scontext=u:r:wcnss_service:s0 tcontext=u:object_r:mnt_user_file:s0 tclass=dir permissive=0
05-30 22:44:59.341   656   656 I auditd  : type=1400 audit(0.0:931373): avc: denied { search } for comm="cnss_diag" name="user" dev="tmpfs" ino=6313 scontext=u:r:wcnss_service:s0 tcontext=u:object_r:mnt_user_file:s0 tclass=dir permissive=0
05-30 22:44:59.341   656   656 I auditd  : type=1400 audit(0.0:931374): avc: denied { search } for comm="cnss_diag" name="user" dev="tmpfs" ino=6313 scontext=u:r:wcnss_service:s0 tcontext=u:object_r:mnt_user_file:s0 tclass=dir permissive=0
05-30 22:44:59.341   656   656 I auditd  : type=1400 audit(0.0:931375): avc: denied { search } for comm="cnss_diag" name="user" dev="tmpfs" ino=6313 scontext=u:r:wcnss_service:s0 tcontext=u:object_r:mnt_user_file:s0 tclass=dir permissive=0
05-30 22:44:59.341   656   656 I auditd  : type=1400 audit(0.0:931376): avc: denied { search } for comm="cnss_diag" name="user" dev="tmpfs" ino=6313 scontext=u:r:wcnss_service:s0 tcontext=u:object_r:mnt_user_file:s0 tclass=dir permissive=0
05-30 22:45:00.037  1342  1410 I am_pss  : [13148,1000,org.simalliance.openmobileapi.service:remote,2207744,1622016]
05-30 22:45:00.065  1342  1410 I am_pss  : [11504,1002,com.xiaomi.bluetooth,2531328,1900544]
05-30 22:45:00.090  1342  1410 I am_pss  : [20561,10103,com.miui.core,3082240,2473984]
05-30 22:45:00.117  1342  1410 I am_pss  : [22202,10056,com.xiaomi.metoknlp,12562432,11415552]
05-30 22:45:00.146  1342  1410 I am_pss  : [3630,1002,com.android.bluetooth,10488832,7094272]
05-30 22:45:00.166  1342  1410 I am_pss  : [19571,10040,com.qualcomm.qti.accesscache,3805184,2334720]
05-30 22:45:00.186  1342  1410 I am_pss  : [19353,10087,com.android.smspush,3764224,2289664]
05-30 22:45:00.207  1342  1410 I am_pss  : [21805,1001,com.qualcomm.qcrilmsgtunnel,4602880,3956736]
05-30 22:45:00.230  1342  1410 I am_pss  : [22591,10021,com.android.browser,8883200,5668864]
05-30 22:45:00.256  1342  1410 I am_pss  : [20044,1000,com.miui.powerkeeper:service,20888576,19488768]
05-30 22:45:00.291  1342  1410 I am_pss  : [20018,10101,com.sohu.inputmethod.sogou.xiaomi,69646336,65482752]
05-30 22:45:00.311  1342  1410 I am_pss  : [17052,1000,com.qti.service.colorservice,4022272,3420160]
05-30 22:45:00.391   656   656 I auditd  : type=1400 audit(0.0:931438): avc: denied { search } for comm="cnss_diag" name="user" dev="tmpfs" ino=6313 scontext=u:r:wcnss_service:s0 tcontext=u:object_r:mnt_user_file:s0 tclass=dir permissive=0
05-30 22:45:00.391   656   656 I auditd  : type=1400 audit(0.0:931439): avc: denied { search } for comm="cnss_diag" name="user" dev="tmpfs" ino=6313 scontext=u:r:wcnss_service:s0 tcontext=u:object_r:mnt_user_file:s0 tclass=dir permissive=0
05-30 22:46:00.038  1342  1410 I am_pss  : [19269,1000,system:ui,12308480,10366976]
05-30 22:46:00.068  1342  1410 I am_pss  : [18831,10032,com.miui.personalassistant,8298496,4878336]
05-30 22:46:00.096  1342  1410 I am_pss  : [19863,10001,com.lbe.security.miui,14167040,13258752]
05-30 22:46:00.122  1342  1410 I am_pss  : [21362,10104,com.jeejen.family.miui,23441408,19668992]
05-30 22:47:00.042  1342  1410 I am_pss  : [1914,10094,com.xiaomi.xmsf,16128000,14712832]
05-30 22:47:00.179  1342  1410 I am_pss  : [1342,1000,system,251084800,206372864]
05-30 22:47:44.534  1342  1682 I am_start_service: [-1,NULL,1000,com.miui.powerkeeper:service,com.miui.powerkeeper/.PowerKeeperBackgroundService,{act=miui.intent.action.powerkeeper_alarm flg=0x4 cmp=com.miui.powerkeeper/.PowerKeeperBackgroundService}]
05-30 22:47:44.585  1342  1410 I am_pss  : [2631,1001,com.android.phone,20186112,17252352]
05-30 22:47:44.612  1342  1410 I am_pss  : [2610,1000,com.qualcomm.qti.tetherservice,3904512,3321856]
05-30 22:47:44.635  1342  1410 I am_pss  : [2586,1000,com.quicinc.wbcserviceapp,3223552,2699264]
05-30 22:47:44.657  1342  1410 I am_pss  : [2568,1000,com.mi.AutoTest,3154944,2633728]
05-30 22:47:44.677  1342  1410 I am_pss  : [2551,1000,com.qualcomm.qti.carrierconfigure,3387392,2830336]
05-30 22:47:44.697  1342  1410 I am_pss  : [2530,1001,com.qualcomm.qti.loadcarrier,4046848,3497984]
05-30 22:47:44.722  1342  1410 I am_pss  : [2517,9810,com.xiaomi.finddevice,8612864,7462912]
05-30 22:47:44.742  1342  1410 I am_pss  : [2503,1000,com.fingerprints.serviceext,3302400,2768896]
05-30 22:47:44.762  1342  1410 I am_pss  : [2487,1000,com.qti.dpmserviceapp,3767296,3096576]
05-30 22:47:44.783  1342  1410 I am_pss  : [2475,1000,com.qualcomm.qti.notificationservice,4083712,3534848]
05-30 22:47:44.803  1342  1410 I am_pss  : [2461,1000,com.quicinc.cne.CNEService,4488192,3813376]
05-30 22:47:44.827  1342  1410 I am_pss  : [2448,1000,com.miui.contentcatcher,5615616,4763648]
05-30 22:47:44.851  1342  1410 I am_pss  : [2362,1000,com.miui.daemon,22486016,21114880]
05-30 22:47:44.876  1342  1410 I am_pss  : [1931,1000,com.miui.whetstone,23774208,22306816]
05-30 22:47:44.939  1342  1410 I am_pss  : [1803,1000,com.android.systemui,56413184,51433472]
05-30 22:48:00.040  1342  1410 I am_pss  : [19269,1000,system:ui,12308480,10366976]
05-30 22:50:00.056  1342  1410 I am_pss  : [19269,1000,system:ui,12308480,10366976]
05-30 22:51:00.054  1342  1410 I am_pss  : [21397,10104,com.jeejen.family.miui:pushcenter,11831296,8298496]
05-30 22:51:00.087  1342  1410 I am_pss  : [21348,10104,com.jeejen.family.miui:msgcenter,9708544,6459392]
05-30 22:51:52.384  1342  1411 I cpu     : [0,0,0,0,0,0]
05-30 22:52:00.059  1342  1410 I am_pss  : [19269,1000,system:ui,12308480,10366976]
05-30 22:52:16.730  1342  1682 I am_start_service: [-1,NULL,1000,com.miui.powerkeeper:service,com.miui.powerkeeper/.PowerKeeperBackgroundService,{act=miui.intent.action.powerkeeper_alarm flg=0x4 cmp=com.miui.powerkeeper/.PowerKeeperBackgroundService}]
05-30 22:54:00.055  1342  1410 I am_pss  : [18414,10045,com.miui.cloudservice,11251712,9850880]
05-30 22:54:00.088  1342  1410 I am_pss  : [18524,1000,com.qualcomm.qti.modemtestmode,2135040,1552384]
05-30 22:54:00.121  1342  1410 I am_pss  : [18339,10045,com.miui.cloudservice:pushservice,5684224,4681728]
05-30 22:54:00.150  1342  1410 I am_pss  : [19269,1000,system:ui,12308480,10366976]
05-30 22:54:00.175  1342  1410 I am_pss  : [19225,1000,com.qualcomm.display,1745920,1273856]
05-30 22:54:00.204  1342  1410 I am_pss  : [18967,10092,com.xiaomi.account:pushservice,4812800,3956736]
05-30 22:54:00.227  1342  1410 I am_pss  : [18791,1000,com.miui.autotestutils,3945472,3420160]
05-30 22:55:00.060  1342  1410 I am_pss  : [19405,10104,com.jeejen.family.miui:monitor,5478400,2502656]
05-30 22:55:00.085  1342  1410 I am_pss  : [19371,1001,com.qualcomm.qti.autoregistration,1821696,1335296]
05-30 22:55:00.108  1342  1410 I am_pss  : [19291,10029,com.android.statementservice,1882112,1359872]
05-30 22:56:00.069  1342  1410 I am_pss  : [19269,1000,system:ui,12308480,10366976]
05-30 22:56:34.210  1342  1682 I am_start_service: [-1,NULL,1000,com.miui.powerkeeper:service,com.miui.powerkeeper/.PowerKeeperBackgroundService,{act=miui.intent.action.powerkeeper_alarm flg=0x4 cmp=com.miui.powerkeeper/.PowerKeeperBackgroundService}]
05-30 22:59:00.047  1342  1410 I am_pss  : [19269,1000,system:ui,12308480,10366976]
05-30 22:59:00.083  1342  1410 I am_pss  : [18571,10037,com.miui.analytics,20909056,19890176]
05-30 22:59:00.113  1342  1410 I am_pss  : [23244,10089,com.xiaomi.vipaccount,6258688,4747264]
05-30 22:59:00.143  1342  1410 I am_pss  : [23126,10009,android.process.mediaUI,5964800,5287936]
05-30 22:59:00.168  1342  1410 I am_pss  : [23344,1001,com.miui.vsimcore,2705408,2207744]
05-30 22:59:00.196  1342  1410 I am_pss  : [23267,10089,com.xiaomi.vipaccount:log,5497856,3997696]
05-30 22:59:00.227  1342  1410 I am_pss  : [14682,1000,com.miui.securitycenter.remote,22687744,21225472]
05-30 22:59:00.249  1342  1410 I am_pss  : [18665,10084,com.miui.systemAdSolution,8127488,7213056]
05-30 23:00:00.073  1342  1410 I am_pss  : [23214,10069,com.xiaomi.market,13890560,12779520]
05-30 23:00:00.114  1342  1410 I am_pss  : [20044,1000,com.miui.powerkeeper:service,20925440,19525632]
05-30 23:00:00.122  1342  1411 I am_wtf  : [0,20044,system_server,-1,BatteryStatsService,Wifi is in disabled state]
05-30 23:00:00.147  1342  1410 I am_pss  : [22202,10056,com.xiaomi.metoknlp,12566528,11419648]
05-30 23:00:00.183  1342  1410 I am_pss  : [3630,1002,com.android.bluetooth,10497024,7102464]
05-30 23:00:00.208  1342  1410 I am_pss  : [19571,10040,com.qualcomm.qti.accesscache,3805184,2334720]
05-30 23:00:00.231  1342  1410 I am_pss  : [19353,10087,com.android.smspush,3764224,2289664]
05-30 23:00:00.254  1342  1410 I am_pss  : [21805,1001,com.qualcomm.qcrilmsgtunnel,4602880,3956736]
05-30 23:00:00.278  1342  1410 I am_pss  : [22591,10021,com.android.browser,8883200,5668864]
05-30 23:00:00.312  1342  1410 I am_pss  : [20018,10101,com.sohu.inputmethod.sogou.xiaomi,69646336,65482752]
05-30 23:00:00.333  1342  1410 I am_pss  : [17052,1000,com.qti.service.colorservice,4022272,3420160]
05-30 23:01:00.038  1342  1410 I am_pss  : [19269,1000,system:ui,12308480,10366976]
05-30 23:01:00.069  1342  1410 I am_pss  : [18831,10032,com.miui.personalassistant,8298496,4878336]
05-30 23:01:00.096  1342  1410 I am_pss  : [19863,10001,com.lbe.security.miui,14166016,13258752]
05-30 23:01:00.122  1342  1410 I am_pss  : [21362,10104,com.jeejen.family.miui,23441408,19668992]
05-30 23:01:34.280  1342  1682 I am_start_service: [-1,NULL,1000,com.miui.powerkeeper:service,com.miui.powerkeeper/.PowerKeeperBackgroundService,{act=miui.intent.action.powerkeeper_alarm flg=0x4 cmp=com.miui.powerkeeper/.PowerKeeperBackgroundService}]
05-30 23:01:34.296  1342  2520 I am_proc_start: [0,24551,10058,com.android.email,broadcast,com.android.email/com.kingsoft.email.service.EmailBroadcastReceiver]
05-30 23:01:34.297  1342  2520 I am_broadcast_wake_app: [10058,com.android.email,com.kingsoft.email.action.battery_setting_changed,10058,{com.android.email/com.kingsoft.email.service.EmailBroadcastReceiver}]
05-30 23:01:34.361  1342  1925 I am_proc_bound: [0,24551,com.android.email]
05-30 23:01:34.873  1342  1924 I am_start_service: [10058,com.android.email,10058,com.android.email,com.android.email/com.kingsoft.email.service.EmailBroadcastProcessorService,{act=broadcast_receiver pkg=com.android.email cmp=com.android.email/com.kingsoft.email.service.EmailBroadcastProcessorService}]
05-30 23:01:34.882  1342  2520 I am_start_service: [10058,com.android.email,10103,com.miui.core,com.miui.core/com.miui.internal.server.CoreService,{act=android.intent.action.MAIN cmp=com.miui.core/com.miui.internal.server.CoreService}]
05-30 23:01:34.937  1342  2563 I am_kill : [0,23104,android.process.acore,15,empty #17]
05-30 23:01:34.980  1342  2652 I am_proc_died: [0,23104,android.process.acore,15,16]
05-30 23:01:35.696  1342  8273 I am_get_provider: [10058,com.android.email,1000,system,com.android.providers.settings/.SettingsProvider]
05-30 23:01:35.997  1342 15367 I am_start_service: [10058,com.android.email,10058,com.android.email,com.android.email/com.kingsoft.email.service.EmailBroadcastProcessorService,{act=broadcast_receiver pkg=com.android.email cmp=com.android.email/com.kingsoft.email.service.EmailBroadcastProcessorService}]
05-30 23:01:36.002  1342  8273 I am_get_provider: [10058,com.android.email,10001,com.lbe.security.miui,com.lbe.security.miui/com.lbe.security.service.GrantProvider]
05-30 23:02:00.036  1342  1410 I am_pss  : [23967,2000,com.android.shell,3821568,3129344]
05-30 23:02:00.061  1342  1410 I am_pss  : [23951,10011,com.android.externalstorage,3647488,2945024]
05-30 23:02:00.092  1342  1410 I am_pss  : [16473,10009,android.process.media,7758848,6717440]
05-30 23:02:00.114  1342  1410 I am_pss  : [23936,10044,com.android.documentsui,4632576,3870720]
05-30 23:02:00.134  1342  1410 I am_pss  : [23324,1000,com.android.keychain,2666496,2105344]
05-30 23:02:00.158  1342  1410 I am_pss  : [23185,10067,com.xiaomi.gamecenter,9961472,9011200]
05-30 23:02:00.178  1342  1410 I am_pss  : [23165,10036,com.xiaomi.providers.appindex,2965504,2404352]
05-30 23:02:00.202  1342  1410 I am_pss  : [1914,10094,com.xiaomi.xmsf,16122880,14712832]
05-30 23:02:00.332  1342  1410 I am_pss  : [1342,1000,system,252728320,208248832]
05-30 23:03:00.085  1342  1410 I am_pss  : [1803,1000,com.android.systemui,56532992,51572736]
05-30 23:03:00.112  1342  1410 I am_pss  : [24551,10058,com.android.email,17423360,16011264]
05-30 23:03:00.144  1342  1410 I am_pss  : [2631,1001,com.android.phone,20179968,17252352]
05-30 23:03:00.166  1342  1410 I am_pss  : [2610,1000,com.qualcomm.qti.tetherservice,3901440,3321856]
05-30 23:03:00.186  1342  1410 I am_pss  : [2586,1000,com.quicinc.wbcserviceapp,3223552,2699264]
05-30 23:03:00.206  1342  1410 I am_pss  : [2568,1000,com.mi.AutoTest,3154944,2633728]
05-30 23:03:00.226  1342  1410 I am_pss  : [2551,1000,com.qualcomm.qti.carrierconfigure,3386368,2830336]
05-30 23:03:00.246  1342  1410 I am_pss  : [2530,1001,com.qualcomm.qti.loadcarrier,4046848,3497984]
05-30 23:03:00.271  1342  1410 I am_pss  : [2517,9810,com.xiaomi.finddevice,8609792,7462912]
05-30 23:03:00.291  1342  1410 I am_pss  : [2503,1000,com.fingerprints.serviceext,3300352,2768896]
05-30 23:03:00.312  1342  1410 I am_pss  : [2487,1000,com.qti.dpmserviceapp,3765248,3096576]
05-30 23:03:00.332  1342  1410 I am_pss  : [2475,1000,com.qualcomm.qti.notificationservice,4083712,3534848]
05-30 23:03:00.353  1342  1410 I am_pss  : [2461,1000,com.quicinc.cne.CNEService,4485120,3813376]
05-30 23:03:00.376  1342  1410 I am_pss  : [2448,1000,com.miui.contentcatcher,5613568,4763648]
05-30 23:03:00.400  1342  1410 I am_pss  : [2362,1000,com.miui.daemon,23245824,21876736]
05-30 23:03:00.426  1342  1410 I am_pss  : [1931,1000,com.miui.whetstone,23785472,22323200]
05-30 23:03:00.448  1342  1410 I am_pss  : [19269,1000,system:ui,12294144,10366976]
05-30 23:05:00.047  1342  1410 I am_pss  : [13148,1000,org.simalliance.openmobileapi.service:remote,2207744,1622016]
05-30 23:05:00.075  1342  1410 I am_pss  : [11504,1002,com.xiaomi.bluetooth,2531328,1900544]
05-30 23:05:00.101  1342  1410 I am_pss  : [20561,10103,com.miui.core,3113984,2506752]
05-30 23:05:00.126  1342  1410 I am_pss  : [19269,1000,system:ui,12294144,10366976]
05-30 23:05:08.546  1342  2287 I am_start_service: [-1,NULL,1000,com.miui.autotestutils,com.miui.autotestutils/.CheckService,{act=com.miui.autotestutils.CheckService}]
05-30 23:05:16.841  1342  1913 I am_finish_activity: [19269,12964159,3430,android/com.android.internal.app.ResolverActivity,app-request]
05-30 23:05:16.842  1342  1913 I am_pause_activity: [19269,12964159,android/com.android.internal.app.ResolverActivity]
05-30 23:05:16.844 19269 19269 I am_on_paused_called: [0,com.android.internal.app.ResolverActivity]
05-30 23:05:16.850  1342 17298 I am_home_stack_moved: [0,0,144,144,startingNewTask]
05-30 23:05:16.850  1342 17298 I wm_task_moved: [3430,1,0]
05-30 23:05:16.852  1342 17298 I am_create_task: [0,3431]
05-30 23:05:16.852  1342 17298 I am_create_activity: [0,130438626,3431,android/com.android.internal.app.ResolverActivity,android.intent.action.MAIN,NULL,NULL,276824064,NULL]
05-30 23:05:16.852  1342 17298 I wm_task_created: [3431,144]
05-30 23:05:16.853  1342 17298 I wm_task_moved: [3431,1,1]
05-30 23:05:16.853  1342 17298 I am_home_stack_moved: [0,0,144,144,startedActivity setFocusedActivity]
05-30 23:05:16.853  1342 17298 I wm_task_moved: [3431,1,1]
05-30 23:05:16.856  1342 17298 I am_focused_activity: [0,android/com.android.internal.app.ResolverActivity]
05-30 23:05:16.856  1342  1411 I am_destroy_activity: [19269,12964159,3430,android/com.android.internal.app.ResolverActivity,finish-imm]
05-30 23:05:16.859  1342  1411 I am_kill : [0,23126,android.process.mediaUI,15,empty #17]
05-30 23:05:16.865  1342  1411 I am_restart_activity: [19269,130438626,3431,android/com.android.internal.app.ResolverActivity,NULL]
05-30 23:05:16.913  1342  2507 I am_proc_died: [0,23126,android.process.mediaUI,15,16]
05-30 23:05:17.005 19269 19269 I am_on_resume_called: [0,com.android.internal.app.ResolverActivity]
05-30 23:05:17.049  1342  1442 I [30088] : [0,130438626,android/com.android.internal.app.ResolverActivity,187,187,19269]
05-30 23:05:17.049  1342  1442 I am_activity_launch_time: [0,130438626,android/com.android.internal.app.ResolverActivity,187,187]
05-30 23:05:17.065  1342  1442 I wm_task_removed: [3430,removeAppToken: last token]
05-30 23:05:17.065  1342  1442 I wm_task_removed: [3430,removeTask]
05-30 23:05:17.080   441   441 I sf_frame_dur: [android/com.android.internal.app.ResolverActivity,16,0,0,0,0,0,1]
05-30 23:05:18.737  1342  2561 I am_finish_activity: [19269,130438626,3431,android/com.android.internal.app.ResolverActivity,app-request]
05-30 23:05:18.738  1342  2561 I am_pause_activity: [19269,130438626,android/com.android.internal.app.ResolverActivity]
05-30 23:05:18.739 19269 19269 I am_on_paused_called: [0,com.android.internal.app.ResolverActivity]
05-30 23:05:18.741  1342  2621 I am_home_stack_moved: [0,0,144,144,startingNewTask]
05-30 23:05:18.741  1342  2621 I wm_task_moved: [3431,1,0]
05-30 23:05:18.742  1342  2621 I am_create_task: [0,3432]
05-30 23:05:18.742  1342  2621 I am_create_activity: [0,4155720,3432,android/com.android.internal.app.ResolverActivity,android.intent.action.MAIN,NULL,NULL,276824064,NULL]
05-30 23:05:18.742  1342  2621 I wm_task_created: [3432,144]
05-30 23:05:18.743  1342  2621 I wm_task_moved: [3432,1,1]
05-30 23:05:18.743  1342  2621 I am_home_stack_moved: [0,0,144,144,startedActivity setFocusedActivity]
