05-30 23:16:56.676   658   768 D ThermalEngine: sensor_monitor: case_therm Reading 29000 .
05-30 23:16:56.676   658   768 I ThermalEngine: Sensor:case_therm:29000 mC
05-30 23:16:56.676   658   768 D ThermalEngine: update_active_thresh: case_therm Active(1), Hi(1) 40000, Lo(0) -2147483648, Interval(1) 1000
05-30 23:16:56.676   658   768 D ThermalEngine: sensor_monitor: case_therm Sensor wait.
05-30 23:16:56.676   658   768 D ThermalEngine: sensor_wait: case_therm Wait start. 1000ms
05-30 23:16:56.676  1803  1803 D TaskManagerView: getFreeMemory:716184576
05-30 23:16:56.703  1803  1803 D TaskManagerView: getFreeMemory:715406336
05-30 23:16:56.949  1342  2583 D BaseMiuiPhoneWindowManager: keyCode:25 down:true eventTime:132056459 downTime:132056459 policyFlags:2b000000 deviceId:-1 isScreenOn:true keyguardActive:false repeatCount:0
05-30 23:16:56.987  1803  1803 D PhoneStatusBar: showStatusBar isshow=false;delay=false
05-30 23:16:57.100  1342  1799 D BaseMiuiPhoneWindowManager: keyCode:25 down:false eventTime:132056610 downTime:132056610 policyFlags:2b000000 deviceId:-1 isScreenOn:true keyguardActive:false repeatCount:0
05-30 23:16:57.105  1803 10002 D VolumeDialog: show 2 4097
05-30 23:16:57.106  1803  1803 D VolumeDialog: SHOW
05-30 23:16:57.161  1803  1803 W ProgressBarDelegate: Unknown Drawable subclass, src=android.graphics.drawable.ScaleDrawable@31442d4
05-30 23:16:57.165  1803  1803 W ProgressBarDelegate: Unknown Drawable subclass, src=android.graphics.drawable.ScaleDrawable@9a09196
05-30 23:16:57.166  1803  1803 W ProgressBarDelegate: Unknown Drawable subclass, src=android.graphics.drawable.ScaleDrawable@faeb170
05-30 23:16:57.168  1803  1803 W ProgressBarDelegate: Unknown Drawable subclass, src=android.graphics.drawable.ScaleDrawable@cce2a2b
05-30 23:16:57.170  1803  1803 W ProgressBarDelegate: Unknown Drawable subclass, src=android.graphics.drawable.ScaleDrawable@a4726d2
05-30 23:16:57.172  1803  1803 W ProgressBarDelegate: Unknown Drawable subclass, src=android.graphics.drawable.ScaleDrawable@3213b15
05-30 23:16:57.173  1803  1803 D RingerModeLayout: init...
05-30 23:16:57.177  1803  1803 D VolumeDialog: showH 2 2 false
05-30 23:16:57.182  1803  1803 W ProgressBarDelegate: Unknown Drawable subclass, src=android.graphics.drawable.ScaleDrawable@677391
05-30 23:16:57.182  1803  1803 D VolumeDialog: updateVolumeRowSliderH start 2 12
05-30 23:16:57.191   647  2738 D audio_hw_extn: audio_extn_get_parameters: returns 
05-30 23:16:57.191   647  2738 I str_params: key: 'hifi_mode' value: ''
05-30 23:16:57.194   647 17561 D audio_hw_extn: audio_extn_get_parameters: returns 
05-30 23:16:57.194   647 17561 I str_params: key: 'hifi_mode' value: ''
05-30 23:16:57.195  1803  1803 W ProgressBarDelegate: Unknown Drawable subclass, src=android.graphics.drawable.ScaleDrawable@46892f6
05-30 23:16:57.195  1803  1803 D VolumeDialog: updateVolumeRowSliderH start 3 6
05-30 23:16:57.198  1803  1803 W ProgressBarDelegate: Unknown Drawable subclass, src=android.graphics.drawable.ScaleDrawable@d91b6f7
05-30 23:16:57.198  1803  1803 D VolumeDialog: updateVolumeRowSliderH start 4 10
05-30 23:16:57.200  1803  1803 W ProgressBarDelegate: Unknown Drawable subclass, src=android.graphics.drawable.ScaleDrawable@6d45964
05-30 23:16:57.200  1803  1803 D VolumeDialog: updateVolumeRowSliderH start 0 4
05-30 23:16:57.203  1803  1803 W ProgressBarDelegate: Unknown Drawable subclass, src=android.graphics.drawable.ScaleDrawable@2feb7cd
05-30 23:16:57.203  1803  1803 D VolumeDialog: updateVolumeRowSliderH start 6 7
05-30 23:16:57.203  1803  1803 D VolumeDialog: updateRowsVisibilityByExpandH 2 0 1a16d1f
05-30 23:16:57.204  1803  1803 D VolumeDialog: updateRowsVisibilityByExpandH 3 8 b380904
05-30 23:16:57.204  1803  1803 D VolumeDialog: updateRowsVisibilityByExpandH 4 8 b85dc0f
05-30 23:16:57.204  1803  1803 D VolumeDialog: updateRowsVisibilityByExpandH 0 8 2be8c46
05-30 23:16:57.204  1803  1803 D VolumeDialog: updateRowsVisibilityByExpandH 6 8 5ed259
05-30 23:16:57.247  1803  1803 W ProgressBarDelegate: Unknown Drawable subclass, src=android.graphics.drawable.ScaleDrawable@677391
05-30 23:16:57.419  1803  1803 W InputEventReceiver: Attempted to finish an input event but the input event receiver has already been disposed.
05-30 23:16:57.420  1803  1803 D TaskManagerView: show(false), mIsShow:true
05-30 23:16:57.422  1803  1803 D PhoneStatusBar: showStatusBar isshow=true;delay=false
05-30 23:16:57.423  1803  1803 D VolumeDialog: RECHECK_ALL
05-30 23:16:57.432  1342  2520 D PerfShielderService: com.android.systemui|RecentsPanel|150|132056764125455|150|0
05-30 23:16:57.434  2362 32239 D MiuiPerfServiceClient: interceptAndQueuing:1803|com.android.systemui|150|150|binderwait|null
05-30 23:16:57.676   658   768 D ThermalEngine: sensor_wait: case_therm Wait done.
05-30 23:16:57.678   658   768 D ThermalEngine: sensor_monitor: case_therm Reading 29000 .
05-30 23:16:57.678   658   768 I ThermalEngine: Sensor:case_therm:29000 mC
05-30 23:16:57.678   658   768 D ThermalEngine: update_active_thresh: case_therm Active(1), Hi(1) 40000, Lo(0) -2147483648, Interval(1) 1000
05-30 23:16:57.678   658   768 D ThermalEngine: sensor_monitor: case_therm Sensor wait.
05-30 23:16:57.678   658   768 D ThermalEngine: sensor_wait: case_therm Wait start. 1000ms
05-30 23:16:57.710 26761 26761 I Timeline: Timeline: Activity_launch_request time:132057221
05-30 23:16:57.713  1342  2531 I ActivityManager: START u0 {act=android.intent.action.MAIN cat=[android.intent.category.LAUNCHER] flg=0x10200000 cmp=com.mm.lobster.mortgage/.MainActivity} from uid 2000 on display 0
05-30 23:16:57.721  1342  2531 D ActivityTrigger: ActivityTrigger activityPauseTrigger 
05-30 23:16:57.733  1342  1924 I Timeline: Timeline: App_transition_ready time:132057243
05-30 23:16:57.733  1931  2026 I WtProcessController: MOVE TO FOREGROUND: com.mm.lobster.mortgage 10480
05-30 23:16:57.733  1931  2026 I WtProcessController: FOREGROUND INFO: name=com.mm.lobster.mortgage uid=10480 pid=26584 TaskId:3443
05-30 23:16:57.743 26584 26584 D EgretLoader: EgretLoader(Context context)
05-30 23:16:57.744 26584 26584 D EgretLoader: The context is not activity
05-30 23:16:57.939 26584 26584 W ContentCatcher: Failed to notify a WebView
05-30 23:16:57.955  1342 14927 I Timeline: Timeline: App_transition_ready time:132057466
05-30 23:16:57.957  1342 14927 I Timeline: Timeline: App_transition_ready time:132057467
05-30 23:16:57.997  1342  1442 I Timeline: Timeline: App_transition_ready time:132057507
05-30 23:16:57.997  1342  1442 I Timeline: Timeline: App_transition_stopped time:132057508
05-30 23:16:57.999  1342  1442 I ActivityManager: Displayed com.mm.lobster.mortgage/.MainActivity: +268ms
05-30 23:16:57.999  1342  1442 I Timeline: Timeline: Activity_windows_visible id: ActivityRecord{41bafe3 u0 com.mm.lobster.mortgage/.MainActivity t3446} time:132057510
05-30 23:16:58.000  1931  2026 I WtEventController: AM_Launch: 30009 TAG: 840704
05-30 23:16:58.000  1931  2026 I WtEventController: AM_Launch: 30009 TAG: 239299583
05-30 23:16:58.000  1931  2026 I WtEventController: AM_Launch: 30009 TAG: 25174048
05-30 23:16:58.000  1931  2026 I WtEventController: AM_Launch: 30009 TAG: 8224
05-30 23:16:58.000  1931  2026 I WtEventController: AM_Launch: 30009 TAG: 4096
05-30 23:16:58.000  1931  2026 I WtEventController: AM_Launch: 30009 TAG: 10848
05-30 23:16:58.000  1931  2026 I WtEventController: AM_Launch: 30009 TAG: 1048576
05-30 23:16:58.000  1803  1803 V PhoneStatusBarPolicy: updateManagedProfile mManagedProfileFocused: false mManagedProfileInQuietMode: false mKeyguardVisible: true mCurrentUserId:0 mCurrentProfileId:0 mSecondSpaceStatusIconVisible: true showIcon:false
05-30 23:16:58.345  1342  2561 D BaseMiuiPhoneWindowManager: keyCode:19 down:true eventTime:132057854 downTime:132057854 policyFlags:2b000000 deviceId:-1 isScreenOn:true keyguardActive:false repeatCount:0
05-30 23:16:58.347 20018 20018 D SogouIME: [onKeyDown] keycode = 19 model = Redmi 3S
05-30 23:16:58.350  1342  2615 D BaseMiuiPhoneWindowManager: keyCode:19 down:false eventTime:132057860 downTime:132057860 policyFlags:2b000000 deviceId:-1 isScreenOn:true keyguardActive:false repeatCount:0
05-30 23:16:58.352 20018 20018 D SogouIME: [onKeyUp] keycode = 19 model = Redmi 3S
05-30 23:16:58.679   658   768 D ThermalEngine: sensor_wait: case_therm Wait done.
05-30 23:16:58.681   658   768 D ThermalEngine: sensor_monitor: case_therm Reading 29000 .
05-30 23:16:58.681   658   768 I ThermalEngine: Sensor:case_therm:29000 mC
05-30 23:16:58.681   658   768 D ThermalEngine: update_active_thresh: case_therm Active(1), Hi(1) 40000, Lo(0) -2147483648, Interval(1) 1000
05-30 23:16:58.681   658   768 D ThermalEngine: sensor_monitor: case_therm Sensor wait.
05-30 23:16:58.681   658   768 D ThermalEngine: sensor_wait: case_therm Wait start. 1000ms
05-30 23:16:58.958  1342  1380 D BaseMiuiPhoneWindowManager: keyCode:82 down:true eventTime:132058468 downTime:132058468 policyFlags:2b000000 deviceId:-1 isScreenOn:true keyguardActive:false repeatCount:0
05-30 23:16:58.959  1342  1799 D BaseMiuiPhoneWindowManager: keyCode:82 down:false eventTime:132058469 downTime:132058469 policyFlags:2b000000 deviceId:-1 isScreenOn:true keyguardActive:false repeatCount:0
05-30 23:16:58.968  1803  1803 W CustomizeUtil: no getRealSize hack method
05-30 23:16:58.980  1803  1803 D TaskManagerView: show(true), mIsShow:false
05-30 23:16:58.982  1803  1803 W CustomizeUtil: no getRealSize hack method
05-30 23:16:58.992  1803  1803 D TaskManagerView: getFreeMemory:677108736
05-30 23:16:59.022  1803  1803 D TaskManagerView: getFreeMemory:669490176
05-30 23:16:59.154 26584 26584 W cr_BindingManager: Cannot call determinedVisibility() - never saw a connection for the pid: 26584
05-30 23:16:59.172 26584 26584 W ViewRootImpl: Dropping event due to no window focus: KeyEvent { action=ACTION_DOWN, keyCode=KEYCODE_DPAD_UP, scanCode=0, metaState=0, flags=0x8, repeatCount=0, eventTime=132057854, downTime=132057854, deviceId=-1, source=0x101 }
05-30 23:16:59.172 26584 26584 W ViewRootImpl: Cancelling event due to no window focus: KeyEvent { action=ACTION_UP, keyCode=KEYCODE_DPAD_UP, scanCode=0, metaState=0, flags=0x28, repeatCount=0, eventTime=132057860, downTime=132057860, deviceId=-1, source=0x101 }
05-30 23:16:59.185 26584 26584 I chromium: [INFO:CONSOLE(1)] "Uncaught ReferenceError: open_loan_rate_business is not defined", source: file:///android_asset/index.html (1)
05-30 23:16:59.279  3723  3728 E ANDR-PERF-MPCTL: Invalid profile no. 0, total profiles 0 only
05-30 23:16:59.292  1803  1803 D PhoneStatusBar: showStatusBar isshow=false;delay=false
05-30 23:16:59.441  1342  2326 I ActivityManager: Process com.xiaomi.bluetooth (pid 11504) has died: cch+6S 
05-30 23:16:59.441  1342  2326 D ActivityManager: cleanUpApplicationRecord -- 11504
05-30 23:16:59.447  1342  2326 W ActivityManager: Scheduling restart of crashed service com.xiaomi.bluetooth/com.android.bluetooth.ble.app.MiuiBleAppService in 1000ms
05-30 23:16:59.459  1342  2326 E JavaBinder: !!! FAILED BINDER TRANSACTION !!!  (parcel size = 76)
05-30 23:16:59.467  1342  2520 D ActivityTrigger: ActivityTrigger activityStopTrigger 
05-30 23:16:59.492  1342  2287 I ActivityManager: Process com.jeejen.family.miui:pushcenter (pid 21397) has died: cch+6S 
05-30 23:16:59.494  1342  2287 D ActivityManager: cleanUpApplicationRecord -- 21397
05-30 23:16:59.500  1342  2287 W ActivityManager: Canceling start item Intent { act=com.jeejen.android.ACTION_PUSH_CENTER_DAEMON_SERVICE pkg=com.jeejen.family.miui } in service ComponentInfo{com.jeejen.family.miui/com.jeejen.push.DaemonService}
05-30 23:16:59.501  1342  2287 W ActivityManager: Canceling start item Intent { act=com.jeejen.android.ACTION_PUSH_CENTER_DAEMON_SERVICE pkg=com.jeejen.family.miui } in service ComponentInfo{com.jeejen.family.miui/com.jeejen.push.DaemonService}
05-30 23:16:59.501  1342  2287 W ActivityManager: Scheduling restart of crashed service com.jeejen.family.miui/com.jeejen.push.DaemonService in 12836158ms
05-30 23:16:59.506  1931  2026 E WtProcessController: Error pid or pid not exist
05-30 23:16:59.523  1342  2531 I ActivityManager: Process com.miui.cloudservice:pushservice (pid 18339) has died: cch+6S 
05-30 23:16:59.523  1342  2531 D ActivityManager: cleanUpApplicationRecord -- 18339
05-30 23:16:59.528  1342  2531 W ActivityManager: Scheduling restart of crashed service com.miui.cloudservice/com.xiaomi.push.service.XMPushService in 10918ms
05-30 23:16:59.531  1342  2507 I ActivityManager: Process com.xiaomi.account:pushservice (pid 18967) has died: cch+6S 
05-30 23:16:59.532  1342  2507 D ActivityManager: cleanUpApplicationRecord -- 18967
05-30 23:16:59.532  1342  2507 I AutoStartManagerService: MIUILOG- Reject RestartService packageName :com.xiaomi.account uid : 10092
05-30 23:16:59.536  1931  2026 E WtProcessController: Error pid or pid not exist
05-30 23:16:59.580  1342  2289 D BaseMiuiPhoneWindowManager: keyCode:23 down:true eventTime:132059090 downTime:132059090 policyFlags:2b000000 deviceId:-1 isScreenOn:true keyguardActive:false repeatCount:0
05-30 23:16:59.582  1342  2326 D BaseMiuiPhoneWindowManager: keyCode:23 down:false eventTime:132059092 downTime:132059092 policyFlags:2b000000 deviceId:-1 isScreenOn:true keyguardActive:false repeatCount:0
05-30 23:16:59.588  1803  1803 D TaskManagerView: show(false), mIsShow:true
05-30 23:16:59.591  1803  1803 D PhoneStatusBar: showStatusBar isshow=true;delay=false
05-30 23:16:59.673   775   775 I MSM-irqbalance: Decided to move IRQ215 from CPU7 to CPU5
05-30 23:16:59.681   658   768 D ThermalEngine: sensor_wait: case_therm Wait done.
05-30 23:16:59.682   658   768 D ThermalEngine: sensor_monitor: case_therm Reading 29000 .
05-30 23:16:59.682   658   768 I ThermalEngine: Sensor:case_therm:29000 mC
05-30 23:16:59.682   658   768 D ThermalEngine: update_active_thresh: case_therm Active(1), Hi(1) 40000, Lo(0) -2147483648, Interval(1) 1000
05-30 23:16:59.682   658   768 D ThermalEngine: sensor_monitor: case_therm Sensor wait.
05-30 23:16:59.683   658   768 D ThermalEngine: sensor_wait: case_therm Wait start. 1000ms
05-30 23:16:59.888  1342  8273 D BaseMiuiPhoneWindowManager: keyCode:100 down:true eventTime:132059398 downTime:132059398 policyFlags:2b000000 deviceId:-1 isScreenOn:true keyguardActive:false repeatCount:0
05-30 23:16:59.889  1342 26067 D BaseMiuiPhoneWindowManager: keyCode:100 down:false eventTime:132059399 downTime:132059399 policyFlags:2b000000 deviceId:-1 isScreenOn:true keyguardActive:false repeatCount:0
05-30 23:16:59.890  1342  1683 D BaseMiuiPhoneWindowManager: keyCode:4 down:true eventTime:132059398 downTime:132059398 policyFlags:6b000000 deviceId:-1 isScreenOn:true keyguardActive:false repeatCount:0
05-30 23:16:59.891  1342  1683 D BaseMiuiPhoneWindowManager: keyCode:4 down:false eventTime:132059399 downTime:132059399 policyFlags:6b000000 deviceId:-1 isScreenOn:true keyguardActive:false repeatCount:0
05-30 23:16:59.891  1803  1803 D TaskManagerView: show(false), mIsShow:false
05-30 23:16:59.999  1342  1682 V AlarmManager: waited for alarm...
05-30 23:17:00.216  1342  1924 D PerfShielderService: com.mm.lobster.mortgage|com.mm.lobster.mortgage/com.mm.lobster.mortgage.MainActivity|631|132058983168579|308|0
05-30 23:17:00.220  2362  2380 D MiuiPerfServiceClient: interceptAndQueuing:26584|com.mm.lobster.mortgage|631|308|running|null
05-30 23:17:00.459  1342  1411 I ActivityManager: Start proc 26909:com.xiaomi.bluetooth/1002 for service com.xiaomi.bluetooth/com.android.bluetooth.ble.app.MiuiBleAppService
05-30 23:17:00.483 26909 26909 D TidaProvider: TidaProvider()
05-30 23:17:00.496   440   440 E SELinux : avc:  denied  { find } for service=miui.whetstone scontext=u:r:bluetooth:s0 tcontext=u:object_r:system_app_service:s0 tclass=service_manager
05-30 23:17:00.499   440   440 E SELinux : avc:  denied  { find } for service=miui.whetstone scontext=u:r:bluetooth:s0 tcontext=u:object_r:system_app_service:s0 tclass=service_manager
05-30 23:17:00.509   440   440 E SELinux : avc:  denied  { find } for service=miui.whetstone scontext=u:r:bluetooth:s0 tcontext=u:object_r:system_app_service:s0 tclass=service_manager
05-30 23:17:00.552 26909 26909 W System  : ClassLoader referenced unknown path: /system/app/MiuiBluetooth/lib/arm64
05-30 23:17:00.566 26909 26909 D miuisdk : current sdk level is 13
05-30 23:17:00.566 26909 26909 D         : InitMiuiSdkHookClasses
05-30 23:17:00.567 26909 26909 I         : create_mem miui-classproxy page:0x7fb0c26000, size:4096
05-30 23:17:00.574 26909 26909 I         : Hook EnableMethodTracing
05-30 23:17:00.574 26909 26909 I         : create_mem miui-classproxy page:0x7fb0c25000, size:4096
05-30 23:17:00.575 26909 26909 I         : Hook DisableMethodTracing
05-30 23:17:00.597 26909 26909 D MiuiBleAppService: onCreate()
05-30 23:17:00.604 26909 26909 D MiuiBleAppService: onStartCommand()
05-30 23:17:00.606  1342  1441 D BluetoothManagerService: Message: 20
05-30 23:17:00.606  1342  1441 D BluetoothManagerService: Added callback: android.bluetooth.IBluetoothManagerCallback$Stub$Proxy@62cff37:true
05-30 23:17:00.606 26909 26909 D g       : getAllSettedDevices
05-30 23:17:00.683   658   768 D ThermalEngine: sensor_wait: case_therm Wait done.
05-30 23:17:00.684   658   768 D ThermalEngine: sensor_monitor: case_therm Reading 30000 .
05-30 23:17:00.684   658   768 I ThermalEngine: Sensor:case_therm:30000 mC
05-30 23:17:00.684   658   768 D ThermalEngine: update_active_thresh: case_therm Active(1), Hi(1) 40000, Lo(0) -2147483648, Interval(1) 1000
05-30 23:17:00.684   658   768 D ThermalEngine: sensor_monitor: case_therm Sensor wait.
05-30 23:17:00.684   658   768 D ThermalEngine: sensor_wait: case_therm Wait start. 1000ms
05-30 23:17:01.105  1342  2589 D BaseMiuiPhoneWindowManager: keyCode:19 down:true eventTime:132060615 downTime:132060615 policyFlags:2b000000 deviceId:-1 isScreenOn:true keyguardActive:false repeatCount:0
05-30 23:17:01.106 20018 20018 D SogouIME: [onKeyDown] keycode = 19 model = Redmi 3S
05-30 23:17:01.106  1342  1799 D BaseMiuiPhoneWindowManager: keyCode:19 down:false eventTime:132060616 downTime:132060616 policyFlags:2b000000 deviceId:-1 isScreenOn:true keyguardActive:false repeatCount:0
05-30 23:17:01.107 20018 20018 D SogouIME: [onKeyUp] keycode = 19 model = Redmi 3S
05-30 23:17:01.408  1342  8273 D BaseMiuiPhoneWindowManager: keyCode:22 down:true eventTime:132060918 downTime:132060918 policyFlags:2b000000 deviceId:-1 isScreenOn:true keyguardActive:false repeatCount:0
05-30 23:17:01.409 20018 20018 D SogouIME: [onKeyDown] keycode = 22 model = Redmi 3S
05-30 23:17:01.409  1342  2695 D BaseMiuiPhoneWindowManager: keyCode:22 down:false eventTime:132060919 downTime:132060919 policyFlags:2b000000 deviceId:-1 isScreenOn:true keyguardActive:false repeatCount:0
05-30 23:17:01.410 20018 20018 D SogouIME: [onKeyUp] keycode = 22 model = Redmi 3S
05-30 23:17:01.684   658   768 D ThermalEngine: sensor_wait: case_therm Wait done.
05-30 23:17:01.686   658   768 D ThermalEngine: sensor_monitor: case_therm Reading 30000 .
05-30 23:17:01.686   658   768 I ThermalEngine: Sensor:case_therm:30000 mC
05-30 23:17:01.686   658   768 D ThermalEngine: update_active_thresh: case_therm Active(1), Hi(1) 40000, Lo(0) -2147483648, Interval(1) 1000
05-30 23:17:01.686   658   768 D ThermalEngine: sensor_monitor: case_therm Sensor wait.
05-30 23:17:01.686   658   768 D ThermalEngine: sensor_wait: case_therm Wait start. 1000ms
05-30 23:17:02.013  1342 17298 D BaseMiuiPhoneWindowManager: keyCode:21 down:true eventTime:132061523 downTime:132061523 policyFlags:2b000000 deviceId:-1 isScreenOn:true keyguardActive:false repeatCount:0
05-30 23:17:02.014 20018 20018 D SogouIME: [onKeyDown] keycode = 21 model = Redmi 3S
05-30 23:17:02.015  1342  2520 D BaseMiuiPhoneWindowManager: keyCode:21 down:false eventTime:132061525 downTime:132061525 policyFlags:2b000000 deviceId:-1 isScreenOn:true keyguardActive:false repeatCount:0
05-30 23:17:02.016 20018 20018 D SogouIME: [onKeyUp] keycode = 21 model = Redmi 3S
05-30 23:17:02.317  1342  2287 D BaseMiuiPhoneWindowManager: keyCode:23 down:true eventTime:132061827 downTime:132061827 policyFlags:2b000000 deviceId:-1 isScreenOn:true keyguardActive:false repeatCount:0
05-30 23:17:02.318 20018 20018 D SogouIME: [onKeyDown] keycode = 23 model = Redmi 3S
05-30 23:17:02.319  1342  2652 D BaseMiuiPhoneWindowManager: keyCode:23 down:false eventTime:132061829 downTime:132061829 policyFlags:2b000000 deviceId:-1 isScreenOn:true keyguardActive:false repeatCount:0
05-30 23:17:02.320 20018 20018 D SogouIME: [onKeyUp] keycode = 23 model = Redmi 3S
05-30 23:17:02.621  1342  1924 D BaseMiuiPhoneWindowManager: keyCode:20 down:true eventTime:132062131 downTime:132062131 policyFlags:2b000000 deviceId:-1 isScreenOn:true keyguardActive:false repeatCount:0
05-30 23:17:02.622 20018 20018 D SogouIME: [onKeyDown] keycode = 20 model = Redmi 3S
05-30 23:17:02.622  1342  1913 D BaseMiuiPhoneWindowManager: keyCode:20 down:false eventTime:132062133 downTime:132062133 policyFlags:2b000000 deviceId:-1 isScreenOn:true keyguardActive:false repeatCount:0
05-30 23:17:02.623 20018 20018 D SogouIME: [onKeyUp] keycode = 20 model = Redmi 3S
05-30 23:17:02.686   658   768 D ThermalEngine: sensor_wait: case_therm Wait done.
05-30 23:17:02.687   658   768 D ThermalEngine: sensor_monitor: case_therm Reading 30000 .
05-30 23:17:02.687   658   768 I ThermalEngine: Sensor:case_therm:30000 mC
05-30 23:17:02.687   658   768 D ThermalEngine: update_active_thresh: case_therm Active(1), Hi(1) 40000, Lo(0) -2147483648, Interval(1) 1000
05-30 23:17:02.687   658   768 D ThermalEngine: sensor_monitor: case_therm Sensor wait.
05-30 23:17:02.687   658   768 D ThermalEngine: sensor_wait: case_therm Wait start. 1000ms
05-30 23:17:03.075 26931 26931 D AndroidRuntime: >>>>>> START com.android.internal.os.RuntimeInit uid 2000 <<<<<<
05-30 23:17:03.080 26931 26931 D AndroidRuntime: CheckJNI is OFF
05-30 23:17:03.117 26931 26931 D ICU     : No timezone override file found: /data/misc/zoneinfo/current/icu/icu_tzdata.dat
05-30 23:17:03.159 26931 26931 I Radio-JNI: register_android_hardware_Radio DONE
05-30 23:17:03.193 26931 26931 D AndroidRuntime: Calling main entry com.android.commands.am.Am
05-30 23:17:03.241 16473 16473 D MediaScannerReceiver: action: android.intent.action.MEDIA_SCANNER_SCAN_FILE path: /data/local/tmp/current.png
05-30 23:17:03.251 26931 26931 D AndroidRuntime: Shutting down VM
05-30 23:17:03.688   658   768 D ThermalEngine: sensor_wait: case_therm Wait done.
05-30 23:17:03.689   658   768 D ThermalEngine: sensor_monitor: case_therm Reading 30000 .
05-30 23:17:03.690   658   768 I ThermalEngine: Sensor:case_therm:30000 mC
05-30 23:17:03.690   658   768 D ThermalEngine: update_active_thresh: case_therm Active(1), Hi(1) 40000, Lo(0) -2147483648, Interval(1) 1000
05-30 23:17:03.690   658   768 D ThermalEngine: sensor_monitor: case_therm Sensor wait.
05-30 23:17:03.690   658   768 D ThermalEngine: sensor_wait: case_therm Wait start. 1000ms
05-30 23:17:04.459  1342  2563 D BaseMiuiPhoneWindowManager: keyCode:23 down:true eventTime:132063968 downTime:132063968 policyFlags:2b000000 deviceId:-1 isScreenOn:true keyguardActive:false repeatCount:0
05-30 23:17:04.460 20018 20018 D SogouIME: [onKeyDown] keycode = 23 model = Redmi 3S
05-30 23:17:04.461  1342  1380 D BaseMiuiPhoneWindowManager: keyCode:23 down:false eventTime:132063971 downTime:132063971 policyFlags:2b000000 deviceId:-1 isScreenOn:true keyguardActive:false repeatCount:0
05-30 23:17:04.464 20018 20018 D SogouIME: [onKeyUp] keycode = 23 model = Redmi 3S
05-30 23:17:04.690   658   768 D ThermalEngine: sensor_wait: case_therm Wait done.
05-30 23:17:04.692   658   768 D ThermalEngine: sensor_monitor: case_therm Reading 30000 .
05-30 23:17:04.692   658   768 I ThermalEngine: Sensor:case_therm:30000 mC
05-30 23:17:04.692   658   768 D ThermalEngine: update_active_thresh: case_therm Active(1), Hi(1) 40000, Lo(0) -2147483648, Interval(1) 1000
05-30 23:17:04.692   658   768 D ThermalEngine: sensor_monitor: case_therm Sensor wait.
05-30 23:17:04.692   658   768 D ThermalEngine: sensor_wait: case_therm Wait start. 1000ms
05-30 23:17:04.774   775   775 I MSM-irqbalance: Decided to move IRQ170 from CPU4 to CPU5
05-30 23:17:05.078 26761 26761 I Timeline: Timeline: Activity_launch_request time:132064589
05-30 23:17:05.083  1342  1924 I ActivityManager: START u0 {act=android.intent.action.MAIN cat=[android.intent.category.LAUNCHER] flg=0x10200000 cmp=com.mm.lobster.mortgage/.MainActivity} from uid 2000 on display 0
05-30 23:17:05.092  3723  3728 E ANDR-PERF-MPCTL: Invalid profile no. 0, total profiles 0 only
05-30 23:17:05.093  1342  1924 D ActivityTrigger: ActivityTrigger activityPauseTrigger 
05-30 23:17:05.102  1931  2026 I WtProcessController: MOVE TO FOREGROUND: com.mm.lobster.mortgage 10480
05-30 23:17:05.102  1931  2026 I WtProcessController: FOREGROUND INFO: name=com.mm.lobster.mortgage uid=10480 pid=26584 TaskId:3443
05-30 23:17:05.103  1342 14927 I Timeline: Timeline: App_transition_ready time:132064613
05-30 23:17:05.114 26584 26584 D EgretLoader: EgretLoader(Context context)
05-30 23:17:05.114 26584 26584 D EgretLoader: The context is not activity
05-30 23:17:05.240  1342 15367 I ActivityManager: Process org.simalliance.openmobileapi.service:remote (pid 13148) has died: cch+6S 
05-30 23:17:05.240  1342 15367 D ActivityManager: cleanUpApplicationRecord -- 13148
05-30 23:17:05.242  1342 15367 W ActivityManager: Scheduling restart of crashed service org.simalliance.openmobileapi.service/.SmartcardService in 15204ms
05-30 23:17:05.267  1342  2287 I ActivityManager: Process com.qualcomm.qti.modemtestmode (pid 18524) has died: cch+6S 
05-30 23:17:05.267  1342  2287 D ActivityManager: cleanUpApplicationRecord -- 18524
05-30 23:17:05.270  1931  2026 E WtProcessController: Error pid or pid not exist
05-30 23:17:05.270  1931  2026 E WtProcessController: Error pid or pid not exist
05-30 23:17:05.272  1342  2287 W ActivityManager: Scheduling restart of crashed service com.qualcomm.qti.modemtestmode/.MbnSystemService in 25175ms
05-30 23:17:05.274  1342  2695 I ActivityManager: Process com.jeejen.family.miui:msgcenter (pid 21348) has died: cch+6S 
05-30 23:17:05.274  1342  2695 D ActivityManager: cleanUpApplicationRecord -- 21348
05-30 23:17:05.277  1931  2026 E WtProcessController: Error pid or pid not exist
05-30 23:17:05.280  1342  2695 W ActivityManager: Canceling start item Intent { act=com.jeejen.message.center.ACTION_START_DAEMONSERVICE pkg=com.jeejen.family.miui } in service ComponentInfo{com.jeejen.family.miui/com.jeejen.message.center.DaemonService}
05-30 23:17:05.280  1342  2695 W ActivityManager: Scheduling restart of crashed service com.jeejen.family.miui/com.jeejen.message.center.DaemonService in 12849266ms
05-30 23:17:05.308 26584 26584 W ContentCatcher: Failed to notify a WebView
05-30 23:17:05.311  1342  8273 I ActivityManager: Process com.qualcomm.display (pid 19225) has died: cch+6S 
05-30 23:17:05.312  1342  8273 D ActivityManager: cleanUpApplicationRecord -- 19225
05-30 23:17:05.313  1931  2026 E WtProcessController: Error pid or pid not exist
05-30 23:17:05.315  1931  2026 E WtProcessController: Error pid or pid not exist
05-30 23:17:05.316  1342  8273 W ActivityManager: Scheduling restart of crashed service com.qualcomm.cabl/.CABLService in 35131ms
05-30 23:17:05.317  1342  8273 W ActivityManager: Scheduling restart of crashed service com.qualcomm.svi/.SVIService in 45130ms
05-30 23:17:05.319  1342  2695 I ActivityManager: Process com.qualcomm.qti.autoregistration (pid 19371) has died: cch+6S 
05-30 23:17:05.319  1342  2695 D ActivityManager: cleanUpApplicationRecord -- 19371
05-30 23:17:05.321  1931  2026 E WtProcessController: Error pid or pid not exist
05-30 23:17:05.321  1342  2695 W ActivityManager: Scheduling restart of crashed service com.qualcomm.qti.autoregistration/.RegistrationService in 55126ms
05-30 23:17:05.322  1342  2675 I ActivityManager: Process com.jeejen.family.miui:monitor (pid 19405) has died: cch+6S 
05-30 23:17:05.322  1342  2675 D ActivityManager: cleanUpApplicationRecord -- 19405
05-30 23:17:05.324  1931  2026 E WtProcessController: Error pid or pid not exist
05-30 23:17:05.325  1342  2531 I Timeline: Timeline: App_transition_ready time:132064835
05-30 23:17:05.327  1342  2531 I Timeline: Timeline: App_transition_ready time:132064837
05-30 23:17:05.328  1342  2675 W ActivityManager: Scheduling restart of crashed service com.jeejen.family.miui/com.jeejen.home.launcher.services.LauncherService in 65119ms
05-30 23:17:05.330  1342  2561 I ActivityManager: Process com.android.statementservice (pid 19291) has died: cch+6S 
05-30 23:17:05.330  1342  2561 D ActivityManager: cleanUpApplicationRecord -- 19291
05-30 23:17:05.332  1342  2561 W ActivityManager: Scheduling restart of crashed service com.android.statementservice/.DirectStatementService in 75115ms
05-30 23:17:05.400 26761 26761 I Timeline: Timeline: Activity_launch_request time:132064911
05-30 23:17:05.405  1342  2290 I ActivityManager: START u0 {act=android.intent.action.MAIN cat=[android.intent.category.LAUNCHER] flg=0x10200000 cmp=com.mm.lobster.mortgage/.MainActivity} from uid 2000 on display 0
05-30 23:17:05.409  1342  2290 I Timeline: Timeline: App_transition_ready time:132064919
05-30 23:17:05.414  1342  2290 I Timeline: Timeline: App_transition_ready time:132064924
05-30 23:17:05.418  3723  3728 E ANDR-PERF-MPCTL: Invalid profile no. 0, total profiles 0 only
05-30 23:17:05.420  1342  2290 D ActivityTrigger: ActivityTrigger activityPauseTrigger 
05-30 23:17:05.692   658   768 D ThermalEngine: sensor_wait: case_therm Wait done.
05-30 23:17:05.694   658   768 D ThermalEngine: sensor_monitor: case_therm Reading 29000 .
05-30 23:17:05.694   658   768 I ThermalEngine: Sensor:case_therm:29000 mC
05-30 23:17:05.694   658   768 D ThermalEngine: update_active_thresh: case_therm Active(1), Hi(1) 40000, Lo(0) -2147483648, Interval(1) 1000
05-30 23:17:05.694   658   768 D ThermalEngine: sensor_monitor: case_therm Sensor wait.
05-30 23:17:05.694   658   768 D ThermalEngine: sensor_wait: case_therm Wait start. 1000ms
05-30 23:17:05.716  1931  2026 I WtProcessController: MOVE TO FOREGROUND: com.mm.lobster.mortgage 10480
05-30 23:17:05.717  1342  2291 I Timeline: Timeline: App_transition_ready time:132065227
05-30 23:17:05.717  1931  2026 I WtProcessController: FOREGROUND INFO: name=com.mm.lobster.mortgage uid=10480 pid=26584 TaskId:3443
05-30 23:17:05.728 26761 26761 I Timeline: Timeline: Activity_launch_request time:132065239
05-30 23:17:05.737  1342  2531 I ActivityManager: START u0 {act=android.intent.action.MAIN cat=[android.intent.category.LAUNCHER] flg=0x10200000 cmp=com.mm.lobster.mortgage/.MainActivity} from uid 2000 on display 0
05-30 23:17:05.739  1342  2531 I Timeline: Timeline: App_transition_ready time:132065250
05-30 23:17:05.741 26584 26584 D EgretLoader: EgretLoader(Context context)
05-30 23:17:05.742 26584 26584 D EgretLoader: The context is not activity
05-30 23:17:05.744  1342  2531 I Timeline: Timeline: App_transition_ready time:132065254
05-30 23:17:05.748  1342  2531 D ActivityTrigger: ActivityTrigger activityPauseTrigger 
05-30 23:17:05.788 26584 26584 I art     : Starting a blocking GC Alloc
05-30 23:17:05.788 26584 26584 I art     : Starting a blocking GC Alloc
05-30 23:17:05.795 26584 26584 I art     : Alloc sticky concurrent mark sweep GC freed 1553(143KB) AllocSpace objects, 8(112KB) LOS objects, 8% free, 166MB/182MB, paused 415us total 6.640ms
05-30 23:17:05.795 26584 26584 I art     : Starting a blocking GC Alloc
05-30 23:17:05.807 26584 26584 I art     : Alloc partial concurrent mark sweep GC freed 362(24KB) AllocSpace objects, 2(24KB) LOS objects, 8% free, 166MB/182MB, paused 415us total 11.427ms
05-30 23:17:05.807 26584 26584 I art     : Starting a blocking GC Alloc
05-30 23:17:05.825 26584 26584 I art     : Alloc concurrent mark sweep GC freed 65(14KB) AllocSpace objects, 0(0B) LOS objects, 8% free, 166MB/182MB, paused 422us total 18.105ms
05-30 23:17:05.825 26584 26584 I art     : Forcing collection of SoftReferences for 31MB allocation
05-30 23:17:05.825 26584 26584 I art     : Starting a blocking GC Alloc
05-30 23:17:05.843 26584 26584 I art     : Alloc concurrent mark sweep GC freed 11(344B) AllocSpace objects, 0(0B) LOS objects, 8% free, 166MB/182MB, paused 447us total 17.252ms
05-30 23:17:05.843 26584 26584 W art     : Throwing OutOfMemoryError "Failed to allocate a 33177612 byte allocation with 16777216 free bytes and 25MB until OOM"
05-30 23:17:05.843 26584 26584 I art     : Starting a blocking GC Alloc
05-30 23:17:05.843 26584 26584 I art     : Starting a blocking GC Alloc
05-30 23:17:05.848 26584 26584 I art     : Starting a blocking GC Alloc
05-30 23:17:05.859 26584 26584 I art     : Alloc partial concurrent mark sweep GC freed 6(192B) AllocSpace objects, 0(0B) LOS objects, 8% free, 166MB/182MB, paused 412us total 10.937ms
05-30 23:17:05.859 26584 26584 I art     : Starting a blocking GC Alloc
05-30 23:17:05.876 26584 26584 I art     : Alloc concurrent mark sweep GC freed 3(96B) AllocSpace objects, 0(0B) LOS objects, 8% free, 166MB/182MB, paused 421us total 16.646ms
05-30 23:17:05.876 26584 26584 I art     : Forcing collection of SoftReferences for 31MB allocation
05-30 23:17:05.876 26584 26584 I art     : Starting a blocking GC Alloc
05-30 23:17:05.893 26584 26584 I art     : Alloc concurrent mark sweep GC freed 3(96B) AllocSpace objects, 0(0B) LOS objects, 8% free, 166MB/182MB, paused 415us total 16.661ms
05-30 23:17:05.893 26584 26584 W art     : Throwing OutOfMemoryError "Failed to allocate a 33177612 byte allocation with 16770240 free bytes and 25MB until OOM"
05-30 23:17:05.909 26584 26584 D skia    : --- allocation failed for scaled bitmap
05-30 23:17:05.912 26584 26584 D AndroidRuntime: Shutting down VM
--------- beginning of crash
05-30 23:17:05.951 26584 26584 E AndroidRuntime: FATAL EXCEPTION: main
05-30 23:17:05.951 26584 26584 E AndroidRuntime: Process: com.mm.lobster.mortgage, PID: 26584
05-30 23:17:05.951 26584 26584 E AndroidRuntime: java.lang.OutOfMemoryError: Failed to allocate a 33177612 byte allocation with 16770240 free bytes and 25MB until OOM
05-30 23:17:05.951 26584 26584 E AndroidRuntime: 	at dalvik.system.VMRuntime.newNonMovableArray(Native Method)
05-30 23:17:05.951 26584 26584 E AndroidRuntime: 	at android.graphics.BitmapFactory.nativeDecodeAsset(Native Method)
05-30 23:17:05.951 26584 26584 E AndroidRuntime: 	at android.graphics.BitmapFactory.decodeStream(BitmapFactory.java:613)
05-30 23:17:05.951 26584 26584 E AndroidRuntime: 	at android.graphics.BitmapFactory.decodeResourceStream(BitmapFactory.java:446)
05-30 23:17:05.951 26584 26584 E AndroidRuntime: 	at android.graphics.BitmapFactory.decodeResource(BitmapFactory.java:469)
05-30 23:17:05.951 26584 26584 E AndroidRuntime: 	at com.mm.lobster.mortgage.MainActivity.a(Unknown Source)
05-30 23:17:05.951 26584 26584 E AndroidRuntime: 	at com.mm.lobster.mortgage.MainActivity.a(Unknown Source)
05-30 23:17:05.951 26584 26584 E AndroidRuntime: 	at com.mm.lobster.mortgage.MainActivity.onCreate(Native Method)
05-30 23:17:05.951 26584 26584 E AndroidRuntime: 	at android.app.Activity.performCreate(Activity.java:6357)
05-30 23:17:05.951 26584 26584 E AndroidRuntime: 	at android.app.Instrumentation.callActivityOnCreate(Instrumentation.java:1108)
05-30 23:17:05.951 26584 26584 E AndroidRuntime: 	at android.app.ActivityThread.performLaunchActivity(ActivityThread.java:2408)
05-30 23:17:05.951 26584 26584 E AndroidRuntime: 	at android.app.ActivityThread.handleLaunchActivity(ActivityThread.java:2515)
05-30 23:17:05.951 26584 26584 E AndroidRuntime: 	at android.app.ActivityThread.access$1000(ActivityThread.java:154)
05-30 23:17:05.951 26584 26584 E AndroidRuntime: 	at android.app.ActivityThread$H.handleMessage(ActivityThread.java:1379)
05-30 23:17:05.951 26584 26584 E AndroidRuntime: 	at android.os.Handler.dispatchMessage(Handler.java:102)
05-30 23:17:05.951 26584 26584 E AndroidRuntime: 	at android.os.Looper.loop(Looper.java:157)
05-30 23:17:05.951 26584 26584 E AndroidRuntime: 	at android.app.ActivityThread.main(ActivityThread.java:5571)
05-30 23:17:05.951 26584 26584 E AndroidRuntime: 	at java.lang.reflect.Method.invoke(Native Method)
05-30 23:17:05.951 26584 26584 E AndroidRuntime: 	at com.android.internal.os.ZygoteInit$MethodAndArgsCaller.run(ZygoteInit.java:745)
05-30 23:17:05.951 26584 26584 E AndroidRuntime: 	at com.android.internal.os.ZygoteInit.main(ZygoteInit.java:635)
05-30 23:17:05.955  1931  2026 I WtProcessController: Receive am_crash event for pid: 26584 pkg = com.mm.lobster.mortgage
05-30 23:17:05.955  1931  2026 W KloServer: Aborted broadcast does not supprt for: com.mm.lobster.mortgage
05-30 23:17:05.955  3646  3716 I octvm_klo: klo lock
05-30 23:17:06.016  1342  5241 W ContextImpl: Calling a method in the system process without a qualified user: android.app.ContextImpl.bindService:1295 android.content.ContextWrapper.bindService:614 miui.os.DropBoxManager.cF:361 miui.os.DropBoxManager.a:350 miui.os.DropBoxManager.addText:314 
05-30 23:17:06.034  3646  3716 I octvm_klo: get wanted event[mask:128, name:data_app_crash@1527693426033.txt] from the watchset
05-30 23:17:06.034  3646  3716 I octvm_klo: start gathering logcat log...
05-30 23:17:06.058  1803  1803 D SystemUI.toggleContainer: updateToggleImage color lite mode for 3 status:true last:false
05-30 23:17:06.066  1342 27422 I Adreno  : QUALCOMM build                   : 10c9f68, I74772a33ad
05-30 23:17:06.066  1342 27422 I Adreno  : Build Date                       : 02/07/17
05-30 23:17:06.066  1342 27422 I Adreno  : OpenGL ES Shader Compiler Version: XE031.07.00.01
05-30 23:17:06.066  1342 27422 I Adreno  : Local Branch                     : 
05-30 23:17:06.066  1342 27422 I Adreno  : Remote Branch                    : refs/tags/AU_LINUX_ANDROID_LA.UM.5.1_RB1.06.00.01.192.038
05-30 23:17:06.066  1342 27422 I Adreno  : Remote Branch                    : NONE
05-30 23:17:06.066  1342 27422 I Adreno  : Reconstruct Branch               : NOTHING
05-30 23:17:06.073  1803  1803 D SystemUI.toggleContainer: updateToggleImage color lite mode for 3 status:false last:false
05-30 23:17:06.081 26761 26761 I art     : System.exit called, status: 179
05-30 23:17:06.081 26761 26761 I AndroidRuntime: VM exiting with result code 179.
05-30 23:17:06.093  1342 27422 I OpenGLRenderer: Initialized EGL, version 1.4
05-30 23:17:06.251  1342  1411 W ActivityManager: Activity pause timeout for ActivityRecord{6e30a09 u0 com.mm.lobster.mortgage/.MainActivity t3446}
05-30 23:17:06.252  3723  3728 E ANDR-PERF-MPCTL: Invalid profile no. 0, total profiles 0 only
05-30 23:17:06.258  1931  2026 I WtProcessController: MOVE TO FOREGROUND: com.mm.lobster.mortgage 10480
05-30 23:17:06.258  1931  2026 I WtProcessController: FOREGROUND INFO: name=com.mm.lobster.mortgage uid=10480 pid=26584 TaskId:3443
05-30 23:17:06.258  1342  1411 I Timeline: Timeline: App_transition_ready time:132065769
05-30 23:17:06.322  3646  3716 I octvm_klo: gathering logcat log done
05-30 23:17:06.322  3646  3716 I octvm_klo: klo unlock
05-30 23:17:06.361  1342  1442 I Timeline: Timeline: App_transition_ready time:132065871
05-30 23:17:06.694   658   768 D ThermalEngine: sensor_wait: case_therm Wait done.
05-30 23:17:06.695   658   768 D ThermalEngine: sensor_monitor: case_therm Reading 30000 .
05-30 23:17:06.695   658   768 I ThermalEngine: Sensor:case_therm:30000 mC
05-30 23:17:06.695   658   768 D ThermalEngine: update_active_thresh: case_therm Active(1), Hi(1) 40000, Lo(0) -2147483648, Interval(1) 1000
05-30 23:17:06.695   658   768 D ThermalEngine: sensor_monitor: case_therm Sensor wait.
05-30 23:17:06.695   658   768 D ThermalEngine: sensor_wait: case_therm Wait start. 1000ms
05-30 23:17:07.696   658   768 D ThermalEngine: sensor_wait: case_therm Wait done.
05-30 23:17:07.697   658   768 D ThermalEngine: sensor_monitor: case_therm Reading 30000 .
05-30 23:17:07.697   658   768 I ThermalEngine: Sensor:case_therm:30000 mC
05-30 23:17:07.697   658   768 D ThermalEngine: update_active_thresh: case_therm Active(1), Hi(1) 40000, Lo(0) -2147483648, Interval(1) 1000
05-30 23:17:07.697   658   768 D ThermalEngine: sensor_monitor: case_therm Sensor wait.
05-30 23:17:07.697   658   768 D ThermalEngine: sensor_wait: case_therm Wait start. 1000ms
05-30 23:17:07.754 26949 26949 D AndroidRuntime: >>>>>> START com.android.internal.os.RuntimeInit uid 2000 <<<<<<
05-30 23:17:07.762 26949 26949 D AndroidRuntime: CheckJNI is OFF
05-30 23:17:07.818 26949 26949 D ICU     : No timezone override file found: /data/misc/zoneinfo/current/icu/icu_tzdata.dat
05-30 23:17:07.894 26949 26949 I Radio-JNI: register_android_hardware_Radio DONE
05-30 23:17:07.958 26949 26949 D AndroidRuntime: Calling main entry com.android.commands.am.Am
05-30 23:17:08.018 26949 26949 D AndroidRuntime: Shutting down VM
05-30 23:17:08.697   658   768 D ThermalEngine: sensor_wait: case_therm Wait done.
05-30 23:17:08.699   658   768 D ThermalEngine: sensor_monitor: case_therm Reading 30000 .
05-30 23:17:08.699   658   768 I ThermalEngine: Sensor:case_therm:30000 mC
05-30 23:17:08.699   658   768 D ThermalEngine: update_active_thresh: case_therm Active(1), Hi(1) 40000, Lo(0) -2147483648, Interval(1) 1000
05-30 23:17:08.699   658   768 D ThermalEngine: sensor_monitor: case_therm Sensor wait.
05-30 23:17:08.699   658   768 D ThermalEngine: sensor_wait: case_therm Wait start. 1000ms
05-30 23:17:08.813 26958 26958 D AndroidRuntime: >>>>>> START com.android.internal.os.RuntimeInit uid 2000 <<<<<<
05-30 23:17:08.819 26958 26958 D AndroidRuntime: CheckJNI is OFF
05-30 23:17:08.856 26958 26958 D ICU     : No timezone override file found: /data/misc/zoneinfo/current/icu/icu_tzdata.dat
05-30 23:17:08.899 26958 26958 I Radio-JNI: register_android_hardware_Radio DONE
05-30 23:17:08.933 26958 26958 D AndroidRuntime: Calling main entry com.android.commands.am.Am
05-30 23:17:08.964  1342  2291 I ActivityManager: Force stopping com.mm.lobster.mortgage appid=10480 user=0: from process:26958
05-30 23:17:08.965  1342  2291 I ActivityManager: Killing 26584:com.mm.lobster.mortgage/u0a480 (adj 0): stop com.mm.lobster.mortgage: from process:26958
05-30 23:17:08.966  1342  2291 D ActivityManager: cleanUpApplicationRecord -- 26584
05-30 23:17:08.967  1342  2291 W ActivityManager: Force removing ActivityRecord{2759ca4 u0 com.mm.lobster.mortgage/.MainActivity t3446}: app died, no saved state
05-30 23:17:08.968  1342  2291 W ActivityManager: Force removing ActivityRecord{41bafe3 u0 com.mm.lobster.mortgage/.MainActivity t3446}: app died, no saved state
05-30 23:17:08.970  1342  2291 I Timeline: Timeline: App_transition_ready time:132068481
05-30 23:17:08.989  1342  2291 V BoostFramework: BoostFramework() : mPerf = com.qualcomm.qti.Performance@ea8d64
05-30 23:17:08.993  1342  2291 I ActivityManager: Start proc 26967:com.mm.lobster.mortgage/u0a480 for activity com.mm.lobster.mortgage/.MainActivity
05-30 23:17:08.994  1342  2291 I ActivityManager:   Force finishing activity ActivityRecord{d71aec u0 com.mm.lobster.mortgage/.MainActivity t3446}
05-30 23:17:08.998  1342  2291 I ActivityManager:   Force finishing activity ActivityRecord{c697426 u0 com.mm.lobster.mortgage/.MainActivity t3446}
05-30 23:17:09.001  1342  2291 I ActivityManager:   Force finishing activity ActivityRecord{ed7c6ae u0 com.mm.lobster.mortgage/.MainActivity t3446}
05-30 23:17:09.003  1342  2291 I ActivityManager:   Force finishing activity ActivityRecord{6e30a09 u0 com.mm.lobster.mortgage/.MainActivity t3446}
05-30 23:17:09.005  1342  2291 I ActivityManager:   Force finishing activity ActivityRecord{74ddc3c u0 com.mm.lobster.mortgage/.MainActivity t3446}
05-30 23:17:09.007  1342  2291 I ActivityManager: START u0 {act=android.intent.action.MAIN cat=[android.intent.category.HOME] flg=0x10000000 cmp=android/com.android.internal.app.ResolverActivity} from uid 0 on display 0
05-30 23:17:09.009  3723  3728 E ANDR-PERF-MPCTL: Invalid profile no. 0, total profiles 0 only
05-30 23:17:09.021  1931  2026 I WtProcessController: mCurTask:3447
05-30 23:17:09.027  1342  2291 D ActivityManager: Set Ui thread(TID 19269) to sched FIFO
05-30 23:17:09.029  1931  2026 I WtProcessController: MOVE TO FOREGROUND: android 1000
05-30 23:17:09.030  1931  2026 I StatusController: Last foreground:com.mm.lobster.mortgage uid:10480 Current foreground:android uid:1000
05-30 23:17:09.030  1342  2291 I Timeline: Timeline: App_transition_ready time:132068540
05-30 23:17:09.030  1931  2026 I WtProcessController: FOREGROUND INFO: name=android uid=1000 pid=19269 TaskId:3447
05-30 23:17:09.031 26967 26967 D TidaProvider: TidaProvider()
05-30 23:17:09.032 26958 26958 D AndroidRuntime: Shutting down VM
05-30 23:17:09.032  1342  1411 I Timeline: Timeline: App_transition_ready time:132068543
05-30 23:17:09.035  1342  1411 I Timeline: Timeline: App_transition_ready time:132068545
05-30 23:17:09.037  1342  1411 I Timeline: Timeline: App_transition_ready time:132068547
05-30 23:17:09.038  1342  1411 I Timeline: Timeline: App_transition_ready time:132068549
05-30 23:17:09.042  1342  1411 I Timeline: Timeline: App_transition_ready time:132068552
05-30 23:17:09.051  1342  1412 I Timeline: Timeline: App_transition_ready time:132068562
05-30 23:17:09.097  1342  1442 D WindowManager: Fetching specs wasn't finished in time.
05-30 23:17:09.098  1342  1442 I Timeline: Timeline: App_transition_ready time:132068608
05-30 23:17:09.161  1342  2675 D ConnectivityService: ConnectivityService NetworkRequestInfo binderDied(NetworkRequest [ id=610, legacyType=-1, [ Capabilities: INTERNET&NOT_RESTRICTED&TRUSTED] ], android.os.BinderProxy@13ad9da)
05-30 23:17:09.161  1342  2291 D GraphicsStats: Buffer count: 3
05-30 23:17:09.161  1342  2621 I WindowState: WIN DEATH: Window{eaff89b u0 com.mm.lobster.mortgage/com.mm.lobster.mortgage.MainActivity}
05-30 23:17:09.161  1342  2695 D ConnectivityService: ConnectivityService NetworkRequestInfo binderDied(NetworkRequest [ id=611, legacyType=-1, [ Capabilities: INTERNET&NOT_RESTRICTED&TRUSTED] ], android.os.BinderProxy@d0b5e0b)
05-30 23:17:09.161  1342  1703 D ConnectivityService: releasing NetworkRequest NetworkRequest [ id=611, legacyType=-1, [ Capabilities: INTERNET&NOT_RESTRICTED&TRUSTED] ]
05-30 23:17:09.162  1342  1703 E ConnectivityService: RemoteException caught trying to send a callback msg for NetworkRequest [ id=611, legacyType=-1, [ Capabilities: INTERNET&NOT_RESTRICTED&TRUSTED] ]
05-30 23:17:09.162  1342  1703 D ConnectivityService: releasing NetworkRequest NetworkRequest [ id=610, legacyType=-1, [ Capabilities: INTERNET&NOT_RESTRICTED&TRUSTED] ]
05-30 23:17:09.162  1342  2621 I Timeline: Timeline: App_transition_ready time:132068673
05-30 23:17:09.163  1342  1703 E ConnectivityService: RemoteException caught trying to send a callback msg for NetworkRequest [ id=610, legacyType=-1, [ Capabilities: INTERNET&NOT_RESTRICTED&TRUSTED] ]
05-30 23:17:09.163  1342  2615 I WindowState: WIN DEATH: Window{6e8acb2 u0 com.mm.lobster.mortgage/com.mm.lobster.mortgage.MainActivity}
05-30 23:17:09.164  1342  2615 I Timeline: Timeline: App_transition_ready time:132068675
05-30 23:17:09.165  1342  1378 I WindowState: WIN DEATH: Window{a5d9fba u0 com.mm.lobster.mortgage/com.mm.lobster.mortgage.MainActivity}
05-30 23:17:09.166  1342  1378 I Timeline: Timeline: App_transition_ready time:132068676
05-30 23:17:09.167  1342  1913 I WindowState: WIN DEATH: Window{cc1df10 u0 com.mm.lobster.mortgage/com.mm.lobster.mortgage.MainActivity}
05-30 23:17:09.168  1342  1913 I Timeline: Timeline: App_transition_ready time:132068678
05-30 23:17:09.168  1342  8273 I WindowState: WIN DEATH: Window{1cf673f u0 com.mm.lobster.mortgage/com.mm.lobster.mortgage.MainActivity}
05-30 23:17:09.169  1342  8273 I Timeline: Timeline: App_transition_ready time:132068680
05-30 23:17:09.177  1342  1413 E libprocessgroup: failed to kill 1 processes for processgroup 26584
05-30 23:17:09.217  1342  1995 I Timeline: Timeline: App_transition_ready time:132068727
05-30 23:17:09.218  1342  1995 I Timeline: Timeline: App_transition_ready time:132068729
05-30 23:17:09.238  1342  1442 I Timeline: Timeline: App_transition_ready time:132068749
05-30 23:17:09.238  1342  1442 I Timeline: Timeline: App_transition_stopped time:132068749
05-30 23:17:09.240  1342  1442 I ActivityManager: Displayed android/com.android.internal.app.ResolverActivity: +216ms (total +4s140ms)
05-30 23:17:09.241  1342  2291 W InputMethodManagerService: Got RemoteException sending setActive(false) notification to pid 26584 uid 10480
05-30 23:17:09.241  1803  1803 V PhoneStatusBarPolicy: updateManagedProfile mManagedProfileFocused: false mManagedProfileInQuietMode: false mKeyguardVisible: true mCurrentUserId:0 mCurrentProfileId:0 mSecondSpaceStatusIconVisible: true showIcon:false
05-30 23:17:09.241  1931  2026 I WtEventController: AM_Launch: 30009 TAG: 840704
05-30 23:17:09.241  1931  2026 I WtEventController: AM_Launch: 30009 TAG: 239299583
05-30 23:17:09.241  1931  2026 I WtEventController: AM_Launch: 30009 TAG: 25174048
05-30 23:17:09.241  1931  2026 I WtEventController: AM_Launch: 30009 TAG: 8224
05-30 23:17:09.241  1931  2026 I WtEventController: AM_Launch: 30009 TAG: 4096
05-30 23:17:09.241  1931  2026 I WtEventController: AM_Launch: 30009 TAG: 10848
05-30 23:17:09.241  1931  2026 I WtEventController: AM_Launch: 30009 TAG: 1048576
05-30 23:17:09.426  1342  1441 D BluetoothManagerService: Message: 20
05-30 23:17:09.426  1342  1441 D BluetoothManagerService: Added callback: android.bluetooth.IBluetoothManagerCallback$Stub$Proxy@6abd539:true
05-30 23:17:09.468  1342  1442 I Timeline: Timeline: Activity_windows_visible id: ActivityRecord{a4adbcd u0 android/com.android.internal.app.ResolverActivity t3447} time:132068979
05-30 23:17:09.699   658   768 D ThermalEngine: sensor_wait: case_therm Wait done.
