05-30 23:16:01.804  1342  1378 D ActivityManager: Set Ui thread(TID 26584) to sched FIFO
05-30 23:16:01.806  1931  2026 I WtProcessController: MOVE TO FOREGROUND: com.mm.lobster.mortgage 10480
05-30 23:16:01.806  1342  1378 I Timeline: Timeline: App_transition_ready time:132001316
05-30 23:16:01.806  1931  2026 I StatusController: Last foreground:android uid:1000 Current foreground:com.mm.lobster.mortgage uid:10480
05-30 23:16:01.807  1931  2026 I WtProcessController: FOREGROUND INFO: name=com.mm.lobster.mortgage uid=10480 pid=26584 TaskId:3446
05-30 23:16:02.170  1342  1441 D BluetoothManagerService: Message: 20
05-30 23:16:02.170  1342  1441 D BluetoothManagerService: Added callback: android.bluetooth.IBluetoothManagerCallback$Stub$Proxy@4e92bf0:true
05-30 23:16:02.210 26584 26584 D AccessibilityManager: current package=com.mm.lobster.mortgage, accessibility manager mIsFinalEnabled=true, mOptimizeEnabled=false, mIsUiAutomationEnabled=false, mIsInterestedPackage=false
05-30 23:16:02.216 26584 26584 I WebViewFactory: Loading com.google.android.webview version 57.0.2987.132 (code 298713250)
05-30 23:16:02.260 26584 26584 W System  : ClassLoader referenced unknown path: /system/app/WebViewGoogle/lib/arm
05-30 23:16:02.270 26584 26584 I art     : Rejecting re-init on previously-failed class java.lang.Class<com.android.webview.chromium.TokenBindingManagerAdapter>
05-30 23:16:02.270 26584 26584 I art     : Rejecting re-init on previously-failed class java.lang.Class<com.android.webview.chromium.TokenBindingManagerAdapter>
05-30 23:16:02.275 26584 26584 I art     : Rejecting re-init on previously-failed class java.lang.Class<com.android.webview.chromium.ServiceWorkerControllerAdapter>
05-30 23:16:02.275 26584 26584 I art     : Rejecting re-init on previously-failed class java.lang.Class<com.android.webview.chromium.ServiceWorkerControllerAdapter>
05-30 23:16:02.284 26584 26584 I cr_LibraryLoader: Time to load native libraries: 6 ms (timestamps 1788-1794)
05-30 23:16:02.302 26584 26584 I chromium: [INFO:library_loader_hooks.cc(163)] Chromium logging enabled: level = 0, default verbosity = 0
05-30 23:16:02.302 26584 26584 I cr_LibraryLoader: Expected native library version number "57.0.2987.132", actual native library version number "57.0.2987.132"
05-30 23:16:02.314 26584 26584 I cr_BrowserStartup: Initializing chromium process, singleProcess=true
05-30 23:16:02.334 26584 26584 I Adreno  : QUALCOMM build                   : 10c9f68, I74772a33ad
05-30 23:16:02.334 26584 26584 I Adreno  : Build Date                       : 02/07/17
05-30 23:16:02.334 26584 26584 I Adreno  : OpenGL ES Shader Compiler Version: XE031.07.00.01
05-30 23:16:02.334 26584 26584 I Adreno  : Local Branch                     : 
05-30 23:16:02.334 26584 26584 I Adreno  : Remote Branch                    : refs/tags/AU_LINUX_ANDROID_LA.UM.5.1_RB1.06.00.01.192.038
05-30 23:16:02.334 26584 26584 I Adreno  : Remote Branch                    : NONE
05-30 23:16:02.334 26584 26584 I Adreno  : Reconstruct Branch               : NOTHING
05-30 23:16:02.500  1342  2645 D ConnectivityService: listenForNetwork for Listen from uid/pid:10480/26584 for NetworkRequest [ id=610, legacyType=-1, [ Capabilities: INTERNET&NOT_RESTRICTED&TRUSTED] ]
05-30 23:16:02.554 26584 26584 D EgretLoader: EgretLoader(Context context)
05-30 23:16:02.558 26584 26584 D EgretLoader: The context is not activity
05-30 23:16:02.572   658   768 D ThermalEngine: sensor_wait: case_therm Wait done.
05-30 23:16:02.573   658   768 D ThermalEngine: sensor_monitor: case_therm Reading 28000 .
05-30 23:16:02.573   658   768 I ThermalEngine: Sensor:case_therm:28000 mC
05-30 23:16:02.573   658   768 D ThermalEngine: update_active_thresh: case_therm Active(1), Hi(1) 40000, Lo(0) -2147483648, Interval(1) 1000
05-30 23:16:02.573   658   768 D ThermalEngine: sensor_monitor: case_therm Sensor wait.
05-30 23:16:02.574   658   768 D ThermalEngine: sensor_wait: case_therm Wait start. 1000ms
05-30 23:16:02.806 26584 26641 W cr_media: Requires BLUETOOTH permission
05-30 23:16:02.833 26584 26649 D OpenGLRenderer: Use EGL_SWAP_BEHAVIOR_PRESERVED: true
05-30 23:16:02.833  1342  2326 D ActivityManager: Set Render thread(TID 26649) to sched FIFO
05-30 23:16:02.852  1342  2289 D ConnectivityService: listenForNetwork for Listen from uid/pid:10480/26584 for NetworkRequest [ id=611, legacyType=-1, [ Capabilities: INTERNET&NOT_RESTRICTED&TRUSTED] ]
05-30 23:16:02.855 26584 26584 W ContentCatcher: Failed to notify a WebView
05-30 23:16:02.884  1342 26067 I Timeline: Timeline: App_transition_ready time:132002394
05-30 23:16:02.885  1342 26067 I Timeline: Timeline: App_transition_ready time:132002396
05-30 23:16:02.886 26584 26649 I OpenGLRenderer: Initialized EGL, version 1.4
05-30 23:16:03.217 26584 26666 E libEGL  : validate_display:255 error 3008 (EGL_BAD_DISPLAY)
05-30 23:16:03.262 26584 26666 E chromium: [ERROR:child_thread_impl.cc(762)] Request for unknown Channel-associated interface: ui::mojom::GpuMain
05-30 23:16:03.303 26584 26666 W VideoCapabilities: Unrecognized profile 2130706433 for video/avc
05-30 23:16:03.303 26584 26666 W VideoCapabilities: Unrecognized profile 2130706434 for video/avc
05-30 23:16:03.312 26584 26666 W VideoCapabilities: Unsupported mime video/divx
05-30 23:16:03.313 26584 26666 W VideoCapabilities: Unsupported mime video/divx4
05-30 23:16:03.315 26584 26666 W VideoCapabilities: Unsupported mime video/mp4v-esdp
05-30 23:16:03.318 26431 26647 I DpmTcmClient: RegisterTcmMonitor from: com.android.okhttp.TcmIdleTimerMonitor
05-30 23:16:03.319 26584 26666 W VideoCapabilities: Unsupported mime video/mp4v-esdp
05-30 23:16:03.330 26584 26666 I VideoCapabilities: Unsupported profile 4 for video/mp4v-es
05-30 23:16:03.474 26431 26647 W Market-DnsChecker: can not get ip: data.mistat.xiaomi.com
05-30 23:16:03.518  1342  1442 I Timeline: Timeline: App_transition_ready time:132003028
05-30 23:16:03.518  1342  1442 I Timeline: Timeline: App_transition_stopped time:132003028
05-30 23:16:03.521  1803  1803 D PhoneStatusBar: disable: 0x00000100 -> 0x00000000 (diff: 0x00000100)
05-30 23:16:03.521  1803  1803 D PhoneStatusBar: disable: < expand icons alerts ticker system_info back home recent clock full hide* keyguard none float >
05-30 23:16:03.521  1803  1803 D PhoneStatusBar: showStatusBar isshow=true;delay=false
05-30 23:16:03.522  1342  1442 I ActivityManager: Displayed com.mm.lobster.mortgage/.MainActivity: +1s769ms (total +9s1ms)
05-30 23:16:03.522  1342  1442 I Timeline: Timeline: Activity_windows_visible id: ActivityRecord{d71aec u0 com.mm.lobster.mortgage/.MainActivity t3446} time:132003032
05-30 23:16:03.522  1931  2026 I WtEventController: AM_Launch: 30009 TAG: 840704
05-30 23:16:03.522  1931  2026 I WtEventController: AM_Launch: 30009 TAG: 239299583
05-30 23:16:03.524 26584 26584 I Choreographer: Skipped 30 frames!  The application may be doing too much work on its main thread.
05-30 23:16:03.525  1931  2026 I WtEventController: AM_Launch: 30009 TAG: 25174048
05-30 23:16:03.525  1931  2026 I WtEventController: AM_Launch: 30009 TAG: 8224
05-30 23:16:03.525  1931  2026 I WtEventController: AM_Launch: 30009 TAG: 4096
05-30 23:16:03.525  1931  2026 I WtEventController: AM_Launch: 30009 TAG: 10848
05-30 23:16:03.525  1931  2026 I WtEventController: AM_Launch: 30009 TAG: 1048576
05-30 23:16:03.525  1931  2026 I CatonHandler: Caton frame: 30
05-30 23:16:03.537  1803  1803 V PhoneStatusBarPolicy: updateManagedProfile mManagedProfileFocused: false mManagedProfileInQuietMode: false mKeyguardVisible: true mCurrentUserId:0 mCurrentProfileId:0 mSecondSpaceStatusIconVisible: true showIcon:false
05-30 23:16:03.574   658   768 D ThermalEngine: sensor_wait: case_therm Wait done.
05-30 23:16:03.575   658   768 D ThermalEngine: sensor_monitor: case_therm Reading 28000 .
05-30 23:16:03.575   658   768 I ThermalEngine: Sensor:case_therm:28000 mC
05-30 23:16:03.575   658   768 D ThermalEngine: update_active_thresh: case_therm Active(1), Hi(1) 40000, Lo(0) -2147483648, Interval(1) 1000
05-30 23:16:03.575   658   768 D ThermalEngine: sensor_monitor: case_therm Sensor wait.
05-30 23:16:03.575   658   768 D ThermalEngine: sensor_wait: case_therm Wait start. 1000ms
05-30 23:16:03.593 26584 26584 W cr_BindingManager: Cannot call determinedVisibility() - never saw a connection for the pid: 26584
05-30 23:16:04.359  1342  2531 D ActivityTrigger: ActivityTrigger activityStopTrigger 
05-30 23:16:04.432   775   775 I MSM-irqbalance: Decided to move IRQ65 from CPU6 to CPU4
05-30 23:16:04.513  1342  2583 D PerfShielderService: com.mm.lobster.mortgage|com.mm.lobster.mortgage/com.mm.lobster.mortgage.MainActivity|581|132003109339902|76|0
05-30 23:16:04.524  2362  2380 D MiuiPerfServiceClient: interceptAndQueuing:26584|com.mm.lobster.mortgage|581|76|running|null
05-30 23:16:04.563  1342 26067 W Process : Unable to open /proc/24766/status
05-30 23:16:04.563  1342 26067 W Process : Unable to open /proc/24792/status
05-30 23:16:04.563  1342 26067 W Process : Unable to open /proc/24815/status
05-30 23:16:04.563  1342 26067 W Process : Unable to open /proc/24854/status
05-30 23:16:04.563  1342 26067 W Process : Unable to open /proc/24870/status
05-30 23:16:04.564  1342 26067 W Process : Unable to open /proc/24903/status
05-30 23:16:04.564  1342 26067 W Process : Unable to open /proc/24934/status
05-30 23:16:04.564  1342 26067 W Process : Unable to open /proc/24958/status
05-30 23:16:04.564  1342 26067 W Process : Unable to open /proc/25014/status
05-30 23:16:04.564  1342 26067 W Process : Unable to open /proc/25034/status
05-30 23:16:04.564  1342 26067 W Process : Unable to open /proc/25312/status
05-30 23:16:04.564  1342 26067 W Process : Unable to open /proc/25511/status
05-30 23:16:04.564  1342 26067 W Process : Unable to open /proc/25526/status
05-30 23:16:04.564  1342 26067 W Process : Unable to open /proc/25541/status
05-30 23:16:04.564  1342 26067 W Process : Unable to open /proc/25560/status
05-30 23:16:04.565  1342 26067 W Process : Unable to open /proc/25562/status
05-30 23:16:04.565  1342 26067 W Process : Unable to open /proc/25621/status
05-30 23:16:04.575   658   768 D ThermalEngine: sensor_wait: case_therm Wait done.
05-30 23:16:04.577   658   768 D ThermalEngine: sensor_monitor: case_therm Reading 29000 .
05-30 23:16:04.577   658   768 I ThermalEngine: Sensor:case_therm:29000 mC
05-30 23:16:04.577   658   768 D ThermalEngine: update_active_thresh: case_therm Active(1), Hi(1) 40000, Lo(0) -2147483648, Interval(1) 1000
05-30 23:16:04.577   658   768 D ThermalEngine: sensor_monitor: case_therm Sensor wait.
05-30 23:16:04.577   658   768 D ThermalEngine: sensor_wait: case_therm Wait start. 1000ms
05-30 23:16:05.577   658   768 D ThermalEngine: sensor_wait: case_therm Wait done.
05-30 23:16:05.578   658   768 D ThermalEngine: sensor_monitor: case_therm Reading 29000 .
05-30 23:16:05.578   658   768 I ThermalEngine: Sensor:case_therm:29000 mC
05-30 23:16:05.578   658   768 D ThermalEngine: update_active_thresh: case_therm Active(1), Hi(1) 40000, Lo(0) -2147483648, Interval(1) 1000
05-30 23:16:05.578   658   768 D ThermalEngine: sensor_monitor: case_therm Sensor wait.
05-30 23:16:05.578   658   768 D ThermalEngine: sensor_wait: case_therm Wait start. 1000ms
05-30 23:16:06.579   658   768 D ThermalEngine: sensor_wait: case_therm Wait done.
05-30 23:16:06.580   658   768 D ThermalEngine: sensor_monitor: case_therm Reading 29000 .
05-30 23:16:06.580   658   768 I ThermalEngine: Sensor:case_therm:29000 mC
05-30 23:16:06.580   658   768 D ThermalEngine: update_active_thresh: case_therm Active(1), Hi(1) 40000, Lo(0) -2147483648, Interval(1) 1000
05-30 23:16:06.580   658   768 D ThermalEngine: sensor_monitor: case_therm Sensor wait.
05-30 23:16:06.580   658   768 D ThermalEngine: sensor_wait: case_therm Wait start. 1000ms
05-30 23:16:06.744  1803  1803 D BatteryController: action=android.intent.action.BATTERY_CHANGED; mCharging=true
05-30 23:16:06.747 14682 14682 I BatteryInfoReceiver: ACTION_BATTERY_CHANGED
05-30 23:16:06.747  2475  2475 D HighTemperatureReceiver: Receive action: android.intent.action.BATTERY_CHANGED
05-30 23:16:06.748  3630  3868 D HeadsetStateMachine: Disconnected process message: 10, size: 0
05-30 23:16:06.748 20044 20070 D PowerCheckerService: onBatteryChanged, mBatteryLevel = 100, status = 5, level = 100, plug = 1
05-30 23:16:07.580   658   768 D ThermalEngine: sensor_wait: case_therm Wait done.
05-30 23:16:07.582   658   768 D ThermalEngine: sensor_monitor: case_therm Reading 29000 .
05-30 23:16:07.582   658   768 I ThermalEngine: Sensor:case_therm:29000 mC
05-30 23:16:07.582   658   768 D ThermalEngine: update_active_thresh: case_therm Active(1), Hi(1) 40000, Lo(0) -2147483648, Interval(1) 1000
05-30 23:16:07.582   658   768 D ThermalEngine: sensor_monitor: case_therm Sensor wait.
05-30 23:16:07.582   658   768 D ThermalEngine: sensor_wait: case_therm Wait start. 1000ms
05-30 23:16:07.692 26679 26679 D AndroidRuntime: >>>>>> START com.android.internal.os.RuntimeInit uid 2000 <<<<<<
05-30 23:16:07.697 26679 26679 D AndroidRuntime: CheckJNI is OFF
05-30 23:16:07.740 26679 26679 D ICU     : No timezone override file found: /data/local/tmp/misc/zoneinfo/current/icu/icu_tzdata.dat
05-30 23:16:07.758 26679 26679 W System  : ClassLoader referenced unknown path: 
05-30 23:16:07.798 26679 26679 I Radio-JNI: register_android_hardware_Radio DONE
05-30 23:16:07.837 26679 26679 D AndroidRuntime: Calling main entry com.android.commands.uiautomator.Launcher
05-30 23:16:07.894  1342  1799 W WindowManager: Attempted to remove non-existing token: android.os.Binder@a1017a0
05-30 23:16:07.898  1342 14927 I ActivityManager: Killing 25752:com.android.printspooler/u0a72 (adj 13): empty #17
05-30 23:16:07.901  1342  1342 D AccessibilityManager: the process is system, current packagename=android
05-30 23:16:07.901  1342  1342 D AccessibilityManager: current package=android, accessibility manager mIsFinalEnabled=true, mOptimizeEnabled=true, mIsUiAutomationEnabled=true, mIsInterestedPackage=true
05-30 23:16:07.901  1342  1342 D AccessibilityManager: the process is system, current packagename=android
05-30 23:16:07.901  1342  1342 D AccessibilityManager: current package=android, accessibility manager mIsFinalEnabled=true, mOptimizeEnabled=true, mIsUiAutomationEnabled=true, mIsInterestedPackage=true
05-30 23:16:07.901 20018 20018 D AccessibilityManager: current package=com.sohu.inputmethod.sogou.xiaomi, accessibility manager mIsFinalEnabled=true, mOptimizeEnabled=true, mIsUiAutomationEnabled=true, mIsInterestedPackage=false
05-30 23:16:07.901  1931  1931 D AccessibilityManager: current package=com.miui.whetstone, accessibility manager mIsFinalEnabled=true, mOptimizeEnabled=true, mIsUiAutomationEnabled=true, mIsInterestedPackage=false
05-30 23:16:07.902 19269 19269 D AccessibilityManager: current package=android, accessibility manager mIsFinalEnabled=true, mOptimizeEnabled=true, mIsUiAutomationEnabled=true, mIsInterestedPackage=false
05-30 23:16:07.902 20018 20018 D AccessibilityManager: current package=com.sohu.inputmethod.sogou.xiaomi, accessibility manager mIsFinalEnabled=true, mOptimizeEnabled=true, mIsUiAutomationEnabled=true, mIsInterestedPackage=false
05-30 23:16:07.902  1803  1803 D AccessibilityManager: current package=com.android.systemui, accessibility manager mIsFinalEnabled=true, mOptimizeEnabled=true, mIsUiAutomationEnabled=true, mIsInterestedPackage=false
05-30 23:16:07.903 19269 19269 D AccessibilityManager: current package=android, accessibility manager mIsFinalEnabled=true, mOptimizeEnabled=true, mIsUiAutomationEnabled=true, mIsInterestedPackage=false
05-30 23:16:07.903  1931  1931 D AccessibilityManager: current package=com.miui.whetstone, accessibility manager mIsFinalEnabled=true, mOptimizeEnabled=true, mIsUiAutomationEnabled=true, mIsInterestedPackage=false
05-30 23:16:07.903  1803  1803 D AccessibilityManager: current package=com.android.systemui, accessibility manager mIsFinalEnabled=true, mOptimizeEnabled=true, mIsUiAutomationEnabled=true, mIsInterestedPackage=false
05-30 23:16:07.903 26584 26584 D AccessibilityManager: current package=com.mm.lobster.mortgage, accessibility manager mIsFinalEnabled=true, mOptimizeEnabled=true, mIsUiAutomationEnabled=true, mIsInterestedPackage=false
05-30 23:16:07.904 26584 26584 D AccessibilityManager: current package=com.mm.lobster.mortgage, accessibility manager mIsFinalEnabled=true, mOptimizeEnabled=true, mIsUiAutomationEnabled=true, mIsInterestedPackage=false
05-30 23:16:07.922  1342  1799 D ActivityManager: cleanUpApplicationRecord -- 25752
05-30 23:16:07.922  1342  1799 D ProcessRecordInjector: Begin to report kill process events...
05-30 23:16:07.942 26431 26431 D Market-CheckUpdateService: [Update] retry 1
05-30 23:16:07.943 26431 26480 D Market-CheckUpdateService: [Update] app auto update start: packageAddedOutside
05-30 23:16:07.944 26431 26480 D Market-CheckUpdateService: [Update] isConnected: false
05-30 23:16:07.983  1342  2645 I ActivityManager: Killing 26033:com.miui.hybrid/u0a57 (adj 13): empty #17
05-30 23:16:08.040  1342  2290 D ConnectivityService: ConnectivityService NetworkRequestInfo binderDied(NetworkRequest [ id=609, legacyType=-1, [ Capabilities: INTERNET&NOT_RESTRICTED&TRUSTED] ], android.os.BinderProxy@129894e)
05-30 23:16:08.040  1342  1913 D ActivityManager: cleanUpApplicationRecord -- 26033
05-30 23:16:08.041  1342  1703 D ConnectivityService: releasing NetworkRequest NetworkRequest [ id=609, legacyType=-1, [ Capabilities: INTERNET&NOT_RESTRICTED&TRUSTED] ]
05-30 23:16:08.041  1342  1703 E ConnectivityService: RemoteException caught trying to send a callback msg for NetworkRequest [ id=609, legacyType=-1, [ Capabilities: INTERNET&NOT_RESTRICTED&TRUSTED] ]
05-30 23:16:08.408 26679 26679 E QueryController: Got null root node from accessibility - Retrying...
05-30 23:16:08.582   658   768 D ThermalEngine: sensor_wait: case_therm Wait done.
05-30 23:16:08.583   658   768 D ThermalEngine: sensor_monitor: case_therm Reading 29000 .
05-30 23:16:08.583   658   768 I ThermalEngine: Sensor:case_therm:29000 mC
05-30 23:16:08.583   658   768 D ThermalEngine: update_active_thresh: case_therm Active(1), Hi(1) 40000, Lo(0) -2147483648, Interval(1) 1000
05-30 23:16:08.583   658   768 D ThermalEngine: sensor_monitor: case_therm Sensor wait.
05-30 23:16:08.583   658   768 D ThermalEngine: sensor_wait: case_therm Wait start. 1000ms
05-30 23:16:08.659 26679 26679 E QueryController: Got null root node from accessibility - Retrying...
05-30 23:16:08.909 26679 26679 E QueryController: Got null root node from accessibility - Retrying...
05-30 23:16:09.161 26679 26679 E QueryController: Got null root node from accessibility - Retrying...
05-30 23:16:09.412 26679 26679 E QueryController: Got null root node from accessibility - Retrying...
05-30 23:16:09.434   775   775 I MSM-irqbalance: Decided to move IRQ104 from CPU7 to CPU4
05-30 23:16:09.584   658   768 D ThermalEngine: sensor_wait: case_therm Wait done.
05-30 23:16:09.585   658   768 D ThermalEngine: sensor_monitor: case_therm Reading 29000 .
05-30 23:16:09.585   658   768 I ThermalEngine: Sensor:case_therm:29000 mC
05-30 23:16:09.585   658   768 D ThermalEngine: update_active_thresh: case_therm Active(1), Hi(1) 40000, Lo(0) -2147483648, Interval(1) 1000
05-30 23:16:09.585   658   768 D ThermalEngine: sensor_monitor: case_therm Sensor wait.
05-30 23:16:09.585   658   768 D ThermalEngine: sensor_wait: case_therm Wait start. 1000ms
05-30 23:16:09.662 26679 26679 E QueryController: Got null root node from accessibility - Retrying...
05-30 23:16:09.913 26679 26679 E QueryController: Cannot proceed when root node is null. Aborted search
05-30 23:16:09.931  1342  1799 D BaseMiuiPhoneWindowManager: keyCode:3 down:true eventTime:132009434 downTime:132009434 policyFlags:2b000000 deviceId:-1 isScreenOn:true keyguardActive:false repeatCount:0
05-30 23:16:09.932  1342  2520 D BaseMiuiPhoneWindowManager: keyCode:3 down:false eventTime:132009434 downTime:132009434 policyFlags:2b000000 deviceId:-1 isScreenOn:true keyguardActive:false repeatCount:0
05-30 23:16:09.940  1342  1683 I ActivityManager: START u0 {act=android.intent.action.MAIN cat=[android.intent.category.HOME] flg=0x10200000 cmp=android/com.android.internal.app.ResolverActivity (has extras)} from uid 1000 on display 0
05-30 23:16:09.946  3723  3728 E ANDR-PERF-MPCTL: Invalid profile no. 0, total profiles 0 only
05-30 23:16:09.946  1342  1683 D ActivityTrigger: ActivityTrigger activityPauseTrigger 
05-30 23:16:09.947  1342  1683 W CustomizeUtil: no getRealSize hack method
05-30 23:16:09.950  1342  1683 E ActivityManager: Invalid thumbnail dimensions: 0x0
05-30 23:16:09.952  1931  2026 I WtProcessController: mCurTask:3443
05-30 23:16:09.959  1342  1380 D ActivityManager: Set Ui thread(TID 19269) to sched FIFO
05-30 23:16:09.962  1342  1380 D ActivityManager: Set Ui thread(TID 26584) and RenderThread(TID 26649) to sched NORMAL
05-30 23:16:09.963  1931  2026 I WtProcessController: MOVE TO FOREGROUND: android 1000
05-30 23:16:09.964  1931  2026 I StatusController: Last foreground:com.mm.lobster.mortgage uid:10480 Current foreground:android uid:1000
05-30 23:16:09.964  1931  2026 I WtProcessController: FOREGROUND INFO: name=android uid=1000 pid=19269 TaskId:3443
05-30 23:16:09.969  1342  1380 I Timeline: Timeline: App_transition_ready time:132009480
05-30 23:16:09.970  1342  1380 I Timeline: Timeline: App_transition_stopped time:132009480
05-30 23:16:09.970  1803  1803 V PhoneStatusBarPolicy: updateManagedProfile mManagedProfileFocused: false mManagedProfileInQuietMode: false mKeyguardVisible: true mCurrentUserId:0 mCurrentProfileId:0 mSecondSpaceStatusIconVisible: true showIcon:false
05-30 23:16:09.977  1342  2291 D ActivityTrigger: ActivityTrigger activityStopTrigger 
05-30 23:16:10.585   658   768 D ThermalEngine: sensor_wait: case_therm Wait done.
05-30 23:16:10.587   658   768 D ThermalEngine: sensor_monitor: case_therm Reading 29000 .
05-30 23:16:10.587   658   768 I ThermalEngine: Sensor:case_therm:29000 mC
05-30 23:16:10.587   658   768 D ThermalEngine: update_active_thresh: case_therm Active(1), Hi(1) 40000, Lo(0) -2147483648, Interval(1) 1000
05-30 23:16:10.587   658   768 D ThermalEngine: sensor_monitor: case_therm Sensor wait.
05-30 23:16:10.587   658   768 D ThermalEngine: sensor_wait: case_therm Wait start. 1000ms
05-30 23:16:10.962 26679 26679 W InteractionController: runAndwaitForEvent timedout waiting for events
05-30 23:16:11.588   658   768 D ThermalEngine: sensor_wait: case_therm Wait done.
05-30 23:16:11.589   658   768 D ThermalEngine: sensor_monitor: case_therm Reading 29000 .
05-30 23:16:11.589   658   768 I ThermalEngine: Sensor:case_therm:29000 mC
05-30 23:16:11.589   658   768 D ThermalEngine: update_active_thresh: case_therm Active(1), Hi(1) 40000, Lo(0) -2147483648, Interval(1) 1000
05-30 23:16:11.589   658   768 D ThermalEngine: sensor_monitor: case_therm Sensor wait.
05-30 23:16:11.589   658   768 D ThermalEngine: sensor_wait: case_therm Wait start. 1000ms
05-30 23:16:12.590   658   768 D ThermalEngine: sensor_wait: case_therm Wait done.
05-30 23:16:12.592   658   768 D ThermalEngine: sensor_monitor: case_therm Reading 28000 .
05-30 23:16:12.592   658   768 I ThermalEngine: Sensor:case_therm:28000 mC
05-30 23:16:12.592   658   768 D ThermalEngine: update_active_thresh: case_therm Active(1), Hi(1) 40000, Lo(0) -2147483648, Interval(1) 1000
05-30 23:16:12.592   658   768 D ThermalEngine: sensor_monitor: case_therm Sensor wait.
05-30 23:16:12.592   658   768 D ThermalEngine: sensor_wait: case_therm Wait start. 1000ms
05-30 23:16:12.851  1342  1411 I ActivityManager: Waited long enough for: ServiceRecord{9691e39 u0 com.xiaomi.market/.data.CheckUpdateService}
05-30 23:16:13.047  1342  2675 D ActivityTrigger: ActivityTrigger activityPauseTrigger 
05-30 23:16:13.047  1342  2675 E ActivityManager: Invalid thumbnail dimensions: 0x0
05-30 23:16:13.051  3723  3728 E ANDR-PERF-MPCTL: Invalid profile no. 0, total profiles 0 only
05-30 23:16:13.057  1342  2645 D ActivityManager: Set Ui thread(TID 26584) and RenderThread(TID 26649) to sched FIFO
05-30 23:16:13.058  1342  2645 D ActivityManager: Set Ui thread(TID 19269) to sched NORMAL
05-30 23:16:13.061  1931  2026 I WtProcessController: MOVE TO FOREGROUND: com.mm.lobster.mortgage 10480
05-30 23:16:13.061  1931  2026 I StatusController: Last foreground:android uid:1000 Current foreground:com.mm.lobster.mortgage uid:10480
05-30 23:16:13.061  1931  2026 I WtProcessController: FOREGROUND INFO: name=com.mm.lobster.mortgage uid=10480 pid=26584 TaskId:3443
05-30 23:16:13.065  1342  2645 I Timeline: Timeline: App_transition_ready time:132012575
05-30 23:16:13.071  1342  2290 I ActivityManager: Killing 26075:com.miui.home/u0a17 (adj 13): empty #17
05-30 23:16:13.077  1342  2695 W ActivityManager: Finishing task with all activities already finished
05-30 23:16:13.077  1342  2695 W ActivityManager: Duplicate finish request for ActivityRecord{9668481 u0 android/com.android.internal.app.ResolverActivity t3443 f}
05-30 23:16:13.082  1342 14927 I Timeline: Timeline: App_transition_ready time:132012592
05-30 23:16:13.084  1342  2326 I Timeline: Timeline: App_transition_ready time:132012594
05-30 23:16:13.087  1342  2583 W InputManager: Input event injection from pid 26679 failed.
05-30 23:16:13.087  1342 17298 W InputManager: Input event injection from pid 26679 failed.
05-30 23:16:13.130  1342  1378 D ActivityManager: cleanUpApplicationRecord -- 26075
05-30 23:16:13.132  1931  2026 E WtProcessController: Error pid or pid not exist
05-30 23:16:13.146  1342  1442 D WindowManager: Fetching specs wasn't finished in time.
05-30 23:16:13.147  1342  1442 I Timeline: Timeline: App_transition_ready time:132012658
05-30 23:16:13.148  1342  1442 I Timeline: Timeline: App_transition_stopped time:132012658
05-30 23:16:13.150  1803  1803 V PhoneStatusBarPolicy: updateManagedProfile mManagedProfileFocused: false mManagedProfileInQuietMode: false mKeyguardVisible: true mCurrentUserId:0 mCurrentProfileId:0 mSecondSpaceStatusIconVisible: true showIcon:false
05-30 23:16:13.592   658   768 D ThermalEngine: sensor_wait: case_therm Wait done.
05-30 23:16:13.594   658   768 D ThermalEngine: sensor_monitor: case_therm Reading 28000 .
05-30 23:16:13.594   658   768 I ThermalEngine: Sensor:case_therm:28000 mC
05-30 23:16:13.594   658   768 D ThermalEngine: update_active_thresh: case_therm Active(1), Hi(1) 40000, Lo(0) -2147483648, Interval(1) 1000
05-30 23:16:13.594   658   768 D ThermalEngine: sensor_monitor: case_therm Sensor wait.
05-30 23:16:13.594   658   768 D ThermalEngine: sensor_wait: case_therm Wait start. 1000ms
05-30 23:16:13.760  1342  2507 W WindowManager: Attempted to remove non-existing token: android.os.Binder@436c49
05-30 23:16:13.762  1342  2507 W ActivityManager: Permission Denial: getIntentSender() from pid=26679, uid=2000, (need uid=1000) is not allowed to send as package android
05-30 23:16:13.768 26679 26679 D AndroidRuntime: Shutting down VM
05-30 23:16:13.793 26679 26679 E UiAutomatorTestRunner: uncaught exception
05-30 23:16:13.793 26679 26679 E UiAutomatorTestRunner: java.lang.SecurityException: Permission Denial: getIntentSender() from pid=26679, uid=2000, (need uid=1000) is not allowed to send as package android
05-30 23:16:13.793 26679 26679 E UiAutomatorTestRunner: 	at android.os.Parcel.readException(Parcel.java:1620)
05-30 23:16:13.793 26679 26679 E UiAutomatorTestRunner: 	at android.os.Parcel.readException(Parcel.java:1573)
05-30 23:16:13.793 26679 26679 E UiAutomatorTestRunner: 	at android.view.accessibility.IAccessibilityManager$Stub$Proxy.unregisterUiTestAutomationService(IAccessibilityManager.java:367)
05-30 23:16:13.793 26679 26679 E UiAutomatorTestRunner: 	at android.app.UiAutomationConnection.unregisterUiTestAutomationServiceLocked(UiAutomationConnection.java:350)
05-30 23:16:13.793 26679 26679 E UiAutomatorTestRunner: 	at android.app.UiAutomationConnection.disconnect(UiAutomationConnection.java:103)
05-30 23:16:13.793 26679 26679 E UiAutomatorTestRunner: 	at android.app.UiAutomation.disconnect(UiAutomation.java:242)
05-30 23:16:13.793 26679 26679 E UiAutomatorTestRunner: 	at com.android.uiautomator.core.UiAutomationShellWrapper.disconnect(UiAutomationShellWrapper.java:66)
05-30 23:16:13.793 26679 26679 E UiAutomatorTestRunner: 	at com.android.uiautomator.testrunner.UiAutomatorTestRunner.start(UiAutomatorTestRunner.java:169)
05-30 23:16:13.793 26679 26679 E UiAutomatorTestRunner: 	at com.android.uiautomator.testrunner.UiAutomatorTestRunner.run(UiAutomatorTestRunner.java:96)
05-30 23:16:13.793 26679 26679 E UiAutomatorTestRunner: 	at com.android.commands.uiautomator.RunTestCommand.run(RunTestCommand.java:91)
05-30 23:16:13.793 26679 26679 E UiAutomatorTestRunner: 	at com.android.commands.uiautomator.Launcher.main(Launcher.java:83)
05-30 23:16:13.793 26679 26679 E UiAutomatorTestRunner: 	at com.android.internal.os.RuntimeInit.nativeFinishInit(Native Method)
05-30 23:16:13.793 26679 26679 E UiAutomatorTestRunner: 	at com.android.internal.os.RuntimeInit.main(RuntimeInit.java:332)
05-30 23:16:13.795 26679 26679 I art     : System.exit called, status: -1
05-30 23:16:13.795 26679 26679 I AndroidRuntime: VM exiting with result code -1.
05-30 23:16:14.434   775   775 I MSM-irqbalance: Decided to move IRQ222 from CPU7 to CPU4
05-30 23:16:14.594   658   768 D ThermalEngine: sensor_wait: case_therm Wait done.
05-30 23:16:14.596   658   768 D ThermalEngine: sensor_monitor: case_therm Reading 28000 .
05-30 23:16:14.596   658   768 I ThermalEngine: Sensor:case_therm:28000 mC
05-30 23:16:14.596   658   768 D ThermalEngine: update_active_thresh: case_therm Active(1), Hi(1) 40000, Lo(0) -2147483648, Interval(1) 1000
05-30 23:16:14.596   658   768 D ThermalEngine: sensor_monitor: case_therm Sensor wait.
05-30 23:16:14.596   658   768 D ThermalEngine: sensor_wait: case_therm Wait start. 1000ms
05-30 23:16:14.728 26709 26709 D AndroidRuntime: >>>>>> START com.android.internal.os.RuntimeInit uid 2000 <<<<<<
05-30 23:16:14.734 26709 26709 D AndroidRuntime: CheckJNI is OFF
05-30 23:16:14.795 26709 26709 D ICU     : No timezone override file found: /data/misc/zoneinfo/current/icu/icu_tzdata.dat
05-30 23:16:14.848 26709 26709 I Radio-JNI: register_android_hardware_Radio DONE
05-30 23:16:14.882 26709 26709 D AndroidRuntime: Calling main entry com.android.commands.am.Am
05-30 23:16:14.927 16473 16473 D MediaScannerReceiver: action: android.intent.action.MEDIA_SCANNER_SCAN_FILE path: /data/local/tmp/current.png
05-30 23:16:14.942  1342  2520 I ActivityManager: Start proc 26717:com.miui.securitycore.remote/1000 for broadcast com.miui.securitycore/com.miui.xspace.receiver.MediaScannerReceiver
05-30 23:16:14.966 26717 26717 D TidaProvider: TidaProvider()
05-30 23:16:15.027 26717 26717 W System  : ClassLoader referenced unknown path: /system/app/SecurityCoreAdd/lib/arm64
05-30 23:16:15.041 26717 26717 D miuisdk : current sdk level is 13
05-30 23:16:15.041 26717 26717 D         : InitMiuiSdkHookClasses
05-30 23:16:15.041 26717 26717 I         : create_mem miui-classproxy page:0x7fb0c2d000, size:4096
05-30 23:16:15.049 26717 26717 I         : Hook EnableMethodTracing
05-30 23:16:15.049 26717 26717 I         : create_mem miui-classproxy page:0x7fb0c2c000, size:4096
05-30 23:16:15.050 26717 26717 I         : Hook DisableMethodTracing
05-30 23:16:15.072 26717 26717 D MI_STAT : initialize com.miui.securitycore, 2882303761517469555, default, false
05-30 23:16:15.094 26717 26717 W ContextImpl: Calling a method in the system process without a qualified user: android.app.ContextImpl.startService:1231 android.content.ContextWrapper.startService:591 miui.core.SdkManager$1.run:224 android.os.Handler.handleCallback:742 android.os.Handler.dispatchMessage:95 
05-30 23:16:15.094 26709 26709 D AndroidRuntime: Shutting down VM
05-30 23:16:15.095  1342 17298 I ActivityManager: Killing 26271:com.miui.guardprovider/u0a48 (adj 15): empty #17
05-30 23:16:15.124 26717 26734 D SdcardUtils: nedd reopen: true
05-30 23:16:15.131  1342  2289 D ActivityManagerInjector: com.miui.guardprovider is killed by AMS with adj 15 ,do not allow restart
05-30 23:16:15.131  1342  2289 D ActivityManager: cleanUpApplicationRecord -- 26271
05-30 23:16:15.133  1931  2026 E WtProcessController: Error pid or pid not exist
05-30 23:16:15.596   658   768 D ThermalEngine: sensor_wait: case_therm Wait done.
05-30 23:16:15.598   658   768 D ThermalEngine: sensor_monitor: case_therm Reading 28000 .
05-30 23:16:15.598   658   768 I ThermalEngine: Sensor:case_therm:28000 mC
05-30 23:16:15.598   658   768 D ThermalEngine: update_active_thresh: case_therm Active(1), Hi(1) 40000, Lo(0) -2147483648, Interval(1) 1000
05-30 23:16:15.598   658   768 D ThermalEngine: sensor_monitor: case_therm Sensor wait.
05-30 23:16:15.598   658   768 D ThermalEngine: sensor_wait: case_therm Wait start. 1000ms
05-30 23:16:16.599   658   768 D ThermalEngine: sensor_wait: case_therm Wait done.
05-30 23:16:16.600   658   768 D ThermalEngine: sensor_monitor: case_therm Reading 28000 .
05-30 23:16:16.600   658   768 I ThermalEngine: Sensor:case_therm:28000 mC
05-30 23:16:16.600   658   768 D ThermalEngine: update_active_thresh: case_therm Active(1), Hi(1) 40000, Lo(0) -2147483648, Interval(1) 1000
05-30 23:16:16.600   658   768 D ThermalEngine: sensor_monitor: case_therm Sensor wait.
05-30 23:16:16.600   658   768 D ThermalEngine: sensor_wait: case_therm Wait start. 1000ms
05-30 23:16:17.131 26740 26740 I dex2oat : /system/bin/dex2oat --dex-file=/data/data/com.mm.lobster.mortgage/.jiagu/classes.dex --oat-file=/data/data/com.mm.lobster.mortgage/.jiagu/classes.oat
05-30 23:16:17.350 26738 26738 D AndroidRuntime: >>>>>> START com.android.internal.os.RuntimeInit uid 2000 <<<<<<
05-30 23:16:17.356 26738 26738 D AndroidRuntime: CheckJNI is OFF
05-30 23:16:17.396 26738 26738 D ICU     : No timezone override file found: /data/misc/zoneinfo/current/icu/icu_tzdata.dat
05-30 23:16:17.438 26738 26738 I Radio-JNI: register_android_hardware_Radio DONE
05-30 23:16:17.474 26738 26738 D AndroidRuntime: Calling main entry com.android.commands.am.Am
05-30 23:16:17.516  1342  8273 I ActivityManager: START u0 {flg=0x10000000 cmp=com.mm.lobster.mortgage/.MainActivity} from uid 2000 on display 0
05-30 23:16:17.518 26738 26738 D AndroidRuntime: Shutting down VM
05-30 23:16:17.600   658   768 D ThermalEngine: sensor_wait: case_therm Wait done.
05-30 23:16:17.602   658   768 D ThermalEngine: sensor_monitor: case_therm Reading 28000 .
05-30 23:16:17.602   658   768 I ThermalEngine: Sensor:case_therm:28000 mC
05-30 23:16:17.602   658   768 D ThermalEngine: update_active_thresh: case_therm Active(1), Hi(1) 40000, Lo(0) -2147483648, Interval(1) 1000
05-30 23:16:17.602   658   768 D ThermalEngine: sensor_monitor: case_therm Sensor wait.
05-30 23:16:17.602   658   768 D ThermalEngine: sensor_wait: case_therm Wait start. 1000ms
05-30 23:16:17.981 26431 26431 D Market-CheckUpdateService: [Update] retry 2
05-30 23:16:17.981 26431 26480 D Market-CheckUpdateService: [Update] app auto update start: packageAddedOutside
05-30 23:16:17.983 26431 26480 D Market-CheckUpdateService: [Update] isConnected: false
05-30 23:16:18.153 26740 26740 I dex2oat : dex2oat took 1.021s (threads: 8) arena alloc=415KB java alloc=633KB native alloc=5MB free=325KB
05-30 23:16:18.602   658   768 D ThermalEngine: sensor_wait: case_therm Wait done.
05-30 23:16:18.603   658   768 D ThermalEngine: sensor_monitor: case_therm Reading 28000 .
05-30 23:16:18.603   658   768 I ThermalEngine: Sensor:case_therm:28000 mC
05-30 23:16:18.603   658   768 D ThermalEngine: update_active_thresh: case_therm Active(1), Hi(1) 40000, Lo(0) -2147483648, Interval(1) 1000
05-30 23:16:18.603   658   768 D ThermalEngine: sensor_monitor: case_therm Sensor wait.
05-30 23:16:18.603   658   768 D ThermalEngine: sensor_wait: case_therm Wait start. 1000ms
05-30 23:16:19.514   775   775 I MSM-irqbalance: Decided to move IRQ215 from CPU7 to CPU4
05-30 23:16:19.604   658   768 D ThermalEngine: sensor_wait: case_therm Wait done.
05-30 23:16:19.605   658   768 D ThermalEngine: sensor_monitor: case_therm Reading 29000 .
05-30 23:16:19.605   658   768 I ThermalEngine: Sensor:case_therm:29000 mC
05-30 23:16:19.605   658   768 D ThermalEngine: update_active_thresh: case_therm Active(1), Hi(1) 40000, Lo(0) -2147483648, Interval(1) 1000
05-30 23:16:19.605   658   768 D ThermalEngine: sensor_monitor: case_therm Sensor wait.
05-30 23:16:19.605   658   768 D ThermalEngine: sensor_wait: case_therm Wait start. 1000ms
05-30 23:16:20.605   658   768 D ThermalEngine: sensor_wait: case_therm Wait done.
05-30 23:16:20.606   658   768 D ThermalEngine: sensor_monitor: case_therm Reading 29000 .
05-30 23:16:20.607   658   768 I ThermalEngine: Sensor:case_therm:29000 mC
05-30 23:16:20.607   658   768 D ThermalEngine: update_active_thresh: case_therm Active(1), Hi(1) 40000, Lo(0) -2147483648, Interval(1) 1000
05-30 23:16:20.607   658   768 D ThermalEngine: sensor_monitor: case_therm Sensor wait.
05-30 23:16:20.607   658   768 D ThermalEngine: sensor_wait: case_therm Wait start. 1000ms
05-30 23:16:21.607   658   768 D ThermalEngine: sensor_wait: case_therm Wait done.
05-30 23:16:21.608   658   768 D ThermalEngine: sensor_monitor: case_therm Reading 28000 .
05-30 23:16:21.608   658   768 I ThermalEngine: Sensor:case_therm:28000 mC
05-30 23:16:21.608   658   768 D ThermalEngine: update_active_thresh: case_therm Active(1), Hi(1) 40000, Lo(0) -2147483648, Interval(1) 1000
05-30 23:16:21.608   658   768 D ThermalEngine: sensor_monitor: case_therm Sensor wait.
05-30 23:16:21.608   658   768 D ThermalEngine: sensor_wait: case_therm Wait start. 1000ms
05-30 23:16:22.608   658   768 D ThermalEngine: sensor_wait: case_therm Wait done.
05-30 23:16:22.610   658   768 D ThermalEngine: sensor_monitor: case_therm Reading 28000 .
05-30 23:16:22.610   658   768 I ThermalEngine: Sensor:case_therm:28000 mC
05-30 23:16:22.610   658   768 D ThermalEngine: update_active_thresh: case_therm Active(1), Hi(1) 40000, Lo(0) -2147483648, Interval(1) 1000
05-30 23:16:22.610   658   768 D ThermalEngine: sensor_monitor: case_therm Sensor wait.
05-30 23:16:22.610   658   768 D ThermalEngine: sensor_wait: case_therm Wait start. 1000ms
05-30 23:16:23.610   658   768 D ThermalEngine: sensor_wait: case_therm Wait done.
05-30 23:16:23.612   658   768 D ThermalEngine: sensor_monitor: case_therm Reading 28000 .
05-30 23:16:23.612   658   768 I ThermalEngine: Sensor:case_therm:28000 mC
05-30 23:16:23.612   658   768 D ThermalEngine: update_active_thresh: case_therm Active(1), Hi(1) 40000, Lo(0) -2147483648, Interval(1) 1000
05-30 23:16:23.612   658   768 D ThermalEngine: sensor_monitor: case_therm Sensor wait.
05-30 23:16:23.612   658   768 D ThermalEngine: sensor_wait: case_therm Wait start. 1000ms
05-30 23:16:24.613   658   768 D ThermalEngine: sensor_wait: case_therm Wait done.
05-30 23:16:24.614   658   768 D ThermalEngine: sensor_monitor: case_therm Reading 28000 .
05-30 23:16:24.614   658   768 I ThermalEngine: Sensor:case_therm:28000 mC
05-30 23:16:24.614   658   768 D ThermalEngine: update_active_thresh: case_therm Active(1), Hi(1) 40000, Lo(0) -2147483648, Interval(1) 1000
05-30 23:16:24.614   658   768 D ThermalEngine: sensor_monitor: case_therm Sensor wait.
05-30 23:16:24.614   658   768 D ThermalEngine: sensor_wait: case_therm Wait start. 1000ms
05-30 23:16:24.645   775   775 I MSM-irqbalance: Decided to move IRQ170 from CPU7 to CPU4
05-30 23:16:25.615   658   768 D ThermalEngine: sensor_wait: case_therm Wait done.
05-30 23:16:25.617   658   768 D ThermalEngine: sensor_monitor: case_therm Reading 28000 .
05-30 23:16:25.617   658   768 I ThermalEngine: Sensor:case_therm:28000 mC
05-30 23:16:25.617   658   768 D ThermalEngine: update_active_thresh: case_therm Active(1), Hi(1) 40000, Lo(0) -2147483648, Interval(1) 1000
05-30 23:16:25.617   658   768 D ThermalEngine: sensor_monitor: case_therm Sensor wait.
05-30 23:16:25.617   658   768 D ThermalEngine: sensor_wait: case_therm Wait start. 1000ms
05-30 23:16:26.618   658   768 D ThermalEngine: sensor_wait: case_therm Wait done.
05-30 23:16:26.619   658   768 D ThermalEngine: sensor_monitor: case_therm Reading 28000 .
05-30 23:16:26.619   658   768 I ThermalEngine: Sensor:case_therm:28000 mC
05-30 23:16:26.619   658   768 D ThermalEngine: update_active_thresh: case_therm Active(1), Hi(1) 40000, Lo(0) -2147483648, Interval(1) 1000
05-30 23:16:26.619   658   768 D ThermalEngine: sensor_monitor: case_therm Sensor wait.
05-30 23:16:26.619   658   768 D ThermalEngine: sensor_wait: case_therm Wait start. 1000ms
05-30 23:16:27.620   658   768 D ThermalEngine: sensor_wait: case_therm Wait done.
05-30 23:16:27.621   658   768 D ThermalEngine: sensor_monitor: case_therm Reading 28000 .
05-30 23:16:27.621   658   768 I ThermalEngine: Sensor:case_therm:28000 mC
05-30 23:16:27.621   658   768 D ThermalEngine: update_active_thresh: case_therm Active(1), Hi(1) 40000, Lo(0) -2147483648, Interval(1) 1000
05-30 23:16:27.621   658   768 D ThermalEngine: sensor_monitor: case_therm Sensor wait.
05-30 23:16:27.621   658   768 D ThermalEngine: sensor_wait: case_therm Wait start. 1000ms
05-30 23:16:28.023 26431 26431 D Market-CheckUpdateService: [Update] retry 3
05-30 23:16:28.023 26431 26480 D Market-CheckUpdateService: [Update] app auto update start: packageAddedOutside
05-30 23:16:28.025 26431 26480 D Market-CheckUpdateService: [Update] isConnected: false
05-30 23:16:28.029  1342  2583 I ActivityManager: Killing 26244:com.miui.securitycenter/1000 (adj 15): empty #17
05-30 23:16:28.080  1342 17298 D ActivityManagerInjector: com.miui.securitycenter is killed by AMS with adj 15 ,do not allow restart
05-30 23:16:28.080  1342 17298 D ActivityManager: cleanUpApplicationRecord -- 26244
05-30 23:16:28.084  1931  2026 E WtProcessController: Error pid or pid not exist
05-30 23:16:28.622   658   768 D ThermalEngine: sensor_wait: case_therm Wait done.
05-30 23:16:28.624   658   768 D ThermalEngine: sensor_monitor: case_therm Reading 28000 .
05-30 23:16:28.624   658   768 I ThermalEngine: Sensor:case_therm:28000 mC
05-30 23:16:28.624   658   768 D ThermalEngine: update_active_thresh: case_therm Active(1), Hi(1) 40000, Lo(0) -2147483648, Interval(1) 1000
05-30 23:16:28.624   658   768 D ThermalEngine: sensor_monitor: case_therm Sensor wait.
05-30 23:16:28.624   658   768 D ThermalEngine: sensor_wait: case_therm Wait start. 1000ms
05-30 23:16:29.625   658   768 D ThermalEngine: sensor_wait: case_therm Wait done.
05-30 23:16:29.626   658   768 D ThermalEngine: sensor_monitor: case_therm Reading 28000 .
05-30 23:16:29.626   658   768 I ThermalEngine: Sensor:case_therm:28000 mC
05-30 23:16:29.626   658   768 D ThermalEngine: update_active_thresh: case_therm Active(1), Hi(1) 40000, Lo(0) -2147483648, Interval(1) 1000
05-30 23:16:29.626   658   768 D ThermalEngine: sensor_monitor: case_therm Sensor wait.
05-30 23:16:29.626   658   768 D ThermalEngine: sensor_wait: case_therm Wait start. 1000ms
05-30 23:16:30.627   658   768 D ThermalEngine: sensor_wait: case_therm Wait done.
05-30 23:16:30.629   658   768 D ThermalEngine: sensor_monitor: case_therm Reading 28000 .
05-30 23:16:30.629   658   768 I ThermalEngine: Sensor:case_therm:28000 mC
05-30 23:16:30.629   658   768 D ThermalEngine: update_active_thresh: case_therm Active(1), Hi(1) 40000, Lo(0) -2147483648, Interval(1) 1000
05-30 23:16:30.629   658   768 D ThermalEngine: sensor_monitor: case_therm Sensor wait.
05-30 23:16:30.629   658   768 D ThermalEngine: sensor_wait: case_therm Wait start. 1000ms
05-30 23:16:31.630   658   768 D ThermalEngine: sensor_wait: case_therm Wait done.
05-30 23:16:31.631   658   768 D ThermalEngine: sensor_monitor: case_therm Reading 28000 .
05-30 23:16:31.631   658   768 I ThermalEngine: Sensor:case_therm:28000 mC
05-30 23:16:31.631   658   768 D ThermalEngine: update_active_thresh: case_therm Active(1), Hi(1) 40000, Lo(0) -2147483648, Interval(1) 1000
05-30 23:16:31.631   658   768 D ThermalEngine: sensor_monitor: case_therm Sensor wait.
05-30 23:16:31.631   658   768 D ThermalEngine: sensor_wait: case_therm Wait start. 1000ms
05-30 23:16:32.632   658   768 D ThermalEngine: sensor_wait: case_therm Wait done.
05-30 23:16:32.634   658   768 D ThermalEngine: sensor_monitor: case_therm Reading 28000 .
05-30 23:16:32.634   658   768 I ThermalEngine: Sensor:case_therm:28000 mC
05-30 23:16:32.634   658   768 D ThermalEngine: update_active_thresh: case_therm Active(1), Hi(1) 40000, Lo(0) -2147483648, Interval(1) 1000
05-30 23:16:32.634   658   768 D ThermalEngine: sensor_monitor: case_therm Sensor wait.
05-30 23:16:32.634   658   768 D ThermalEngine: sensor_wait: case_therm Wait start. 1000ms
05-30 23:16:33.406 26761 26761 D AndroidRuntime: >>>>>> START com.android.internal.os.RuntimeInit uid 2000 <<<<<<
05-30 23:16:33.411 26761 26761 D AndroidRuntime: CheckJNI is OFF
05-30 23:16:33.448 26761 26761 D ICU     : No timezone override file found: /data/misc/zoneinfo/current/icu/icu_tzdata.dat
05-30 23:16:33.498 26761 26761 I Radio-JNI: register_android_hardware_Radio DONE
05-30 23:16:33.533 26761 26761 D AndroidRuntime: Calling main entry com.android.commands.monkey.Monkey
05-30 23:16:33.578  1342  1411 W BroadcastQueue: Skipping deliver [background] BroadcastRecord{a372b68 u-1 android.net.conn.CONNECTIVITY_CHANGE} to ReceiverList{3275b81 26761 (unknown name)/2000/u-1 remote:118ec5a}: process crashing
05-30 23:16:33.609 26761 26761 I Timeline: Timeline: Activity_launch_request time:132033120
05-30 23:16:33.614  1342 14927 I ActivityManager: START u0 {act=android.intent.action.MAIN cat=[android.intent.category.LAUNCHER] flg=0x10200000 cmp=com.mm.lobster.mortgage/.MainActivity} from uid 2000 on display 0
05-30 23:16:33.622  3723  3728 E ANDR-PERF-MPCTL: Invalid profile no. 0, total profiles 0 only
05-30 23:16:33.622  1342 14927 D ActivityTrigger: ActivityTrigger activityPauseTrigger 
05-30 23:16:33.634   658   768 D ThermalEngine: sensor_wait: case_therm Wait done.
05-30 23:16:33.635   658   768 D ThermalEngine: sensor_monitor: case_therm Reading 28000 .
05-30 23:16:33.635   658   768 I ThermalEngine: Sensor:case_therm:28000 mC
05-30 23:16:33.635   658   768 D ThermalEngine: update_active_thresh: case_therm Active(1), Hi(1) 40000, Lo(0) -2147483648, Interval(1) 1000
05-30 23:16:33.635   658   768 D ThermalEngine: sensor_monitor: case_therm Sensor wait.
05-30 23:16:33.635   658   768 D ThermalEngine: sensor_wait: case_therm Wait start. 1000ms
05-30 23:16:33.637  1931  2026 I WtProcessController: MOVE TO FOREGROUND: com.mm.lobster.mortgage 10480
05-30 23:16:33.637  1931  2026 I WtProcessController: FOREGROUND INFO: name=com.mm.lobster.mortgage uid=10480 pid=26584 TaskId:3443
05-30 23:16:33.637  1342  1924 I Timeline: Timeline: App_transition_ready time:132033148
05-30 23:16:33.649 26584 26584 D EgretLoader: EgretLoader(Context context)
05-30 23:16:33.649 26584 26584 D EgretLoader: The context is not activity
05-30 23:16:33.846 26584 26584 W ContentCatcher: Failed to notify a WebView
05-30 23:16:33.862  1342 14927 I Timeline: Timeline: App_transition_ready time:132033372
05-30 23:16:33.863  1342 14927 I Timeline: Timeline: App_transition_ready time:132033374
05-30 23:16:33.875 26584 26584 W cr_BindingManager: Cannot call determinedVisibility() - never saw a connection for the pid: 26584
05-30 23:16:34.204  1342  1682 V AlarmManager: waited for alarm...
05-30 23:16:34.229  1342  1411 I ActivityManager: Start proc 26772:com.miui.hybrid/u0a57 for broadcast com.miui.hybrid/.statistics.StatsReceiver
05-30 23:16:34.235 20044 20044 I PowerKeeperBackgroundService: onStartCommand()
05-30 23:16:34.235 20044 20044 I PowerKeeperService: onAlarm
05-30 23:16:34.246  1342  2621 D BaseMiuiPhoneWindowManager: keyCode:21 down:true eventTime:132033756 downTime:132033756 policyFlags:2b000000 deviceId:-1 isScreenOn:true keyguardActive:false repeatCount:0
05-30 23:16:34.263  1342  1442 I Timeline: Timeline: App_transition_ready time:132033773
05-30 23:16:34.263  1342  1442 I Timeline: Timeline: App_transition_stopped time:132033773
05-30 23:16:34.267  1342  2589 D BaseMiuiPhoneWindowManager: keyCode:21 down:false eventTime:132033777 downTime:132033777 policyFlags:2b000000 deviceId:-1 isScreenOn:true keyguardActive:false repeatCount:0
05-30 23:16:34.268 26772 26772 D TidaProvider: TidaProvider()
05-30 23:16:34.270  1342  1442 I ActivityManager: Displayed com.mm.lobster.mortgage/.MainActivity: +635ms
05-30 23:16:34.271  1342  1442 I Timeline: Timeline: Activity_windows_visible id: ActivityRecord{c697426 u0 com.mm.lobster.mortgage/.MainActivity t3446} time:132033781
05-30 23:16:34.272  1803  1803 V PhoneStatusBarPolicy: updateManagedProfile mManagedProfileFocused: false mManagedProfileInQuietMode: false mKeyguardVisible: true mCurrentUserId:0 mCurrentProfileId:0 mSecondSpaceStatusIconVisible: true showIcon:false
05-30 23:16:34.277  1931  2026 I WtEventController: AM_Launch: 30009 TAG: 840704
05-30 23:16:34.277  1931  2026 I WtEventController: AM_Launch: 30009 TAG: 239299583
05-30 23:16:34.277  1931  2026 I WtEventController: AM_Launch: 30009 TAG: 25174048
05-30 23:16:34.277  1931  2026 I WtEventController: AM_Launch: 30009 TAG: 8224
05-30 23:16:34.277  1931  2026 I WtEventController: AM_Launch: 30009 TAG: 4096
05-30 23:16:34.277  1931  2026 I WtEventController: AM_Launch: 30009 TAG: 10848
05-30 23:16:34.277  1931  2026 I WtEventController: AM_Launch: 30009 TAG: 1048576
05-30 23:16:34.277 20018 20018 D SogouIME: [onKeyDown] keycode = 21 model = Redmi 3S
05-30 23:16:34.299 20018 20018 D SogouIME: [onKeyUp] keycode = 21 model = Redmi 3S
05-30 23:16:34.347 26772 26772 I MultiDex: VM with version 2.1.0 has multidex support
05-30 23:16:34.347 26772 26772 I MultiDex: install
05-30 23:16:34.347 26772 26772 I MultiDex: VM has multidex support, MultiDex support library is disabled.
