--------- beginning of main
05-30 23:15:44.434   775   775 I MSM-irqbalance: Decided to move IRQ203 from CPU2 [P:0] to CPU4 [P:1] (banned)
05-30 23:15:44.539   658   768 D ThermalEngine: sensor_wait: case_therm Wait done.
05-30 23:15:44.541   658   768 D ThermalEngine: sensor_monitor: case_therm Reading 26000 .
05-30 23:15:44.541   658   768 I ThermalEngine: Sensor:case_therm:26000 mC
05-30 23:15:44.541   658   768 D ThermalEngine: update_active_thresh: case_therm Active(1), Hi(1) 40000, Lo(0) -2147483648, Interval(1) 1000
05-30 23:15:44.541   658   768 D ThermalEngine: sensor_monitor: case_therm Sensor wait.
05-30 23:15:44.541   658   768 D ThermalEngine: sensor_wait: case_therm Wait start. 1000ms
05-30 23:15:45.541   658   768 D ThermalEngine: sensor_wait: case_therm Wait done.
05-30 23:15:45.543   658   768 D ThermalEngine: sensor_monitor: case_therm Reading 26000 .
05-30 23:15:45.543   658   768 I ThermalEngine: Sensor:case_therm:26000 mC
05-30 23:15:45.543   658   768 D ThermalEngine: update_active_thresh: case_therm Active(1), Hi(1) 40000, Lo(0) -2147483648, Interval(1) 1000
05-30 23:15:45.543   658   768 D ThermalEngine: sensor_monitor: case_therm Sensor wait.
05-30 23:15:45.543   658   768 D ThermalEngine: sensor_wait: case_therm Wait start. 1000ms
05-30 23:15:46.543   658   768 D ThermalEngine: sensor_wait: case_therm Wait done.
05-30 23:15:46.544   658   768 D ThermalEngine: sensor_monitor: case_therm Reading 26000 .
05-30 23:15:46.544   658   768 I ThermalEngine: Sensor:case_therm:26000 mC
05-30 23:15:46.544   658   768 D ThermalEngine: update_active_thresh: case_therm Active(1), Hi(1) 40000, Lo(0) -2147483648, Interval(1) 1000
05-30 23:15:46.544   658   768 D ThermalEngine: sensor_monitor: case_therm Sensor wait.
05-30 23:15:46.544   658   768 D ThermalEngine: sensor_wait: case_therm Wait start. 1000ms
05-30 23:15:47.544   658   768 D ThermalEngine: sensor_wait: case_therm Wait done.
05-30 23:15:47.546   658   768 D ThermalEngine: sensor_monitor: case_therm Reading 26000 .
05-30 23:15:47.546   658   768 I ThermalEngine: Sensor:case_therm:26000 mC
05-30 23:15:47.546   658   768 D ThermalEngine: update_active_thresh: case_therm Active(1), Hi(1) 40000, Lo(0) -2147483648, Interval(1) 1000
05-30 23:15:47.546   658   768 D ThermalEngine: sensor_monitor: case_therm Sensor wait.
05-30 23:15:47.546   658   768 D ThermalEngine: sensor_wait: case_therm Wait start. 1000ms
05-30 23:15:48.546   658   768 D ThermalEngine: sensor_wait: case_therm Wait done.
05-30 23:15:48.547   658   768 D ThermalEngine: sensor_monitor: case_therm Reading 26000 .
05-30 23:15:48.547   658   768 I ThermalEngine: Sensor:case_therm:26000 mC
05-30 23:15:48.548   658   768 D ThermalEngine: update_active_thresh: case_therm Active(1), Hi(1) 40000, Lo(0) -2147483648, Interval(1) 1000
05-30 23:15:48.548   658   768 D ThermalEngine: sensor_monitor: case_therm Sensor wait.
05-30 23:15:48.548   658   768 D ThermalEngine: sensor_wait: case_therm Wait start. 1000ms
05-30 23:15:49.052 26167 26167 D AndroidRuntime: >>>>>> START com.android.internal.os.RuntimeInit uid 2000 <<<<<<
05-30 23:15:49.057 26167 26167 D AndroidRuntime: CheckJNI is OFF
05-30 23:15:49.094 26167 26167 D ICU     : No timezone override file found: /data/misc/zoneinfo/current/icu/icu_tzdata.dat
05-30 23:15:49.133 26167 26167 I Radio-JNI: register_android_hardware_Radio DONE
05-30 23:15:49.168 26167 26167 D AndroidRuntime: Calling main entry com.android.commands.input.Input
05-30 23:15:49.169 26167 26167 I Input   : injectKeyEvent: KeyEvent { action=ACTION_DOWN, keyCode=KEYCODE_BACK, scanCode=0, metaState=0, flags=0x0, repeatCount=0, eventTime=131988679, downTime=131988679, deviceId=-1, source=0x101 }
--------- beginning of system
05-30 23:15:49.200  1342  2507 D BaseMiuiPhoneWindowManager: keyCode:4 down:true eventTime:131988679 downTime:131988679 policyFlags:2b000000 deviceId:-1 isScreenOn:true keyguardActive:false repeatCount:0
05-30 23:15:49.201 20018 20018 D SogouIME: [onKeyDown] keycode = 4 model = Redmi 3S
05-30 23:15:49.202 26167 26167 I Input   : injectKeyEvent: KeyEvent { action=ACTION_UP, keyCode=KEYCODE_BACK, scanCode=0, metaState=0, flags=0x0, repeatCount=0, eventTime=131988679, downTime=131988679, deviceId=-1, source=0x101 }
05-30 23:15:49.203  1342  1799 D BaseMiuiPhoneWindowManager: keyCode:4 down:false eventTime:131988679 downTime:131988679 policyFlags:2b000000 deviceId:-1 isScreenOn:true keyguardActive:false repeatCount:0
05-30 23:15:49.204 20018 20018 D SogouIME: [onKeyUp] keycode = 4 model = Redmi 3S
05-30 23:15:49.206  1342  2287 D ActivityTrigger: ActivityTrigger activityPauseTrigger 
05-30 23:15:49.206  1342  2287 E ActivityManager: Invalid thumbnail dimensions: 0x0
05-30 23:15:49.208 26167 26167 D AndroidRuntime: Shutting down VM
05-30 23:15:49.209  1342 15369 I ActivityManager: START u0 {act=android.intent.action.MAIN cat=[android.intent.category.HOME] flg=0x10000000 cmp=android/com.android.internal.app.ResolverActivity} from uid 0 on display 0
05-30 23:15:49.211  3723  3728 E ANDR-PERF-MPCTL: Invalid profile no. 0, total profiles 0 only
05-30 23:15:49.217  1931  2026 I WtProcessController: mCurTask:3440
05-30 23:15:49.223  1342  1411 D ActivityManager: Set Ui thread(TID 19269) to sched NORMAL
05-30 23:15:49.224  1342  1411 I ActivityManager: Killing 24815:android.process.mediaUI/u0a9 (adj 15): empty #17
05-30 23:15:49.228  1342  1411 D ActivityManager: Set Ui thread(TID 19269) to sched FIFO
05-30 23:15:49.231  1931  2026 I WtProcessController: MOVE TO FOREGROUND: android 1000
05-30 23:15:49.231  1931  2026 I WtProcessController: FOREGROUND INFO: name=android uid=1000 pid=19269 TaskId:3440
05-30 23:15:49.231  1342  1411 I Timeline: Timeline: App_transition_ready time:131988742
05-30 23:15:49.233  1342  2645 W ActivityManager: Finishing task with all activities already finished
05-30 23:15:49.233  1342  2645 W ActivityManager: Duplicate finish request for ActivityRecord{7efa715 u0 android/com.android.internal.app.ResolverActivity t3439 f}
05-30 23:15:49.237  1342 26067 I Timeline: Timeline: App_transition_ready time:131988747
05-30 23:15:49.238  1342  2675 I Timeline: Timeline: App_transition_ready time:131988748
05-30 23:15:49.290  1342  1699 D WifiService: Client connection lost with reason: 4
05-30 23:15:49.290  1342  2291 D ActivityManagerInjector: android.process.mediaUI is killed by AMS with adj 16 ,do not allow restart
05-30 23:15:49.290  1342  2291 D ActivityManager: cleanUpApplicationRecord -- 24815
05-30 23:15:49.306  1342  1442 D WindowManager: Fetching specs wasn't finished in time.
05-30 23:15:49.307  1342  1442 I Timeline: Timeline: App_transition_ready time:131988817
05-30 23:15:49.383  1342  8273 I Timeline: Timeline: App_transition_ready time:131988893
05-30 23:15:49.384  1342  8273 I Timeline: Timeline: App_transition_ready time:131988895
05-30 23:15:49.399  1342  1442 I Timeline: Timeline: App_transition_ready time:131988909
05-30 23:15:49.399  1342  1442 I Timeline: Timeline: App_transition_stopped time:131988909
05-30 23:15:49.401  1342  1442 I ActivityManager: Displayed android/com.android.internal.app.ResolverActivity: +174ms
05-30 23:15:49.401  1931  2026 I WtEventController: AM_Launch: 30009 TAG: 840704
05-30 23:15:49.401  1931  2026 I WtEventController: AM_Launch: 30009 TAG: 239299583
05-30 23:15:49.401  1931  2026 I WtEventController: AM_Launch: 30009 TAG: 25174048
05-30 23:15:49.401  1931  2026 I WtEventController: AM_Launch: 30009 TAG: 8224
05-30 23:15:49.401  1931  2026 I WtEventController: AM_Launch: 30009 TAG: 4096
05-30 23:15:49.401  1931  2026 I WtEventController: AM_Launch: 30009 TAG: 10848
05-30 23:15:49.401  1931  2026 I WtEventController: AM_Launch: 30009 TAG: 1048576
05-30 23:15:49.401  1803  1803 V PhoneStatusBarPolicy: updateManagedProfile mManagedProfileFocused: false mManagedProfileInQuietMode: false mKeyguardVisible: true mCurrentUserId:0 mCurrentProfileId:0 mSecondSpaceStatusIconVisible: true showIcon:false
05-30 23:15:49.434   775   775 I MSM-irqbalance: Decided to move IRQ203 from CPU4 to CPU7
05-30 23:15:49.548   658   768 D ThermalEngine: sensor_wait: case_therm Wait done.
05-30 23:15:49.549   658   768 D ThermalEngine: sensor_monitor: case_therm Reading 26000 .
05-30 23:15:49.549   658   768 I ThermalEngine: Sensor:case_therm:26000 mC
05-30 23:15:49.549   658   768 D ThermalEngine: update_active_thresh: case_therm Active(1), Hi(1) 40000, Lo(0) -2147483648, Interval(1) 1000
05-30 23:15:49.549   658   768 D ThermalEngine: sensor_monitor: case_therm Sensor wait.
05-30 23:15:49.549   658   768 D ThermalEngine: sensor_wait: case_therm Wait start. 1000ms
05-30 23:15:49.617  1342  1442 I Timeline: Timeline: Activity_windows_visible id: ActivityRecord{b66252 u0 android/com.android.internal.app.ResolverActivity t3440} time:131989128
05-30 23:15:50.003 26185 26185 D AndroidRuntime: >>>>>> START com.android.internal.os.RuntimeInit uid 2000 <<<<<<
05-30 23:15:50.009 26185 26185 D AndroidRuntime: CheckJNI is OFF
05-30 23:15:50.046 26185 26185 D ICU     : No timezone override file found: /data/misc/zoneinfo/current/icu/icu_tzdata.dat
05-30 23:15:50.084 26185 26185 I Radio-JNI: register_android_hardware_Radio DONE
05-30 23:15:50.119 26185 26185 D AndroidRuntime: Calling main entry com.android.commands.input.Input
05-30 23:15:50.120 26185 26185 I Input   : injectKeyEvent: KeyEvent { action=ACTION_DOWN, keyCode=KEYCODE_BACK, scanCode=0, metaState=0, flags=0x0, repeatCount=0, eventTime=131989630, downTime=131989630, deviceId=-1, source=0x101 }
05-30 23:15:50.150  1342  2520 D BaseMiuiPhoneWindowManager: keyCode:4 down:true eventTime:131989630 downTime:131989630 policyFlags:2b000000 deviceId:-1 isScreenOn:true keyguardActive:false repeatCount:0
05-30 23:15:50.151 20018 20018 D SogouIME: [onKeyDown] keycode = 4 model = Redmi 3S
05-30 23:15:50.152 26185 26185 I Input   : injectKeyEvent: KeyEvent { action=ACTION_UP, keyCode=KEYCODE_BACK, scanCode=0, metaState=0, flags=0x0, repeatCount=0, eventTime=131989630, downTime=131989630, deviceId=-1, source=0x101 }
05-30 23:15:50.152  1342 14927 D BaseMiuiPhoneWindowManager: keyCode:4 down:false eventTime:131989630 downTime:131989630 policyFlags:2b000000 deviceId:-1 isScreenOn:true keyguardActive:false repeatCount:0
05-30 23:15:50.152 20018 20018 D SogouIME: [onKeyUp] keycode = 4 model = Redmi 3S
05-30 23:15:50.153  1342 17298 D ActivityTrigger: ActivityTrigger activityPauseTrigger 
05-30 23:15:50.153  1342 17298 E ActivityManager: Invalid thumbnail dimensions: 0x0
05-30 23:15:50.154 26185 26185 D AndroidRuntime: Shutting down VM
05-30 23:15:50.155  1342 14927 I ActivityManager: START u0 {act=android.intent.action.MAIN cat=[android.intent.category.HOME] flg=0x10000000 cmp=android/com.android.internal.app.ResolverActivity} from uid 0 on display 0
05-30 23:15:50.158  1931  2026 I WtProcessController: mCurTask:3441
05-30 23:15:50.162  1342  1411 D ActivityManager: Set Ui thread(TID 19269) to sched NORMAL
05-30 23:15:50.166  1342  1411 D ActivityManager: Set Ui thread(TID 19269) to sched FIFO
05-30 23:15:50.168  1931  2026 I WtProcessController: MOVE TO FOREGROUND: android 1000
05-30 23:15:50.168  1931  2026 I WtProcessController: FOREGROUND INFO: name=android uid=1000 pid=19269 TaskId:3441
05-30 23:15:50.169  1342  1411 I Timeline: Timeline: App_transition_ready time:131989679
05-30 23:15:50.169  1342  2583 W ActivityManager: Finishing task with all activities already finished
05-30 23:15:50.170  1342  2583 W ActivityManager: Duplicate finish request for ActivityRecord{b66252 u0 android/com.android.internal.app.ResolverActivity t3440 f}
05-30 23:15:50.173  1342  2645 I Timeline: Timeline: App_transition_ready time:131989683
05-30 23:15:50.174  1342  1378 I Timeline: Timeline: App_transition_ready time:131989684
05-30 23:15:50.253  1342  1442 D WindowManager: Fetching specs wasn't finished in time.
05-30 23:15:50.254  1342  1442 I Timeline: Timeline: App_transition_ready time:131989764
05-30 23:15:50.319  1342  2507 I Timeline: Timeline: App_transition_ready time:131989829
05-30 23:15:50.320  1342  2507 I Timeline: Timeline: App_transition_ready time:131989830
05-30 23:15:50.334  1342  1442 I Timeline: Timeline: App_transition_ready time:131989844
05-30 23:15:50.334  1342  1442 I Timeline: Timeline: App_transition_stopped time:131989845
05-30 23:15:50.336  1342  1442 I ActivityManager: Displayed android/com.android.internal.app.ResolverActivity: +171ms
05-30 23:15:50.336  1803  1803 V PhoneStatusBarPolicy: updateManagedProfile mManagedProfileFocused: false mManagedProfileInQuietMode: false mKeyguardVisible: true mCurrentUserId:0 mCurrentProfileId:0 mSecondSpaceStatusIconVisible: true showIcon:false
05-30 23:15:50.336  1931  2026 I WtEventController: AM_Launch: 30009 TAG: 840704
05-30 23:15:50.336  1931  2026 I WtEventController: AM_Launch: 30009 TAG: 239299583
05-30 23:15:50.336  1931  2026 I WtEventController: AM_Launch: 30009 TAG: 25174048
05-30 23:15:50.336  1931  2026 I WtEventController: AM_Launch: 30009 TAG: 8224
05-30 23:15:50.336  1931  2026 I WtEventController: AM_Launch: 30009 TAG: 4096
05-30 23:15:50.336  1931  2026 I WtEventController: AM_Launch: 30009 TAG: 10848
05-30 23:15:50.336  1931  2026 I WtEventController: AM_Launch: 30009 TAG: 1048576
05-30 23:15:50.549   658   768 D ThermalEngine: sensor_wait: case_therm Wait done.
05-30 23:15:50.551   658   768 D ThermalEngine: sensor_monitor: case_therm Reading 27000 .
05-30 23:15:50.551   658   768 I ThermalEngine: Sensor:case_therm:27000 mC
05-30 23:15:50.551   658   768 D ThermalEngine: update_active_thresh: case_therm Active(1), Hi(1) 40000, Lo(0) -2147483648, Interval(1) 1000
05-30 23:15:50.551   658   768 D ThermalEngine: sensor_monitor: case_therm Sensor wait.
05-30 23:15:50.551   658   768 D ThermalEngine: sensor_wait: case_therm Wait start. 1000ms
05-30 23:15:50.553  1342  1442 I Timeline: Timeline: Activity_windows_visible id: ActivityRecord{a74799b u0 android/com.android.internal.app.ResolverActivity t3441} time:131990064
05-30 23:15:51.006 26195 26195 D AndroidRuntime: >>>>>> START com.android.internal.os.RuntimeInit uid 2000 <<<<<<
05-30 23:15:51.011 26195 26195 D AndroidRuntime: CheckJNI is OFF
05-30 23:15:51.049 26195 26195 D ICU     : No timezone override file found: /data/misc/zoneinfo/current/icu/icu_tzdata.dat
05-30 23:15:51.087 26195 26195 I Radio-JNI: register_android_hardware_Radio DONE
05-30 23:15:51.122 26195 26195 D AndroidRuntime: Calling main entry com.android.commands.input.Input
05-30 23:15:51.123 26195 26195 I Input   : injectKeyEvent: KeyEvent { action=ACTION_DOWN, keyCode=KEYCODE_BACK, scanCode=0, metaState=0, flags=0x0, repeatCount=0, eventTime=131990633, downTime=131990633, deviceId=-1, source=0x101 }
05-30 23:15:51.153  1342  2645 D BaseMiuiPhoneWindowManager: keyCode:4 down:true eventTime:131990633 downTime:131990633 policyFlags:2b000000 deviceId:-1 isScreenOn:true keyguardActive:false repeatCount:0
05-30 23:15:51.154 20018 20018 D SogouIME: [onKeyDown] keycode = 4 model = Redmi 3S
05-30 23:15:51.154 26195 26195 I Input   : injectKeyEvent: KeyEvent { action=ACTION_UP, keyCode=KEYCODE_BACK, scanCode=0, metaState=0, flags=0x0, repeatCount=0, eventTime=131990633, downTime=131990633, deviceId=-1, source=0x101 }
05-30 23:15:51.154  1342  1378 D BaseMiuiPhoneWindowManager: keyCode:4 down:false eventTime:131990633 downTime:131990633 policyFlags:2b000000 deviceId:-1 isScreenOn:true keyguardActive:false repeatCount:0
05-30 23:15:51.155 20018 20018 D SogouIME: [onKeyUp] keycode = 4 model = Redmi 3S
05-30 23:15:51.156  1342  1866 D ActivityTrigger: ActivityTrigger activityPauseTrigger 
05-30 23:15:51.156  1342  1866 E ActivityManager: Invalid thumbnail dimensions: 0x0
05-30 23:15:51.157 26195 26195 D AndroidRuntime: Shutting down VM
05-30 23:15:51.158  1342  1378 I ActivityManager: START u0 {act=android.intent.action.MAIN cat=[android.intent.category.HOME] flg=0x10000000 cmp=android/com.android.internal.app.ResolverActivity} from uid 0 on display 0
05-30 23:15:51.160  1931  2026 I WtProcessController: mCurTask:3442
05-30 23:15:51.164  1342  1411 D ActivityManager: Set Ui thread(TID 19269) to sched NORMAL
05-30 23:15:51.169  1342  1411 D ActivityManager: Set Ui thread(TID 19269) to sched FIFO
05-30 23:15:51.170  1931  2026 I WtProcessController: MOVE TO FOREGROUND: android 1000
05-30 23:15:51.171  1931  2026 I WtProcessController: FOREGROUND INFO: name=android uid=1000 pid=19269 TaskId:3442
05-30 23:15:51.171  1342  1411 I Timeline: Timeline: App_transition_ready time:131990681
05-30 23:15:51.172  1342  2289 W ActivityManager: Finishing task with all activities already finished
05-30 23:15:51.172  1342  2289 W ActivityManager: Duplicate finish request for ActivityRecord{a74799b u0 android/com.android.internal.app.ResolverActivity t3441 f}
05-30 23:15:51.175  1342  2563 I Timeline: Timeline: App_transition_ready time:131990686
05-30 23:15:51.176  1342  2326 I Timeline: Timeline: App_transition_ready time:131990687
05-30 23:15:51.256  1342  1442 D WindowManager: Fetching specs wasn't finished in time.
05-30 23:15:51.256  1342  1442 I Timeline: Timeline: App_transition_ready time:131990767
05-30 23:15:51.321  1342 26067 I Timeline: Timeline: App_transition_ready time:131990831
05-30 23:15:51.322  1342 26067 I Timeline: Timeline: App_transition_ready time:131990832
05-30 23:15:51.336  1342  1442 I Timeline: Timeline: App_transition_ready time:131990847
05-30 23:15:51.336  1342  1442 I Timeline: Timeline: App_transition_stopped time:131990847
05-30 23:15:51.338  1342  1442 I ActivityManager: Displayed android/com.android.internal.app.ResolverActivity: +171ms
05-30 23:15:51.338  1803  1803 V PhoneStatusBarPolicy: updateManagedProfile mManagedProfileFocused: false mManagedProfileInQuietMode: false mKeyguardVisible: true mCurrentUserId:0 mCurrentProfileId:0 mSecondSpaceStatusIconVisible: true showIcon:false
05-30 23:15:51.339  1931  2026 I WtEventController: AM_Launch: 30009 TAG: 840704
05-30 23:15:51.339  1931  2026 I WtEventController: AM_Launch: 30009 TAG: 239299583
05-30 23:15:51.339  1931  2026 I WtEventController: AM_Launch: 30009 TAG: 25174048
05-30 23:15:51.339  1931  2026 I WtEventController: AM_Launch: 30009 TAG: 8224
05-30 23:15:51.339  1931  2026 I WtEventController: AM_Launch: 30009 TAG: 4096
05-30 23:15:51.339  1931  2026 I WtEventController: AM_Launch: 30009 TAG: 10848
05-30 23:15:51.339  1931  2026 I WtEventController: AM_Launch: 30009 TAG: 1048576
05-30 23:15:51.551   658   768 D ThermalEngine: sensor_wait: case_therm Wait done.
05-30 23:15:51.552   658   768 D ThermalEngine: sensor_monitor: case_therm Reading 27000 .
05-30 23:15:51.552   658   768 I ThermalEngine: Sensor:case_therm:27000 mC
05-30 23:15:51.552   658   768 D ThermalEngine: update_active_thresh: case_therm Active(1), Hi(1) 40000, Lo(0) -2147483648, Interval(1) 1000
05-30 23:15:51.552   658   768 D ThermalEngine: sensor_monitor: case_therm Sensor wait.
05-30 23:15:51.552   658   768 D ThermalEngine: sensor_wait: case_therm Wait start. 1000ms
05-30 23:15:51.556  1342  1442 I Timeline: Timeline: Activity_windows_visible id: ActivityRecord{c2ef50 u0 android/com.android.internal.app.ResolverActivity t3442} time:131991066
05-30 23:15:52.012 26205 26205 D AndroidRuntime: >>>>>> START com.android.internal.os.RuntimeInit uid 2000 <<<<<<
05-30 23:15:52.017 26205 26205 D AndroidRuntime: CheckJNI is OFF
05-30 23:15:52.054 26205 26205 D ICU     : No timezone override file found: /data/misc/zoneinfo/current/icu/icu_tzdata.dat
05-30 23:15:52.092 26205 26205 I Radio-JNI: register_android_hardware_Radio DONE
05-30 23:15:52.127 26205 26205 D AndroidRuntime: Calling main entry com.android.commands.input.Input
05-30 23:15:52.128 26205 26205 I Input   : injectKeyEvent: KeyEvent { action=ACTION_DOWN, keyCode=KEYCODE_BACK, scanCode=0, metaState=0, flags=0x0, repeatCount=0, eventTime=131991638, downTime=131991638, deviceId=-1, source=0x101 }
05-30 23:15:52.158  1342  2326 D BaseMiuiPhoneWindowManager: keyCode:4 down:true eventTime:131991638 downTime:131991638 policyFlags:2b000000 deviceId:-1 isScreenOn:true keyguardActive:false repeatCount:0
05-30 23:15:52.159 20018 20018 D SogouIME: [onKeyDown] keycode = 4 model = Redmi 3S
05-30 23:15:52.160 26205 26205 I Input   : injectKeyEvent: KeyEvent { action=ACTION_UP, keyCode=KEYCODE_BACK, scanCode=0, metaState=0, flags=0x0, repeatCount=0, eventTime=131991638, downTime=131991638, deviceId=-1, source=0x101 }
05-30 23:15:52.160  1342  1995 D BaseMiuiPhoneWindowManager: keyCode:4 down:false eventTime:131991638 downTime:131991638 policyFlags:2b000000 deviceId:-1 isScreenOn:true keyguardActive:false repeatCount:0
05-30 23:15:52.160 20018 20018 D SogouIME: [onKeyUp] keycode = 4 model = Redmi 3S
05-30 23:15:52.161  1342  2615 D ActivityTrigger: ActivityTrigger activityPauseTrigger 
05-30 23:15:52.161  1342  2615 E ActivityManager: Invalid thumbnail dimensions: 0x0
05-30 23:15:52.163 26205 26205 D AndroidRuntime: Shutting down VM
05-30 23:15:52.163  1342  2531 I ActivityManager: START u0 {act=android.intent.action.MAIN cat=[android.intent.category.HOME] flg=0x10000000 cmp=android/com.android.internal.app.ResolverActivity} from uid 0 on display 0
05-30 23:15:52.166  1931  2026 I WtProcessController: mCurTask:3443
05-30 23:15:52.170  1342  1411 D ActivityManager: Set Ui thread(TID 19269) to sched NORMAL
05-30 23:15:52.175  1342  1411 D ActivityManager: Set Ui thread(TID 19269) to sched FIFO
05-30 23:15:52.177  1931  2026 I WtProcessController: MOVE TO FOREGROUND: android 1000
05-30 23:15:52.177  1931  2026 I WtProcessController: FOREGROUND INFO: name=android uid=1000 pid=19269 TaskId:3443
05-30 23:15:52.177  1342  1411 I Timeline: Timeline: App_transition_ready time:131991687
05-30 23:15:52.178  1342  2290 W ActivityManager: Finishing task with all activities already finished
05-30 23:15:52.178  1342  2290 W ActivityManager: Duplicate finish request for ActivityRecord{c2ef50 u0 android/com.android.internal.app.ResolverActivity t3442 f}
05-30 23:15:52.181  1342  2583 I Timeline: Timeline: App_transition_ready time:131991691
05-30 23:15:52.182  1342  2621 I Timeline: Timeline: App_transition_ready time:131991693
05-30 23:15:52.260  1342  1442 D WindowManager: Fetching specs wasn't finished in time.
05-30 23:15:52.261  1342  1442 I Timeline: Timeline: App_transition_ready time:131991771
05-30 23:15:52.324  1342  1995 I Timeline: Timeline: App_transition_ready time:131991834
05-30 23:15:52.324  1342  1995 I Timeline: Timeline: App_transition_ready time:131991835
05-30 23:15:52.339  1342  1442 I Timeline: Timeline: App_transition_ready time:131991849
05-30 23:15:52.339  1342  1442 I Timeline: Timeline: App_transition_stopped time:131991849
05-30 23:15:52.341  1342  1442 I ActivityManager: Displayed android/com.android.internal.app.ResolverActivity: +168ms
05-30 23:15:52.341  1803  1803 V PhoneStatusBarPolicy: updateManagedProfile mManagedProfileFocused: false mManagedProfileInQuietMode: false mKeyguardVisible: true mCurrentUserId:0 mCurrentProfileId:0 mSecondSpaceStatusIconVisible: true showIcon:false
05-30 23:15:52.341  1931  2026 I WtEventController: AM_Launch: 30009 TAG: 840704
05-30 23:15:52.342  1931  2026 I WtEventController: AM_Launch: 30009 TAG: 239299583
05-30 23:15:52.342  1931  2026 I WtEventController: AM_Launch: 30009 TAG: 25174048
05-30 23:15:52.342  1931  2026 I WtEventController: AM_Launch: 30009 TAG: 8224
05-30 23:15:52.342  1931  2026 I WtEventController: AM_Launch: 30009 TAG: 4096
05-30 23:15:52.342  1931  2026 I WtEventController: AM_Launch: 30009 TAG: 10848
05-30 23:15:52.342  1931  2026 I WtEventController: AM_Launch: 30009 TAG: 1048576
05-30 23:15:52.552   658   768 D ThermalEngine: sensor_wait: case_therm Wait done.
05-30 23:15:52.554   658   768 D ThermalEngine: sensor_monitor: case_therm Reading 27000 .
05-30 23:15:52.554   658   768 I ThermalEngine: Sensor:case_therm:27000 mC
05-30 23:15:52.554   658   768 D ThermalEngine: update_active_thresh: case_therm Active(1), Hi(1) 40000, Lo(0) -2147483648, Interval(1) 1000
05-30 23:15:52.554   658   768 D ThermalEngine: sensor_monitor: case_therm Sensor wait.
05-30 23:15:52.554   658   768 D ThermalEngine: sensor_wait: case_therm Wait start. 1000ms
05-30 23:15:52.558  1342  1442 I Timeline: Timeline: Activity_windows_visible id: ActivityRecord{9668481 u0 android/com.android.internal.app.ResolverActivity t3443} time:131992068
05-30 23:15:53.009 26215 26215 D AndroidRuntime: >>>>>> START com.android.internal.os.RuntimeInit uid 2000 <<<<<<
05-30 23:15:53.014 26215 26215 D AndroidRuntime: CheckJNI is OFF
05-30 23:15:53.052 26215 26215 D ICU     : No timezone override file found: /data/misc/zoneinfo/current/icu/icu_tzdata.dat
05-30 23:15:53.090 26215 26215 I Radio-JNI: register_android_hardware_Radio DONE
05-30 23:15:53.125 26215 26215 D AndroidRuntime: Calling main entry com.android.commands.input.Input
05-30 23:15:53.126 26215 26215 I Input   : injectKeyEvent: KeyEvent { action=ACTION_DOWN, keyCode=KEYCODE_HOME, scanCode=0, metaState=0, flags=0x0, repeatCount=0, eventTime=131992636, downTime=131992636, deviceId=-1, source=0x101 }
05-30 23:15:53.156  1342  2583 D BaseMiuiPhoneWindowManager: keyCode:3 down:true eventTime:131992636 downTime:131992636 policyFlags:2b000000 deviceId:-1 isScreenOn:true keyguardActive:false repeatCount:0
05-30 23:15:53.157 26215 26215 I Input   : injectKeyEvent: KeyEvent { action=ACTION_UP, keyCode=KEYCODE_HOME, scanCode=0, metaState=0, flags=0x0, repeatCount=0, eventTime=131992636, downTime=131992636, deviceId=-1, source=0x101 }
05-30 23:15:53.157  1342  2621 D BaseMiuiPhoneWindowManager: keyCode:3 down:false eventTime:131992636 downTime:131992636 policyFlags:2b000000 deviceId:-1 isScreenOn:true keyguardActive:false repeatCount:0
05-30 23:15:53.161  1342  1683 I ActivityManager: START u0 {act=android.intent.action.MAIN cat=[android.intent.category.HOME] flg=0x10200000 cmp=android/com.android.internal.app.ResolverActivity (has extras)} from uid 1000 on display 0
05-30 23:15:53.163 26215 26215 D AndroidRuntime: Shutting down VM
05-30 23:15:53.554   658   768 D ThermalEngine: sensor_wait: case_therm Wait done.
05-30 23:15:53.555   658   768 D ThermalEngine: sensor_monitor: case_therm Reading 27000 .
05-30 23:15:53.555   658   768 I ThermalEngine: Sensor:case_therm:27000 mC
05-30 23:15:53.555   658   768 D ThermalEngine: update_active_thresh: case_therm Active(1), Hi(1) 40000, Lo(0) -2147483648, Interval(1) 1000
05-30 23:15:53.555   658   768 D ThermalEngine: sensor_monitor: case_therm Sensor wait.
05-30 23:15:53.555   658   768 D ThermalEngine: sensor_wait: case_therm Wait start. 1000ms
05-30 23:15:54.344 26233 26233 D AndroidRuntime: >>>>>> START com.android.internal.os.RuntimeInit uid 2000 <<<<<<
05-30 23:15:54.349 26233 26233 D AndroidRuntime: CheckJNI is OFF
05-30 23:15:54.388 26233 26233 D ICU     : No timezone override file found: /data/misc/zoneinfo/current/icu/icu_tzdata.dat
05-30 23:15:54.428 26233 26233 I Radio-JNI: register_android_hardware_Radio DONE
05-30 23:15:54.434   775   775 I MSM-irqbalance: Decided to move IRQ155 from CPU5 to CPU6
05-30 23:15:54.464 26233 26233 D AndroidRuntime: Calling main entry com.android.commands.pm.Pm
05-30 23:15:54.500 26234 26234 D AndroidRuntime: >>>>>> START com.android.internal.os.RuntimeInit uid 2000 <<<<<<
05-30 23:15:54.505 26234 26234 D AndroidRuntime: CheckJNI is OFF
05-30 23:15:54.509  1342  1378 I ActivityManager: START u0 {act=android.intent.action.VIEW dat=file:///data/local/tmp/com.mm.lobster.mortgage_2.1.apk typ=application/vnd.android.package-archive flg=0x18000000 cmp=com.miui.securitycenter/com.miui.permcenter.install.AdbInstallActivity (has extras)} from uid 2000 on display 0
05-30 23:15:54.514  1931  2026 I WtProcessController: mCurTask:3444
05-30 23:15:54.514  1342  1378 D ActivityTrigger: ActivityTrigger activityPauseTrigger 
05-30 23:15:54.514  1342  1378 E ActivityManager: Invalid thumbnail dimensions: 0x0
05-30 23:15:54.538  1342  2289 V BoostFramework: BoostFramework() : mPerf = com.qualcomm.qti.Performance@cd75175
05-30 23:15:54.538  1342  2289 I ActivityManager: Start proc 26244:com.miui.securitycenter/1000 for activity com.miui.securitycenter/com.miui.permcenter.install.AdbInstallActivity
05-30 23:15:54.555   658   768 D ThermalEngine: sensor_wait: case_therm Wait done.
05-30 23:15:54.557   658   768 D ThermalEngine: sensor_monitor: case_therm Reading 27000 .
05-30 23:15:54.557   658   768 I ThermalEngine: Sensor:case_therm:27000 mC
05-30 23:15:54.557   658   768 D ThermalEngine: update_active_thresh: case_therm Active(1), Hi(1) 40000, Lo(0) -2147483648, Interval(1) 1000
05-30 23:15:54.557   658   768 D ThermalEngine: sensor_monitor: case_therm Sensor wait.
05-30 23:15:54.557   658   768 D ThermalEngine: sensor_wait: case_therm Wait start. 1000ms
05-30 23:15:54.561 26244 26244 D TidaProvider: TidaProvider()
05-30 23:15:54.584  1342  2589 D ActivityManager: Set Ui thread(TID 26244) to sched FIFO
05-30 23:15:54.586  1342  2589 D ActivityManager: Set Ui thread(TID 19269) to sched NORMAL
05-30 23:15:54.588  1931  2026 I WtProcessController: MOVE TO FOREGROUND: com.miui.securitycenter 1000
05-30 23:15:54.589  1931  2026 I StatusController: Last foreground:android uid:1000 Current foreground:com.miui.securitycenter uid:1000
05-30 23:15:54.589  1342  2589 I Timeline: Timeline: App_transition_ready time:131994100
05-30 23:15:54.589  1931  2026 I WtProcessController: FOREGROUND INFO: name=com.miui.securitycenter uid=1000 pid=26244 TaskId:3444
05-30 23:15:54.620 26234 26234 D ICU     : No timezone override file found: /data/local/tmp/misc/zoneinfo/current/icu/icu_tzdata.dat
05-30 23:15:54.625 26244 26244 W System  : ClassLoader referenced unknown path: /system/priv-app/SecurityCenter/lib/arm64
05-30 23:15:54.635 26244 26244 D miuisdk : current sdk level is 13
05-30 23:15:54.635 26244 26244 D         : InitMiuiSdkHookClasses
05-30 23:15:54.636 26244 26244 I         : create_mem miui-classproxy page:0x7fb0c2d000, size:4096
05-30 23:15:54.641 26244 26244 I         : Hook EnableMethodTracing
05-30 23:15:54.641 26244 26244 I         : create_mem miui-classproxy page:0x7fb0c22000, size:4096
05-30 23:15:54.641 26244 26244 I         : Hook DisableMethodTracing
05-30 23:15:54.665 26244 26244 I miuisdk : loading module: com.miui.rom
05-30 23:15:54.669 26234 26234 W System  : ClassLoader referenced unknown path: 
05-30 23:15:54.687 26244 26244 D miuisdk : process com.miui.rom successful
05-30 23:15:54.687 26244 26244 D miuisdk : process modules finished
05-30 23:15:54.695 26244 26244 D MI_STAT : initialize com.miui.securitycenter, 2882303761517405262, default_stable, false
05-30 23:15:54.710 26244 26244 I PackageUtil: getUidByPackageName
05-30 23:15:54.710 26244 26244 I PackageUtil: android.content.pm.PackageManager$NameNotFoundException: com.google.android.gsf
05-30 23:15:54.710 26244 26244 I PackageUtil: 	at android.app.ApplicationPackageManager.getApplicationInfo(ApplicationPackageManager.java:304)
05-30 23:15:54.710 26244 26244 I PackageUtil: 	at com.miui.networkassistant.utils.PackageUtil.getUidByPackageName(Unknown Source)
05-30 23:15:54.710 26244 26244 I PackageUtil: 	at com.miui.networkassistant.traffic.statistic.PreSetGroup.initGroupMap(Unknown Source)
05-30 23:15:54.710 26244 26244 I PackageUtil: 	at com.miui.networkassistant.traffic.statistic.PreSetGroup.initGroupMap(Unknown Source)
05-30 23:15:54.710 26244 26244 I PackageUtil: 	at com.miui.securitycenter.Application.en(Unknown Source)
05-30 23:15:54.710 26244 26244 I PackageUtil: 	at com.miui.securitycenter.Application.a(Unknown Source)
05-30 23:15:54.710 26244 26244 I PackageUtil: 	at com.miui.securitycenter.b.onCreate(Unknown Source)
05-30 23:15:54.710 26244 26244 I PackageUtil: 	at miui.external.a.onCreate(Unknown Source)
05-30 23:15:54.710 26244 26244 I PackageUtil: 	at android.app.Instrumentation.callApplicationOnCreate(Instrumentation.java:1014)
05-30 23:15:54.710 26244 26244 I PackageUtil: 	at android.app.ActivityThread.handleBindApplication(ActivityThread.java:4795)
05-30 23:15:54.710 26244 26244 I PackageUtil: 	at android.app.ActivityThread.access$1700(ActivityThread.java:154)
05-30 23:15:54.710 26244 26244 I PackageUtil: 	at android.app.ActivityThread$H.handleMessage(ActivityThread.java:1442)
05-30 23:15:54.710 26244 26244 I PackageUtil: 	at android.os.Handler.dispatchMessage(Handler.java:102)
05-30 23:15:54.710 26244 26244 I PackageUtil: 	at android.os.Looper.loop(Looper.java:157)
05-30 23:15:54.710 26244 26244 I PackageUtil: 	at android.app.ActivityThread.main(ActivityThread.java:5571)
05-30 23:15:54.710 26244 26244 I PackageUtil: 	at java.lang.reflect.Method.invoke(Native Method)
05-30 23:15:54.710 26244 26244 I PackageUtil: 	at com.android.internal.os.ZygoteInit$MethodAndArgsCaller.run(ZygoteInit.java:745)
05-30 23:15:54.710 26244 26244 I PackageUtil: 	at com.android.internal.os.ZygoteInit.main(ZygoteInit.java:635)
05-30 23:15:54.736 26234 26234 I Radio-JNI: register_android_hardware_Radio DONE
05-30 23:15:54.755  1342  2615 I ActivityManager: Start proc 26271:com.miui.guardprovider/u0a48 for content provider com.miui.guardprovider/.GuardProvider
05-30 23:15:54.762 26244 26268 I DpmTcmClient: RegisterTcmMonitor from: com.android.okhttp.TcmIdleTimerMonitor
05-30 23:15:54.783 26234 26234 D AndroidRuntime: Calling main entry com.android.commands.uiautomator.Launcher
05-30 23:15:54.785 26271 26271 D TidaProvider: TidaProvider()
05-30 23:15:54.823 26271 26271 W System  : ClassLoader referenced unknown path: /system/app/GuardProvider/lib/arm64
05-30 23:15:54.832 26271 26271 D MI_STAT : initialize com.miui.guardprovider, 2882303761517522561, default, false
05-30 23:15:54.865 26271 26283 W IconCustomizer: can't load transform_config.xml
05-30 23:15:54.867  1342  2645 W WindowManager: Attempted to remove non-existing token: android.os.Binder@ff5d5c7
05-30 23:15:54.873  1342  1342 D AccessibilityManager: the process is system, current packagename=android
05-30 23:15:54.873  1342  1342 D AccessibilityManager: current package=android, accessibility manager mIsFinalEnabled=true, mOptimizeEnabled=true, mIsUiAutomationEnabled=true, mIsInterestedPackage=true
05-30 23:15:54.873  1342  1342 D AccessibilityManager: the process is system, current packagename=android
05-30 23:15:54.873  1342  1342 D AccessibilityManager: current package=android, accessibility manager mIsFinalEnabled=true, mOptimizeEnabled=true, mIsUiAutomationEnabled=true, mIsInterestedPackage=true
05-30 23:15:54.873 19269 19269 D AccessibilityManager: current package=android, accessibility manager mIsFinalEnabled=true, mOptimizeEnabled=true, mIsUiAutomationEnabled=true, mIsInterestedPackage=false
05-30 23:15:54.873  1803  1803 D AccessibilityManager: current package=com.android.systemui, accessibility manager mIsFinalEnabled=true, mOptimizeEnabled=true, mIsUiAutomationEnabled=true, mIsInterestedPackage=false
05-30 23:15:54.873  1931  1931 D AccessibilityManager: current package=com.miui.whetstone, accessibility manager mIsFinalEnabled=true, mOptimizeEnabled=true, mIsUiAutomationEnabled=true, mIsInterestedPackage=false
05-30 23:15:54.874 19269 19269 D AccessibilityManager: current package=android, accessibility manager mIsFinalEnabled=true, mOptimizeEnabled=true, mIsUiAutomationEnabled=true, mIsInterestedPackage=false
05-30 23:15:54.874  1931  1931 D AccessibilityManager: current package=com.miui.whetstone, accessibility manager mIsFinalEnabled=true, mOptimizeEnabled=true, mIsUiAutomationEnabled=true, mIsInterestedPackage=false
05-30 23:15:54.874  1803  1803 D AccessibilityManager: current package=com.android.systemui, accessibility manager mIsFinalEnabled=true, mOptimizeEnabled=true, mIsUiAutomationEnabled=true, mIsInterestedPackage=false
05-30 23:15:54.874 20018 20018 D AccessibilityManager: current package=com.sohu.inputmethod.sogou.xiaomi, accessibility manager mIsFinalEnabled=true, mOptimizeEnabled=true, mIsUiAutomationEnabled=true, mIsInterestedPackage=false
05-30 23:15:54.875 20018 20018 D AccessibilityManager: current package=com.sohu.inputmethod.sogou.xiaomi, accessibility manager mIsFinalEnabled=true, mOptimizeEnabled=true, mIsUiAutomationEnabled=true, mIsInterestedPackage=false
05-30 23:15:54.884  1342  1380 I Timeline: Timeline: App_transition_ready time:131994394
05-30 23:15:54.888  1342  1380 D ActivityTrigger: ActivityTrigger activityPauseTrigger 
05-30 23:15:54.888  1342  1380 E ActivityManager: Invalid thumbnail dimensions: 0x0
05-30 23:15:54.889  1342 15367 W InputMethodManagerService: Window already focused, ignoring focus gain of: com.android.internal.view.IInputMethodClient$Stub$Proxy@1d53a2d attribute=null, token = android.os.BinderProxy@458cc80
05-30 23:15:54.890 26244 26244 W ContextImpl: Calling a method in the system process without a qualified user: android.app.ContextImpl.startService:1231 android.content.ContextWrapper.startService:591 miui.core.SdkManager$1.run:224 android.os.Handler.handleCallback:742 android.os.Handler.dispatchMessage:95 
05-30 23:15:54.895 26244 26244 I TmBinderCacher: onServiceConnected name=ComponentInfo{com.miui.securitycenter/com.miui.networkassistant.service.tm.TrafficManageService}
05-30 23:15:54.901  1342  2652 I ActivityManager: Killing 24854:com.xiaomi.providers.appindex/u0a36 (adj 15): empty #17
05-30 23:15:54.909  1342  2326 D ActivityManager: Set Ui thread(TID 19269) to sched FIFO
05-30 23:15:54.910  1342  2326 D ActivityManager: Set Ui thread(TID 26244) to sched NORMAL
05-30 23:15:54.913  1931  2026 I WtProcessController: MOVE TO FOREGROUND: android 1000
05-30 23:15:54.914  1342  2326 I Timeline: Timeline: App_transition_ready time:131994424
05-30 23:15:54.914  1931  2026 I StatusController: Last foreground:com.miui.securitycenter uid:1000 Current foreground:android uid:1000
05-30 23:15:54.914  1931  2026 I WtProcessController: FOREGROUND INFO: name=android uid=1000 pid=19269 TaskId:3444
05-30 23:15:54.931  1342 17298 D ActivityManagerInjector: com.xiaomi.providers.appindex is killed by AMS with adj 15 ,do not allow restart
05-30 23:15:54.931  1342  1995 I Timeline: Timeline: App_transition_ready time:131994441
05-30 23:15:54.931  1342 17298 D ActivityManager: cleanUpApplicationRecord -- 24854
05-30 23:15:54.932  1931  2026 E WtProcessController: Error pid or pid not exist
05-30 23:15:54.936  1342  2531 I ActivityManager: Killing 24870:com.xiaomi.gamecenter/u0a67 (adj 15): empty #17
05-30 23:15:54.941  1342  1378 D com.android.server.pm.PackageManagerServiceInjector: callingpackage is null
05-30 23:15:54.941  1342  2290 I Timeline: Timeline: App_transition_ready time:131994452
05-30 23:15:54.955  1342  1461 I ActivityManager: Start proc 26296:com.android.defcontainer/u0a7 for service com.android.defcontainer/.DefaultContainerService
05-30 23:15:54.970  1342 14927 D ActivityManagerInjector: com.xiaomi.gamecenter is killed by AMS with adj 16 ,do not allow restart
05-30 23:15:54.970  1342 14927 D ActivityManager: cleanUpApplicationRecord -- 24870
05-30 23:15:54.975 26296 26296 D TidaProvider: TidaProvider()
05-30 23:15:54.988  1342  1442 D WindowManager: Fetching specs wasn't finished in time.
05-30 23:15:54.989  1342  1442 I Timeline: Timeline: App_transition_ready time:131994499
05-30 23:15:54.989  1342  1442 I Timeline: Timeline: App_transition_stopped time:131994499
05-30 23:15:54.991  1803  1803 V PhoneStatusBarPolicy: updateManagedProfile mManagedProfileFocused: false mManagedProfileInQuietMode: false mKeyguardVisible: true mCurrentUserId:0 mCurrentProfileId:0 mSecondSpaceStatusIconVisible: true showIcon:false
05-30 23:15:55.018 26296 26306 D DefContainer: Copying /data/local/tmp/com.mm.lobster.mortgage_2.1.apk to base.apk
05-30 23:15:55.070  1342  1461 I PackageManager.DexOptimizer: Running dexopt (dex2oat) on: /data/app/vmdl35198056.tmp/base.apk pkg=com.mm.lobster.mortgage isa=arm compilerFilter=speed vmSafeMode=false debuggable=false oatDir = /data/app/vmdl35198056.tmp/oat bootComplete=true
05-30 23:15:55.107 26311 26311 I dex2oat : /system/bin/dex2oat -j3
05-30 23:15:55.176 26311 26311 I dex2oat : dex2oat took 69.880ms (threads: 3) arena alloc=225KB java alloc=65KB native alloc=775KB free=48KB
05-30 23:15:55.557   658   768 D ThermalEngine: sensor_wait: case_therm Wait done.
05-30 23:15:55.559   658   768 D ThermalEngine: sensor_monitor: case_therm Reading 27000 .
05-30 23:15:55.559   658   768 I ThermalEngine: Sensor:case_therm:27000 mC
05-30 23:15:55.559   658   768 D ThermalEngine: update_active_thresh: case_therm Active(1), Hi(1) 40000, Lo(0) -2147483648, Interval(1) 1000
05-30 23:15:55.559   658   768 D ThermalEngine: sensor_monitor: case_therm Sensor wait.
05-30 23:15:55.559   658   768 D ThermalEngine: sensor_wait: case_therm Wait start. 1000ms
05-30 23:15:55.777  1342  1461 V BackupManagerService: restoreAtInstall pkg=com.mm.lobster.mortgage token=2f0 restoreSet=0
05-30 23:15:55.777  1342  1461 V BackupManagerService: Finishing install immediately
05-30 23:15:55.840  1342  1461 W Settings: Setting install_non_market_apps has moved from android.provider.Settings.Global to android.provider.Settings.Secure, returning read-only value.
05-30 23:15:55.840  1342  1461 I art     : Starting a blocking GC Explicit
05-30 23:15:56.090  1342  1461 I art     : Explicit concurrent mark sweep GC freed 123126(6MB) AllocSpace objects, 28(2028KB) LOS objects, 13% free, 101MB/117MB, paused 2.172ms total 249.815ms
05-30 23:15:56.092 26233 26233 I art     : System.exit called, status: 0
05-30 23:15:56.092 26233 26233 I AndroidRuntime: VM exiting with result code 0.
05-30 23:15:56.095  1342  1711 V LocationPolicy: ACTION_PACKAGE_ADDED for uid=10480
05-30 23:15:56.101  3630  3630 D BluetoothMapAppObserver: onReceive
05-30 23:15:56.101  3630  3630 D BluetoothMapAppObserver: The installed package is: com.mm.lobster.mortgage
05-30 23:15:56.101  3630  3630 D BluetoothMapAppObserver: Found 0 application(s) with intent android.bluetooth.action.BLUETOOTH_MAP_PROVIDER
05-30 23:15:56.102 14682 14682 I TrafficManageService: mina mPackageReceiver 0
05-30 23:15:56.102 20044 20044 D PowerKeeper.GMS: receive: android.intent.action.PACKAGE_ADDED
05-30 23:15:56.102 19863 19863 I WakePathManager: PackageMonitor. onPackageAdded: packageName =com.mm.lobster.mortgage
05-30 23:15:56.103  3630  3630 D BluetoothMapAppObserver: Found 0 application(s) with intent android.bluetooth.action.BLUETOOTH_MAP_IM_PROVIDER
05-30 23:15:56.104 14682 14870 I MiuiVpnManageService: PackageMonitor. onPackageAdded: packageName =com.mm.lobster.mortgage
05-30 23:15:56.106 14682 14682 I FireWallService: mina mPackageReceiver onReceive
05-30 23:15:56.111 21362 21362 W launcher: [LauncherModel] {21362/1} handlePackageChanged android.intent.action.PACKAGE_ADDED package:com.mm.lobster.mortgage Intent { act=android.intent.action.PACKAGE_ADDED dat=package:com.mm.lobster.mortgage flg=0x4000010 (has extras) }
05-30 23:15:56.121  1342  1684 I InputReader: Reconfiguring input devices.  changes=0x00000010
05-30 23:15:56.125  1342 26318 I WakePathChecker: updateLauncherPackageNames =com.miui.home
05-30 23:15:56.125  1342 26318 I WakePathChecker: updateLauncherPackageNames =com.jeejen.family.miui
05-30 23:15:56.143 18665 18682 E AD-PLUGIN-PreinstallTrackUtils: com.mm.lobster.mortgage haven't cache info!
05-30 23:15:56.146  1342  2621 I ActivityManager: Start proc 26319:android.process.acore/u0a3 for broadcast com.android.providers.contacts/.PackageIntentReceiver
05-30 23:15:56.150 25511 26316 D Documents: Update found 7 roots in 10ms
05-30 23:15:56.151   642  1494 V CommandListener: miuiFirewall: argc = 5 miuifirewall ...
05-30 23:15:56.151   642  1494 I miuiFirewall: packageName : com.mm.lobster.mortgage, rule: 0, type: 1
05-30 23:15:56.152 14682 14682 I FireWallService: set wifi rule for com.mm.lobster.mortgage:0
05-30 23:15:56.177  2631  2631 D CarrierServiceBindHelper: Receive action: android.intent.action.PACKAGE_ADDED
05-30 23:15:56.178  2631  2631 D CarrierServiceBindHelper: mHandler: 3
05-30 23:15:56.178  2631  2631 D CarrierConfigLoader: mHandler: 9 phoneId: 0
05-30 23:15:56.192 26319 26319 D TidaProvider: TidaProvider()
05-30 23:15:56.287 20044 20067 I GlobalFeatureConfigureHelper: nonCoreAppsList: [com.android.fileexplorer, com.miui.yellowpage]
05-30 23:15:56.287 20044 20067 I GlobalFeatureConfigureHelper: levelUltimateSpecialAppsList: [com.tencent.mobileqq, com.tencent.qqlite, com.tencent.mobileqqi, com.tencent.minihd.qq, com.tencent.mm, com.xiaomi.channel, com.mi.suliao, com.duowan.mobile, com.duowan.gamevoice, com.wali.live, com.alibaba.mobileim, com.yy.yymeet, cn.com.fetion, im.yixin, im.chaoxin, cc.iloc, com.yx, com.cootek.smartdialer, com.cootek.walkietalkie, com.tencent.lightalk, com.whatsapp, com.bsb.hike, com.tencent.pb, com.facebook.orca, com.imo.android.imoim, com.imo.android.imoimbeta, com.viber.voip, org.telegram.messenger, com.tinder, com.sgiggle.production, com.alibaba.android.rimet, jp.naver.line.android, com.skype.raider, com.jb.gosms, com.bbm, kik.android, com.yy.yymeet.cmcc, com.yeecall.app, com.tencent.qqmusic, cn.kuwo.player, com.kugou.android, com.ting.mp3.android, com.netease.cloudmusic, fm.xiami.main, com.changba, com.duomi.android, com.sds.android.ttpod, com.ximalaya.ting.android, cn.kuwo.tingshu, com.yibasan.lizhifm, com.yinyuetai.ui, com.imusic.iting, com.itings.radio, wawayaya.kids_song, com.iflytek.womusicclient, cmccwm.mobilemusic, com.gwsoft.imusic.controller, fm.qingting.qtradio, bubei.tingshu, com.duoduo.child.story, com.kunpeng.babyting, com.bsbportal.music, tv.accedo.airtel.wynk, com.saavn.android, com.gaana, com.luojilab.player, com.skysoft.kkbox.android, com.airtel.ng.android.music, com.kingsoft.email, com.xiaomi.facephoto​, com.google.android.apps.maps, com.baidu.BaiduMap, com.baidu.BaiduMap.pad, com.autonavi.minimap, com.autonavi.minimap.custom, com.autonavi.cmccmap, com.tencent.map, com.sogou.map.android.maps, com.mapbar.android.gpsnavi, com.mapbar.android.mapbarmap, com.mapbar.android.trybuynavi, com.tigermap.rem, com.tigermap.hd, com.magnetic.openmaps]
05-30 23:15:56.287 20044 20067 I GlobalFeatureConfigureHelper: dozeWhiteListAppsList: [com.tencent.mobileqq, com.tencent.qqlite, com.tencent.mm, com.xiaomi.channel, com.whatsapp, com.android.cts.net.hostside]
05-30 23:15:56.301 26319 26319 W System  : ClassLoader referenced unknown path: /system/priv-app/ContactsProvider/lib/arm64
05-30 23:15:56.311 26319 26319 D miuisdk : current sdk level is 13
05-30 23:15:56.311 26319 26319 D         : InitMiuiSdkHookClasses
05-30 23:15:56.312  1342  1410 W VoiceInteractionManagerService: no available voice recognition services found for user 0
05-30 23:15:56.312 26319 26319 I         : create_mem miui-classproxy page:0x7fb0c28000, size:4096
05-30 23:15:56.312  1342  1442 W XSpaceManagerService: update XSpace App: packageName:com.mm.lobster.mortgage, user:UserHandle{0}, action:android.intent.action.PACKAGE_ADDED
05-30 23:15:56.313 26075 26075 E Launcher.Model: Launcher is not running,process later
05-30 23:15:56.317 26319 26319 I         : Hook EnableMethodTracing
05-30 23:15:56.318 26319 26319 I         : create_mem miui-classproxy page:0x7fb0c27000, size:4096
05-30 23:15:56.318 26319 26319 I         : Hook DisableMethodTracing
05-30 23:15:56.347 26319 26319 I ContactsProvider: ContactsProvider.onCreate()
05-30 23:15:56.370 26319 26319 D CrashHandler: init
05-30 23:15:56.389 26319 26319 V ExtraCallsProvider: registerAccountListener
05-30 23:15:56.393 26319 26319 D CallLogProvider: onCreate: shadow false
05-30 23:15:56.400 26319 26339 D CallLogProvider: syncEntriesFromShadow(): bail for no fbe
05-30 23:15:56.401 26319 26319 D MultiUsers: syncEntriesFromPrimaryUser(): owner user or managed profile
05-30 23:15:56.401 26319 26319 D CallLogProvider: registerAccountListener(): this = com.android.providers.contacts.CallLogProvider@d68728c, isShadow = false, isPrimary = true
05-30 23:15:56.402 26319 26339 D MultiUsers: hasUserRestriction(): false
05-30 23:15:56.402 26319 26339 D MultiUsers: syncEntriesFromPrimaryUser(): owner user or managed profile
05-30 23:15:56.402 26319 26339 D CallLogProvider: syncEntriesFromPrimaryUser(): bail for primary user
05-30 23:15:56.413 26319 26319 W System  : ClassLoader referenced unknown path: /system/app/UserDictionaryProvider/lib/arm64
05-30 23:15:56.434  1342 15369 I ActivityManager: Start proc 26340:android.process.mediaUI/u0a9 for broadcast com.android.providers.downloads.ui/.receiver.ApplicationInstallReceiver
05-30 23:15:56.436  1342 15369 I ActivityManager: Killing 25014:com.android.keychain/1000 (adj 15): empty #17
05-30 23:15:56.450 26319 26337 I T9      : onDatabaseOpen()
05-30 23:15:56.451 26319 26337 I T9      : initialize()
05-30 23:15:56.465 26319 26337 I T9      : load()
05-30 23:15:56.466 26340 26340 D TidaProvider: TidaProvider()
05-30 23:15:56.480 26319 26337 I ContactLocale: AddressBook Labels [zh_CN]: [, A, B, C, D, E, F, G, H, I, J, K, L, M, N, O, P, Q, R, S, T, U, V, W, X, Y, Z, #, ]
05-30 23:15:56.488   440   440 E SELinux : avc:  denied  { find } for service=miui.whetstone scontext=u:r:downloader:s0:c512,c768 tcontext=u:object_r:system_app_service:s0 tclass=service_manager
05-30 23:15:56.489   440   440 E SELinux : avc:  denied  { find } for service=miui.whetstone scontext=u:r:downloader:s0:c512,c768 tcontext=u:object_r:system_app_service:s0 tclass=service_manager
05-30 23:15:56.498   440   440 E SELinux : avc:  denied  { find } for service=miui.whetstone scontext=u:r:downloader:s0:c512,c768 tcontext=u:object_r:system_app_service:s0 tclass=service_manager
05-30 23:15:56.501  1342  2520 D ActivityManagerInjector: com.android.keychain is killed by AMS with adj 15 ,do not allow restart
05-30 23:15:56.501  1342  2520 D ActivityManager: cleanUpApplicationRecord -- 25014
05-30 23:15:56.523 26340 26340 W System  : ClassLoader referenced unknown path: /system/priv-app/DownloadProviderUi/lib/arm64
05-30 23:15:56.534 26340 26340 D miuisdk : current sdk level is 13
05-30 23:15:56.534 26340 26340 D         : InitMiuiSdkHookClasses
