05-30 23:17:09.700   658   768 D ThermalEngine: sensor_monitor: case_therm Reading 30000 .
05-30 23:17:09.700   658   768 I ThermalEngine: Sensor:case_therm:30000 mC
05-30 23:17:09.700   658   768 D ThermalEngine: update_active_thresh: case_therm Active(1), Hi(1) 40000, Lo(0) -2147483648, Interval(1) 1000
05-30 23:17:09.700   658   768 D ThermalEngine: sensor_monitor: case_therm Sensor wait.
05-30 23:17:09.700   658   768 D ThermalEngine: sensor_wait: case_therm Wait start. 1000ms
05-30 23:17:09.774   775   775 I MSM-irqbalance: Decided to move IRQ224 from CPU4 to CPU5
05-30 23:17:09.790 26987 26987 D AndroidRuntime: >>>>>> START com.android.internal.os.RuntimeInit uid 2000 <<<<<<
05-30 23:17:09.795 26987 26987 D AndroidRuntime: CheckJNI is OFF
05-30 23:17:09.833 26987 26987 D ICU     : No timezone override file found: /data/misc/zoneinfo/current/icu/icu_tzdata.dat
05-30 23:17:09.871 26987 26987 I Radio-JNI: register_android_hardware_Radio DONE
05-30 23:17:09.905 26987 26987 D AndroidRuntime: Calling main entry com.android.commands.pm.Pm
05-30 23:17:09.945  1342  1411 I ActivityManager: Force stopping com.mm.lobster.mortgage appid=10480 user=-1: uninstall pkg
05-30 23:17:09.945  1342  1411 I ActivityManager: Killing 26967:com.mm.lobster.mortgage/u0a480 (adj 9): stop com.mm.lobster.mortgage: uninstall pkg
05-30 23:17:09.946  1342  1411 D ActivityManager: cleanUpApplicationRecord -- 26967
05-30 23:17:10.297  1342  1461 I art     : Starting a blocking GC Explicit
05-30 23:17:10.459  1342  1411 I ActivityManager: Start proc 27012:com.miui.cloudservice:pushservice/u0a45 for service com.miui.cloudservice/com.xiaomi.push.service.XMPushService
05-30 23:17:10.478 27012 27012 D TidaProvider: TidaProvider()
05-30 23:17:10.534 27012 27012 W System  : ClassLoader referenced unknown path: /system/app/CloudService/lib/arm64
05-30 23:17:10.557  1342  1461 I art     : Explicit concurrent mark sweep GC freed 120660(9MB) AllocSpace objects, 60(1172KB) LOS objects, 13% free, 103MB/119MB, paused 2.611ms total 259.832ms
05-30 23:17:10.564  1342  1461 W PackageManager: Couldn't remove dex file for package:  at location /data/app/com.mm.lobster.mortgage-2/base.apk, retcode=-1
05-30 23:17:10.566 26987 26987 I art     : System.exit called, status: 0
05-30 23:17:10.566 26987 26987 I AndroidRuntime: VM exiting with result code 0.
05-30 23:17:10.575  1342  1461 I ActivityManager: Force stopping com.mm.lobster.mortgage appid=10480 user=0: pkg removed
05-30 23:17:10.587  1342  2675 I WhetstoneAppManager: remove  package info: [com.mm.lobster.mortgage,10480,-1,-1
05-30 23:17:10.591 19863 27028 I com.lbe.security.service.provider.WakePathDatabaseUtil: onPackageRemoved
05-30 23:17:10.591  3630  3630 D BluetoothMapAppObserver: onReceive
05-30 23:17:10.591  3630  3630 D BluetoothMapAppObserver: The removed package is: com.mm.lobster.mortgage
05-30 23:17:10.591 20044 20044 D PowerKeeper.GMS: receive: android.intent.action.PACKAGE_REMOVED
05-30 23:17:10.592 14682 14682 I TrafficManageService: mina mPackageReceiver 0
05-30 23:17:10.592 14682 14682 I FireWallService: mina mPackageReceiver onReceive
05-30 23:17:10.592 14682 14870 I MiuiVpnManageService: PackageMonitor. onPackageRemovedAllUsers: packageName =com.mm.lobster.mortgage
05-30 23:17:10.594  2362  3089 I BackPackageManager: remove app : key == com.mm.lobster.mortgage&&10480
05-30 23:17:10.597 26340 26340 D Event   : No subscribers registered for event class com.android.providers.downloads.ui.event.PackageStatusChangeEvent
05-30 23:17:10.597 26340 26340 D Event   : No subscribers registered for event class de.greenrobot.event.NoSubscriberEvent
05-30 23:17:10.598  1342  1711 V LocationPolicy: ACTION_UID_REMOVED for uid=10480
05-30 23:17:10.598  1342  1711 V LocationPolicy: writePolicyLocked()
05-30 23:17:10.598  1342  1691 D NtpTrustedTime: currentTimeMillis() cache hit
05-30 23:17:10.600 21362 21362 W launcher: [LauncherModel] {21362/1} handlePackageChanged android.intent.action.PACKAGE_REMOVED package:com.mm.lobster.mortgage Intent { act=android.intent.action.PACKAGE_REMOVED dat=package:com.mm.lobster.mortgage flg=0x4000010 (has extras) }
05-30 23:17:10.613  2631  2631 D CarrierServiceBindHelper: Receive action: android.intent.action.PACKAGE_REMOVED
05-30 23:17:10.619  1342  1691 I TetherStatsReporting: getTetherStats() called NetworkStats: elapsedRealtime=132070109
05-30 23:17:10.619  1342  1691 I TetherStatsReporting:   [0] iface=wlan0 uid=0 set=DEFAULT tag=0x0 rxBytes=3708005 rxPackets=12836 txBytes=4830630 txPackets=73895 operations=0
05-30 23:17:10.619  1342  1691 I TetherStatsReporting:   [1] iface=wlan0 uid=0 set=FOREGROUND tag=0x0 rxBytes=0 rxPackets=0 txBytes=0 txPackets=0 operations=0
05-30 23:17:10.619  1342  1691 I TetherStatsReporting:   [2] iface=wlan0 uid=1000 set=DEFAULT tag=0x0 rxBytes=646813 rxPackets=1144 txBytes=292451 txPackets=2251 operations=0
05-30 23:17:10.619  1342  1691 I TetherStatsReporting:   [3] iface=wlan0 uid=1000 set=FOREGROUND tag=0x0 rxBytes=0 rxPackets=0 txBytes=0 txPackets=0 operations=0
05-30 23:17:10.619  1342  1691 I TetherStatsReporting:   [4] iface=wlan0 uid=9802 set=DEFAULT tag=0x0 rxBytes=41349 rxPackets=47 txBytes=6742 txPackets=63 operations=0
05-30 23:17:10.619  1342  1691 I TetherStatsReporting:   [5] iface=wlan0 uid=9802 set=FOREGROUND tag=0x0 rxBytes=0 rxPackets=0 txBytes=0 txPackets=0 operations=0
05-30 23:17:10.619  1342  1691 I TetherStatsReporting:   [6] iface=wlan0 uid=9810 set=DEFAULT tag=0x0 rxBytes=102326 rxPackets=140 txBytes=22579 txPackets=184 operations=0
05-30 23:17:10.619  1342  1691 I TetherStatsReporting:   [7] iface=wlan0 uid=9810 set=FOREGROUND tag=0x0 rxBytes=0 rxPackets=0 txBytes=0 txPackets=0 operations=0
05-30 23:17:10.619  1342  1691 I TetherStatsReporting:   [8] iface=wlan0 uid=10001 set=DEFAULT tag=0x0 rxBytes=13244 rxPackets=21 txBytes=2330 txPackets=28 operations=0
05-30 23:17:10.619  1342  1691 I TetherStatsReporting:   [9] iface=wlan0 uid=10001 set=FOREGROUND tag=0x0 rxBytes=0 rxPackets=0 txBytes=0 txPackets=0 operations=0
05-30 23:17:10.619  1342  1691 I TetherStatsReporting:   [10] iface=wlan0 uid=10009 set=DEFAULT tag=0x0 rxBytes=6840 rxPackets=20 txBytes=24392 txPackets=38 operations=0
05-30 23:17:10.619  1342  1691 I TetherStatsReporting:   [11] iface=wlan0 uid=10009 set=FOREGROUND tag=0x0 rxBytes=0 rxPackets=0 txBytes=0 txPackets=0 operations=0
05-30 23:17:10.619  1342  1691 I TetherStatsReporting:   [12] iface=wlan0 uid=10021 set=DEFAULT tag=0x0 rxBytes=794548 rxPackets=716 txBytes=92652 txPackets=881 operations=0
05-30 23:17:10.619  1342  1691 I TetherStatsReporting:   [13] iface=wlan0 uid=10021 set=FOREGROUND tag=0x0 rxBytes=0 rxPackets=0 txBytes=0 txPackets=0 operations=0
05-30 23:17:10.619  1342  1691 I TetherStatsReporting:   [14] iface=wlan0 uid=10024 set=DEFAULT tag=0x0 rxBytes=109729 rxPackets=250 txBytes=60110 txPackets=345 operations=0
05-30 23:17:10.619  1342  1691 I TetherStatsReporting:   [15] iface=wlan0 uid=10024 set=FOREGROUND tag=0x0 rxBytes=0 rxPackets=0 txBytes=0 txPackets=0 operations=0
05-30 23:17:10.619  1342  1691 I TetherStatsReporting:   [16] iface=wlan0 uid=10029 set=DEFAULT tag=0x0 rxBytes=6457 rxPackets=15 txBytes=2419 txPackets=20 operations=0
05-30 23:17:10.619  1342  1691 I TetherStatsReporting:   [17] iface=wlan0 uid=10029 set=FOREGROUND tag=0x0 rxBytes=0 rxPackets=0 txBytes=0 txPackets=0 operations=0
05-30 23:17:10.619  1342  1691 I TetherStatsReporting:   [18] iface=wlan0 uid=10032 set=DEFAULT tag=0x0 rxBytes=8026 rxPackets=27 txBytes=5304 txPackets=35 operations=0
05-30 23:17:10.619  1342  1691 I TetherStatsReporting:   [19] iface=wlan0 uid=10032 set=FOREGROUND tag=0x0 rxBytes=0 rxPackets=0 txBytes=0 txPackets=0 operations=0
05-30 23:17:10.619  1342  1691 I TetherStatsReporting:   [20] iface=wlan0 uid=10037 set=DEFAULT tag=0x0 rxBytes=65028 rxPackets=513 txBytes=349320 txPackets=727 operations=0
05-30 23:17:10.619  1342  1691 I TetherStatsReporting:   [21] iface=wlan0 uid=10037 set=FOREGROUND tag=0x0 rxBytes=0 rxPackets=0 txBytes=40 txPackets=1 operations=0
05-30 23:17:10.619  1342  1691 I TetherStatsReporting:   [22] iface=wlan0 uid=10045 set=DEFAULT tag=0x0 rxBytes=1857863 rxPackets=1495 txBytes=153989 txPackets=1638 operations=0
05-30 23:17:10.619  1342  1691 I TetherStatsReporting:   [23] iface=wlan0 uid=10045 set=FOREGROUND tag=0x0 rxBytes=0 rxPackets=0 txBytes=0 txPackets=0 operations=0
05-30 23:17:10.619  1342  1691 I TetherStatsReporting:   [24] iface=wlan0 uid=10048 set=DEFAULT tag=0x0 rxBytes=5783 rxPackets=52 txBytes=17462 txPackets=92 operations=0
05-30 23:17:10.619  1342  1691 I TetherStatsReporting:   [25] iface=wlan0 uid=10048 set=FOREGROUND tag=0x0 rxBytes=0 rxPackets=0 txBytes=0 txPackets=0 operations=0
05-30 23:17:10.619  1342  1691 I TetherStatsReporting:   [26] iface=wlan0 uid=10056 set=DEFAULT tag=0x0 rxBytes=90542 rxPackets=380 txBytes=131741 txPackets=584 operations=0
05-30 23:17:10.619  1342  1691 I TetherStatsReporting:   [27] iface=wlan0 uid=10056 set=FOREGROUND tag=0x0 rxBytes=0 rxPackets=0 txBytes=0 txPackets=0 operations=0
05-30 23:17:10.619  1342  1691 I TetherStatsReporting:   [28] iface=wlan0 uid=10057 set=DEFAULT tag=0x0 rxBytes=71149 rxPackets=92 txBytes=20724 txPackets=128 operations=0
05-30 23:17:10.619  1342  1691 I TetherStatsReporting:   [29] iface=wlan0 uid=10057 set=FOREGROUND tag=0x0 rxBytes=0 rxPackets=0 txBytes=0 txPackets=0 operations=0
05-30 23:17:10.619  1342  1691 I TetherStatsReporting:   [30] iface=wlan0 uid=10058 set=DEFAULT tag=0x0 rxBytes=11700 rxPackets=21 txBytes=2290 txPackets=29 operations=0
05-30 23:17:10.619  1342  1691 I TetherStatsReporting:   [31] iface=wlan0 uid=10058 set=FOREGROUND tag=0x0 rxBytes=0 rxPackets=0 txBytes=0 txPackets=0 operations=0
05-30 23:17:10.619  1342  1691 I TetherStatsReporting:   [32] iface=wlan0 uid=10069 set=DEFAULT tag=0x0 rxBytes=3448575 rxPackets=7666 txBytes=3726836 txPackets=11627 operations=0
05-30 23:17:10.619  1342  1691 I TetherStatsReporting:   [33] iface=wlan0 uid=10069 set=FOREGROUND tag=0x0 rxBytes=0 rxPackets=0 txBytes=0 txPackets=0 operations=0
05-30 23:17:10.619  1342  1691 I TetherStatsReporting:   [34] iface=wlan0 uid=10084 set=DEFAULT tag=0x0 rxBytes=17240143 rxPackets=13412 txBytes=1283327 txPackets=13834 operations=0
05-30 23:17:10.619  1342  1691 I TetherStatsReporting:   [35] iface=wlan0 ui
05-30 23:17:10.619  1342  1691 I TetherStatsReporting: combining tether stats
05-30 23:17:10.626 19863 27028 I com.lbe.security.service.provider.WakePathDatabaseUtil: getWakePathWhiteList: whiteList.size=2
05-30 23:17:10.626  1342  2290 I WakePathChecker: MIUILOG-WAKEPATH pushWakePathWhiteList: userId=0 size=2
05-30 23:17:10.629  1342  1684 I InputReader: Reconfiguring input devices.  changes=0x00000010
05-30 23:17:10.630  2610  2768 D QtiTetherService/IpaWrapper: getStats(false)
05-30 23:17:10.631  1342  1691 D NtpTrustedTime: currentTimeMillis() cache hit
05-30 23:17:10.633 14682 14777 I TrafficManageService: mina mTrafficStatsReceiver onReceive
05-30 23:17:10.637 27012 27012 D miuisdk : current sdk level is 13
05-30 23:17:10.638 27012 27012 D         : InitMiuiSdkHookClasses
05-30 23:17:10.638 27012 27012 I         : create_mem miui-classproxy page:0x7fb0c2b000, size:4096
05-30 23:17:10.641 19863 27028 I com.lbe.security.service.provider.WakePathDatabaseUtil: getWakePathRuleList: wakeType=17 wakePathRuleInfos.size=0
05-30 23:17:10.641  1342  2583 I WakePathChecker: MIUILOG-WAKEPATH pushWakePathRuleInfos: wakeType=17 userId=0 size=0
05-30 23:17:10.648  1342  1692 D NtpTrustedTime: forceRefresh: no connectivity
05-30 23:17:10.648  1342  1692 D NtpTrustedTime: currentTimeMillis() cache hit
05-30 23:17:10.660  1342  1342 D JobSchedulerService: Receieved: android.intent.action.PACKAGE_REMOVED
05-30 23:17:10.665 26319 26337 W System.err: android.content.pm.PackageManager$NameNotFoundException: com.mm.lobster.mortgage
05-30 23:17:10.669 27012 27012 I         : Hook EnableMethodTracing
05-30 23:17:10.669 27012 27012 I         : create_mem miui-classproxy page:0x7fb0c2a000, size:4096
05-30 23:17:10.670 27012 27012 I         : Hook DisableMethodTracing
05-30 23:17:10.675  1342  1342 D AccessibilityManager: the process is system, current packagename=android
05-30 23:17:10.675  1342  1342 D AccessibilityManager: current package=android, accessibility manager mIsFinalEnabled=true, mOptimizeEnabled=true, mIsUiAutomationEnabled=false, mIsInterestedPackage=true
05-30 23:17:10.675 19269 19269 D AccessibilityManager: current package=android, accessibility manager mIsFinalEnabled=false, mOptimizeEnabled=true, mIsUiAutomationEnabled=false, mIsInterestedPackage=false
05-30 23:17:10.675  1803  1803 D AccessibilityManager: current package=com.android.systemui, accessibility manager mIsFinalEnabled=false, mOptimizeEnabled=true, mIsUiAutomationEnabled=false, mIsInterestedPackage=false
05-30 23:17:10.676 20018 20018 D AccessibilityManager: current package=com.sohu.inputmethod.sogou.xiaomi, accessibility manager mIsFinalEnabled=false, mOptimizeEnabled=true, mIsUiAutomationEnabled=false, mIsInterestedPackage=false
05-30 23:17:10.677  1931  1931 D AccessibilityManager: current package=com.miui.whetstone, accessibility manager mIsFinalEnabled=false, mOptimizeEnabled=true, mIsUiAutomationEnabled=false, mIsInterestedPackage=false
05-30 23:17:10.683 26319 26337 W System.err: 	at android.app.ApplicationPackageManager.getPackageInfo(ApplicationPackageManager.java:137)
05-30 23:17:10.683 26319 26337 W System.err: 	at com.android.providers.contacts.ContactDirectoryManager.onPackageChanged(ContactDirectoryManager.java:359)
05-30 23:17:10.683 26319 26337 W System.err: 	at com.android.providers.contacts.ContactsProvider2.performBackgroundTask(ContactsProvider2.java:1953)
05-30 23:17:10.683 26319 26337 W System.err: 	at com.android.providers.contacts.ContactsProvider2$1.handleMessage(ContactsProvider2.java:1721)
05-30 23:17:10.683 26319 26337 W System.err: 	at android.os.Handler.dispatchMessage(Handler.java:102)
05-30 23:17:10.683 26319 26337 W System.err: 	at android.os.Looper.loop(Looper.java:157)
05-30 23:17:10.683 26319 26337 W System.err: 	at android.os.HandlerThread.run(HandlerThread.java:61)
05-30 23:17:10.687 26319 27035 D VoicemailCleanupService: Cleaning up data for package: com.mm.lobster.mortgage
05-30 23:17:10.691  1342  1342 D AccessibilityManager: the process is system, current packagename=android
05-30 23:17:10.691  1342  1342 D AccessibilityManager: current package=android, accessibility manager mIsFinalEnabled=true, mOptimizeEnabled=true, mIsUiAutomationEnabled=false, mIsInterestedPackage=true
05-30 23:17:10.692 19269 19269 D AccessibilityManager: current package=android, accessibility manager mIsFinalEnabled=false, mOptimizeEnabled=true, mIsUiAutomationEnabled=false, mIsInterestedPackage=false
05-30 23:17:10.692  1803  1803 D AccessibilityManager: current package=com.android.systemui, accessibility manager mIsFinalEnabled=false, mOptimizeEnabled=true, mIsUiAutomationEnabled=false, mIsInterestedPackage=false
05-30 23:17:10.692 20018 20018 D AccessibilityManager: current package=com.sohu.inputmethod.sogou.xiaomi, accessibility manager mIsFinalEnabled=false, mOptimizeEnabled=true, mIsUiAutomationEnabled=false, mIsInterestedPackage=false
05-30 23:17:10.692  1931  1931 D AccessibilityManager: current package=com.miui.whetstone, accessibility manager mIsFinalEnabled=false, mOptimizeEnabled=true, mIsUiAutomationEnabled=false, mIsInterestedPackage=false
05-30 23:17:10.701   658   768 D ThermalEngine: sensor_wait: case_therm Wait done.
05-30 23:17:10.702   658   768 D ThermalEngine: sensor_monitor: case_therm Reading 30000 .
05-30 23:17:10.702   658   768 I ThermalEngine: Sensor:case_therm:30000 mC
05-30 23:17:10.702   658   768 D ThermalEngine: update_active_thresh: case_therm Active(1), Hi(1) 40000, Lo(0) -2147483648, Interval(1) 1000
05-30 23:17:10.702   658   768 D ThermalEngine: sensor_monitor: case_therm Sensor wait.
05-30 23:17:10.702   658   768 D ThermalEngine: sensor_wait: case_therm Wait start. 1000ms
05-30 23:17:10.711  1342  1442 W XSpaceManagerService: update XSpace App: packageName:com.mm.lobster.mortgage, user:UserHandle{0}, action:android.intent.action.PACKAGE_REMOVED
05-30 23:17:10.711  1342  1410 D QSEECOMAPI: QSEECom_get_handle sb_length = 0x1000
05-30 23:17:10.711  1342  1410 D QSEECOMAPI: App is not loaded in QSEE
05-30 23:17:10.711  1342  1410 D QSEECOMAPI: app_arch = 1, total_files = 8
05-30 23:17:10.724  1342  1410 D QSEECOMAPI: Loaded image: APP id = 504
05-30 23:17:10.725  1342  1410 D SecureAuth: Loading app -secauth succeeded
05-30 23:17:10.738   495   497 E rpmb_emmc: ----------------------------rpmb_emmc_read-----------------------------
05-30 23:17:10.740  1342  1410 D QSEECOMAPI: QSEECom_dealloc_memory 
05-30 23:17:10.740  1342  1410 D QSEECOMAPI: QSEECom_shutdown_app, app_id = 504
05-30 23:17:10.741  1342  1410 D SecureAuth: shutdown app: pass
05-30 23:17:10.751 27012 27012 I miuisdk : loading module: com.miui.system
05-30 23:17:10.761 27012 27012 D miuisdk : process com.miui.system successful
05-30 23:17:10.762 27012 27012 I miuisdk : loading module: com.xiaomi.micloud.sdk
05-30 23:17:10.764  1342 14927 I ActivityManager: Start proc 27038:com.android.keychain/1000 for broadcast com.android.keychain/.KeyChainBroadcastReceiver
05-30 23:17:10.776 27012 27012 D miuisdk : process com.xiaomi.micloud.sdk successful
05-30 23:17:10.776 27012 27012 D miuisdk : process modules finished
05-30 23:17:10.784 27038 27038 D TidaProvider: TidaProvider()
05-30 23:17:10.799 27012 27012 D CloudHelper: prepareExcludedAuthorities
05-30 23:17:10.800 27012 27012 I CloudConfigLoader: checkLocalConfig
05-30 23:17:10.802 27012 27012 I CloudConfigLoader: deserialize config.
05-30 23:17:10.806 27012 27012 I CloudHelper: excluded authorities : 
05-30 23:17:10.829 27038 27038 W System  : ClassLoader referenced unknown path: /system/app/KeyChain/lib/arm64
05-30 23:17:10.833 27038 27038 W ContextImpl: Calling a method in the system process without a qualified user: android.app.ContextImpl.startService:1231 android.content.ContextWrapper.startService:591 android.content.ContextWrapper.startService:591 com.android.keychain.KeyChainBroadcastReceiver.onReceive:12 android.app.ActivityThread.handleReceiver:2764 
05-30 23:17:10.850 27012 27012 V CloudApp: has telephony feature
05-30 23:17:10.858 26546 26546 I VSC-AppInstallReceiver: action: android.intent.action.PACKAGE_REMOVED, packageName: com.mm.lobster.mortgage
05-30 23:17:10.862  1914  1914 W PushService: 2018-05-30 23:17:10,862 - [WARN::PushService] - [Thread:1] can't do this on ui thread when debug_switch:false
05-30 23:17:10.863  1914  1914 W PushService: 2018-05-30 23:17:10,862 - [WARN::PushService] - [Thread:1] can't do this on ui thread when debug_switch:false
05-30 23:17:10.865  1914  1914 W PushService: 2018-05-30 23:17:10,865 - [WARN::PushService] - [Thread:1] can't do this on ui thread when debug_switch:false
05-30 23:17:10.867  1914  2047 W PushService: 2018-05-30 23:17:10,866 - [WARN::PushService] - [Thread:48] JOB: Handle intent action = com.xiaomi.xmsf.push.UNINSTALL
05-30 23:17:10.867 26498 26517 I vip_debug: cache thread pool status: com.xiaomi.vipbase.utils.RunnableHelper$InnerThreadPoolExecutor@1ed7a39[Running, pool size = 3, active threads = 0, queued tasks = 0, completed tasks = 3](P:26474)(T:main)(C:null)at (null:-1)
05-30 23:17:10.867 26498 26517 I vip_debug: cache thread pool status: com.xiaomi.vipbase.utils.RunnableHelper$InnerThreadPoolExecutor@1ed7a39[Running, pool size = 3, active threads = 0, queued tasks = 0, completed tasks = 3](P:26474)(T:main)(C:null)at (null:-1)
05-30 23:17:10.877 27012 27012 D StatHelper: start()
05-30 23:17:10.879 27012 27012 D MI_STAT : initialize com.miui.cloudservice, 2882303761517327742, com.miui.cloudservice, false
05-30 23:17:10.887  1342  2583 I ActivityManager: Start proc 27065:com.xiaomi.simactivate.service/u0a96 for service com.xiaomi.simactivate.service/com.xiaomi.activate.ActivateService
05-30 23:17:10.903 26498 26517 W vip_debug: ReflectionUtils.invokeMethod failed, funcName = registTargetProcessForegroundNotify, args = [[Ljava.lang.Class;@7e826ec, com.xiaomi.vipaccount, [com.miui.screenrecorder, com.qualcomm.qti.auth.sampleextauthservice, com.miui.contentextension, com.android.providers.telephony, com.miui.powerkeeper, com.miui.fm, com.android.providers.calendar, com.miui.contentcatcher, com.xiaomi.vipaccount, com.android.providers.media, com.miui.crashmonitor, com.milink.service, com.qti.service.colorservice, com.securespaces.android.sscm.service, com.mobiletools.systemhelper, com.qualcomm.qti.modemtestmode, com.xiaomi.account, com.qualcomm.shutdownlistner, com.android.wallpapercropper, com.quicinc.cne.CNEService, com.qualcomm.qti.autoregistration, com.xiaomi.micloud.sdk, com.wt.secret_code_manager, org.simalliance.openmobileapi.service, com.android.updater, com.android.documentsui, com.android.galaxy4, com.android.externalstorage, com.qualcomm.uimremoteclient, com.xiaomi.gamecenter.sdk.service, com.android.htmlviewer, com.qualcomm.svi, com.miui.securityadd, com.miui.gallery, com.android.quicksearchbox, com.android.mms.service, com.android.providers.downloads, com.qualcomm.qti.auth.sampleauthenticatorservice, com.xiaomi.payment, com.miui.securitycenter, com.qualcomm.qti.notificationservice, com.qualcomm.qti.telephonyservice, com.android.browser, com.miui.systemAdSolution, com.qualcomm.qti.auth.fidocryptoservice, com.android.soundrecorder, com.android.defcontainer, com.miui.guardprovider, com.android.providers.downloads.ui, com.android.pacprocessor, com.qualcomm.cabl, com.miui.backup, com.miui.daemon, com.xiaomi.ab, com.android.certinstaller, com.android.carrierconfig, com.qti.qualcomm.datastatusnotification, android, com.wingtech.stability, com.android.contacts, com.qualcomm.wfd.service, com.miui.hybrid, com.miui.vsimcore, com.mi.webkit.core, com.miui.securitycore, com.android.mms, com.android.stk, com.android.backupconfirm, com.xiaomi.simactivate.service, com.miui.player, com.android.provision, org.codeaurora.ims, com.android.statementservice, com.miui.sysopt, com.miui.system, com.android.wallpaper.holospiral, com.android.calendar, com.android.phasebeam, com.miui.translation.kingsoft, com.miui.virtualsim, com.miui.compass, com.qualcomm.qti.auth.secureextauthservice, com.miui.rom, com.android.midrive, com.qti.primarycardcontroller, com.qualcomm.qcrilmsgtunnel, com.android.providers.settings, com.miui.vpnsdkmanager, com.android.sharedstoragebackup, com.android.printspooler, com.miui.personalassistant, com.android.incallui, com.android.frameworks.telresources, com.miui.bugreport, com.android.inputdevices, com.qualcomm.qti.auth.securesampleauthservice, com.qti.dpmserviceapp, com.android.fileexplorer, com.qti.xdivert, com.miui.translation.youdao, com.miui.cloudbackup, com.android.cellbroadcastreceiver, com.google.android.webview, com.mipay.wallet, com.android.server.telecom, com.android.poweroffhandlerapp, com.android.keychain, com.android.keyguard, com.android.camera, com.(P:26474)(T:CacheThread-35399)(C:ReflectionUtils)at (null:-1)
05-30 23:17:10.907 27065 27065 D TidaProvider: TidaProvider()
05-30 23:17:10.907 27012 27012 D StatHelper: enableAutoRecord(): true
05-30 23:17:10.920  1342  1342 I ActivityManager: Start proc 27081:com.android.documentsui/u0a44 for broadcast com.android.documentsui/.PackageReceiver
05-30 23:17:10.941 27081 27081 D TidaProvider: TidaProvider()
05-30 23:17:10.972 27012 27012 V xiaomi  : [Thread:1] TinyData TinyDataStorage.cacheTinyData cache data to file begin item:uEbEZ-1  ts:1527693430972
05-30 23:17:10.982 27081 27081 W System  : ClassLoader referenced unknown path: /system/app/DocumentsUI/lib/arm64
05-30 23:17:11.077 27065 27065 D miuisdk : current sdk level is 13
05-30 23:17:11.077 27065 27065 D         : InitMiuiSdkHookClasses
05-30 23:17:11.078 27065 27065 I         : create_mem miui-classproxy page:0x7fb0c1a000, size:4096
05-30 23:17:11.103 27065 27065 I         : Hook EnableMethodTracing
05-30 23:17:11.104 27065 27065 I         : create_mem miui-classproxy page:0x7fb0b9e000, size:4096
05-30 23:17:11.104 27065 27065 I         : Hook DisableMethodTracing
05-30 23:17:11.133  1342  1411 I ActivityManager: Start proc 27102:com.android.mms/u0a19 for broadcast com.android.mms/com.xiaomi.mms.transaction.MxPushMessageReceiver
05-30 23:17:11.145 27065 27065 D MI_STAT : initialize com.xiaomi.simactivate.service, 2882303761517517533, V9-STABLE, false
05-30 23:17:11.156 27012 27113 V xiaomi  : [Thread:35427] JOB: prepare the mi push account.
05-30 23:17:11.163 27012 27012 V xiaomi  : [Thread:1] XMPushService created pid = 27012
05-30 23:17:11.164 27012 27012 V xiaomi  : onStart() with intent NULL
05-30 23:17:11.180 27102 27102 D TidaProvider: TidaProvider()
05-30 23:17:11.184  1342  1378 I ActivityManager: Start proc 27118:com.android.externalstorage/u0a11 for content provider com.android.externalstorage/.ExternalStorageProvider
05-30 23:17:11.194 27012 27113 V xiaomi  : [Thread:35427] JOB: Handle intent action = android.net.conn.CONNECTIVITY_CHANGE
05-30 23:17:11.195 27012 27113 V xiaomi  : [Thread:35427] network changed, no active network
05-30 23:17:11.201 27012 27113 V xiaomi  : [Thread:35427] JOB: disconnect the connection.
05-30 23:17:11.201 27012 27113 V xiaomi  : [Thread:35427] disconnect 13509715, null
05-30 23:17:11.206 27065 27065 I DataMigrationInService: migrated state already. no need to trigger migration.
05-30 23:17:11.217 27065 27065 I DynamicDumpReceiver: Dynamic receiver registered
05-30 23:17:11.226 27118 27118 D TidaProvider: TidaProvider()
05-30 23:17:11.243 27065 27075 I ActivateService: uid:10045 pid:27012 m:getActivateInfo2 slotId:0 subId:2147483643 ts:132070753
05-30 23:17:11.258  1342  1866 I ActivityManager: Killing 26368:com.svox.pico/u0a22 (adj 15): empty #17
05-30 23:17:11.271 27065 27075 I ActivateInfoStorage: subId 2147483643 simState not ready : 1
05-30 23:17:11.275 27065 27075 I ActivateInfoStorage: subId 2147483643 simState not ready : 1
05-30 23:17:11.276 27065 27075 I ActivateService: uid:10045 pid:27012 m:getActivateInfo2 slotId:0 subId:2147483643 ts:132070753 onResult not inserted
05-30 23:17:11.279 27012 27061 V ActivateStatusReceiver: Updating activate info for sim 0 inserted=false status=-1
05-30 23:17:11.288  1342  2695 I ActivityManager: Killing 26772:com.miui.hybrid/u0a57 (adj 15): empty #17
05-30 23:17:11.303 27118 27118 W System  : ClassLoader referenced unknown path: /system/priv-app/ExternalStorageProvider/lib/arm64
05-30 23:17:11.306 27065 27075 I ActivateService: uid:10045 pid:27012 m:getActivateInfo2 slotId:1 subId:2147483644 ts:132070817
05-30 23:17:11.314 27065 27075 I ActivateInfoStorage: subId 2147483644 simState not ready : 1
05-30 23:17:11.316 27102 27102 W System  : ClassLoader referenced unknown path: /system/priv-app/Mms/lib/arm64
05-30 23:17:11.317 27065 27075 I ActivateInfoStorage: subId 2147483644 simState not ready : 1
05-30 23:17:11.317 27065 27075 I ActivateService: uid:10045 pid:27012 m:getActivateInfo2 slotId:1 subId:2147483644 ts:132070817 onResult not inserted
05-30 23:17:11.322  1342 14927 D ActivityManagerInjector: com.svox.pico is killed by AMS with adj 15 ,do not allow restart
05-30 23:17:11.322  1342 14927 D ActivityManager: cleanUpApplicationRecord -- 26368
05-30 23:17:11.324 27012 27061 V ActivateStatusReceiver: Updating activate info for sim 1 inserted=false status=-1
05-30 23:17:11.325 27012 27012 V CloudActivateStatusListener: EVENT_NONE
05-30 23:17:11.325 27012 27012 V CloudActivateStatusListener: EVENT_NONE
05-30 23:17:11.328  1931  2026 E WtProcessController: Error pid or pid not exist
05-30 23:17:11.342 27118 27118 D ExternalStorage: After updating volumes, found 1 active roots
05-30 23:17:11.351  1342  2507 D ConnectivityService: ConnectivityService NetworkRequestInfo binderDied(NetworkRequest [ id=612, legacyType=-1, [ Capabilities: INTERNET&NOT_RESTRICTED&TRUSTED] ], android.os.BinderProxy@1b382a2)
05-30 23:17:11.351  1342  1995 D ActivityManagerInjector: com.miui.hybrid is killed by AMS with adj 15 ,do not allow restart
05-30 23:17:11.351  1342  1995 D ActivityManager: cleanUpApplicationRecord -- 26772
05-30 23:17:11.351  1342  1703 D ConnectivityService: releasing NetworkRequest NetworkRequest [ id=612, legacyType=-1, [ Capabilities: INTERNET&NOT_RESTRICTED&TRUSTED] ]
05-30 23:17:11.352  1342  1703 E ConnectivityService: RemoteException caught trying to send a callback msg for NetworkRequest [ id=612, legacyType=-1, [ Capabilities: INTERNET&NOT_RESTRICTED&TRUSTED] ]
05-30 23:17:11.398  1342  2645 I ActivityManager: Start proc 27141:com.android.shell/2000 for content provider com.android.shell/.BugreportStorageProvider
05-30 23:17:11.401 27102 27102 D miuisdk : current sdk level is 13
05-30 23:17:11.402 27102 27102 D         : InitMiuiSdkHookClasses
05-30 23:17:11.402 27102 27102 I         : create_mem miui-classproxy page:0x7fb0c32000, size:4096
05-30 23:17:11.408 27102 27102 I         : Hook EnableMethodTracing
05-30 23:17:11.408 27102 27102 I         : create_mem miui-classproxy page:0x7fb0c2b000, size:4096
05-30 23:17:11.408 27102 27102 I         : Hook DisableMethodTracing
05-30 23:17:11.425 27141 27141 D TidaProvider: TidaProvider()
05-30 23:17:11.442 27102 27102 I miuisdk : loading module: com.miui.smsextra
05-30 23:17:11.452  1342  2290 I ActivityManager: Killing 26717:com.miui.securitycore.remote/1000 (adj 15): empty #17
05-30 23:17:11.480  1342  2507 D ActivityManagerInjector: com.miui.securitycore.remote is killed by AMS with adj 15 ,do not allow restart
05-30 23:17:11.480  1342  2507 D ActivityManager: cleanUpApplicationRecord -- 26717
05-30 23:17:11.493 27141 27141 W System  : ClassLoader referenced unknown path: /system/priv-app/Shell/lib/arm64
05-30 23:17:11.493 27102 27102 D miuisdk : process com.miui.smsextra successful
05-30 23:17:11.493 27102 27102 D miuisdk : process modules finished
05-30 23:17:11.557 27102 27102 I LoadedApk: No resource references to update in package com.miui.smsextra
05-30 23:17:11.558 27081 27101 D Documents: Update found 7 roots in 504ms
05-30 23:17:11.567 27081 27140 D Documents: Update found 7 roots in 220ms
05-30 23:17:11.611 27102 27156 V UnderstandLoader:  handleMessage: 1
05-30 23:17:11.612 27102 27156 V UnderstandFactory: init understand files
05-30 23:17:11.658 27102 27156 W System.err: java.lang.IllegalStateException: not initialized, do you forget to call initialize when application started?
05-30 23:17:11.661 27102 27156 W System.err: 	at com.xiaomi.mistatistic.sdk.MiStatInterface.checkInitialized(MiStatInterface.java:387)
05-30 23:17:11.661 27102 27156 W System.err: 	at com.xiaomi.mistatistic.sdk.MiStatInterface.recordStringPropertyEvent(MiStatInterface.java:287)
05-30 23:17:11.661 27102 27156 W System.err: 	at com.android.mms.util.MiStatSdkHelper.recordStringPropertyEvent(Unknown Source)
05-30 23:17:11.661 27102 27156 W System.err: 	at com.android.mms.extra.SmsExtraBridgeImpl.recordStringPropertyEvent(Unknown Source)
05-30 23:17:11.662 27102 27156 W System.err: 	at com.android.mms.extra.BridgeUtil.recordStringPropertyEvent(Unknown Source)
05-30 23:17:11.662 27102 27156 W System.err: 	at com.miui.smsextra.internal.util.g.a(Unknown Source)
05-30 23:17:11.662 27102 27156 W System.err: 	at com.miui.smsextra.understand.UnderstandFactory.initUnderstandFiles(Unknown Source)
05-30 23:17:11.662 27102 27156 W System.err: 	at com.miui.smsextra.understand.UnderstandLoader$LoaderThread.handleMessage(Unknown Source)
05-30 23:17:11.662 27102 27156 W System.err: 	at android.os.Handler.dispatchMessage(Handler.java:98)
05-30 23:17:11.662 27102 27156 W System.err: 	at android.os.Looper.loop(Looper.java:157)
05-30 23:17:11.662 27102 27156 W System.err: 	at android.os.HandlerThread.run(HandlerThread.java:61)
05-30 23:17:11.662 27102 27156 D UnderstandFactory: current using version is 112, latest asset version is: 112
05-30 23:17:11.662 27102 27156 V UnderstandLoader:  handleMessage: 4
05-30 23:17:11.703   658   768 D ThermalEngine: sensor_wait: case_therm Wait done.
05-30 23:17:11.704   658   768 D ThermalEngine: sensor_monitor: case_therm Reading 30000 .
05-30 23:17:11.704   658   768 I ThermalEngine: Sensor:case_therm:30000 mC
05-30 23:17:11.704   658   768 D ThermalEngine: update_active_thresh: case_therm Active(1), Hi(1) 40000, Lo(0) -2147483648, Interval(1) 1000
05-30 23:17:11.704   658   768 D ThermalEngine: sensor_monitor: case_therm Sensor wait.
05-30 23:17:11.704   658   768 D ThermalEngine: sensor_wait: case_therm Wait start. 1000ms
05-30 23:17:11.755 27102 27156 V UnderstandFactory: initialVerification done
05-30 23:17:11.818  2631  3199 V MmsSmsUtils: checkPrivateMsgWhiteList time is 0
05-30 23:17:11.831 27102 27102 D MI_STAT : initialize com.android.mms, 2882303761517322150, com.android.mms, false
05-30 23:17:11.832  2631 30441 V MmsSmsUtils: checkPrivateMsgWhiteList time is 0
05-30 23:17:11.854 27102 27166 V MmsConfig: MmsConfig.init()
05-30 23:17:11.881  1342  2583 I ActivityManager: Killing 26296:com.android.defcontainer/u0a7 (adj 15): empty #17
05-30 23:17:11.909 27102 27170 V Mms     : [35446] null(-1): mobile mms available
05-30 23:17:11.912 27102 27102 V Mms     : [1] null(-1): isMobileDataAllowed allowed is true
05-30 23:17:11.912 27102 27102 V Mms     : [1] null(-1): isMmsAllowed inited for true
05-30 23:17:11.912 27102 27102 V Mms     : [1] null(-1): isListening slotId 0 allowed is false
05-30 23:17:11.912 27102 27102 V Mms     : [1] null(-1): isListening slotId 1 allowed is false
05-30 23:17:11.916 27065 27075 I ActivateService: uid:10019 pid:27102 m:getActivateInfo2 slotId:0 subId:2147483643 ts:132071426
05-30 23:17:11.923 27065 27075 I ActivateInfoStorage: subId 2147483643 simState not ready : 1
05-30 23:17:11.923 27065 27075 I ActivateService: uid:10019 pid:27102 m:getActivateInfo2 slotId:0 subId:2147483643 ts:132071426 onResult not inserted
05-30 23:17:11.931 27102 27163 V ActivateStatusReceiver: Updating activate info for sim 0 inserted=false status=-1
05-30 23:17:11.936 27102 27156 V UnderstandFactory:  understand initial done!
05-30 23:17:11.963 27065 27075 I ActivateService: uid:10019 pid:27102 m:getActivateInfo2 slotId:1 subId:2147483644 ts:132071474
05-30 23:17:11.971 27065 27075 I ActivateInfoStorage: subId 2147483644 simState not ready : 1
05-30 23:17:11.971 27065 27075 I ActivateService: uid:10019 pid:27102 m:getActivateInfo2 slotId:1 subId:2147483644 ts:132071474 onResult not inserted
05-30 23:17:11.980 27102 27163 V ActivateStatusReceiver: Updating activate info for sim 1 inserted=false status=-1
05-30 23:17:11.985  2631  2670 V MmsSmsUtils: checkPrivateMsgWhiteList time is 1
05-30 23:17:11.990 27102 27174 V ActionCache:  sADCache size is 0
05-30 23:17:12.000  1342  2621 D ActivityManagerInjector: com.android.defcontainer is killed by AMS with adj 15 ,do not allow restart
05-30 23:17:12.000  1342  2621 D ActivityManager: cleanUpApplicationRecord -- 26296
05-30 23:17:12.003  1931  2026 E WtProcessController: Error pid or pid not exist
05-30 23:17:12.017 27102 27109 E System  : Uncaught exception thrown by finalizer
05-30 23:17:12.017 27102 27109 E System  : java.lang.NullPointerException: Attempt to invoke virtual method 'void dalvik.system.CloseGuard.close()' on a null object reference
05-30 23:17:12.017 27102 27109 E System  : 	at java.io.FileInputStream.close(FileInputStream.java:113)
05-30 23:17:12.017 27102 27109 E System  : 	at java.io.FileInputStream.finalize(FileInputStream.java:140)
05-30 23:17:12.017 27102 27109 E System  : 	at java.lang.Daemons$FinalizerDaemon.doFinalize(Daemons.java:235)
05-30 23:17:12.017 27102 27109 E System  : 	at java.lang.Daemons$FinalizerDaemon.run(Daemons.java:222)
05-30 23:17:12.017 27102 27109 E System  : 	at java.lang.Thread.run(Thread.java:818)
05-30 23:17:12.069 27065 27075 I ActivateService: uid:10019 pid:27102 m:getActivateInfo2 slotId:0 subId:2147483643 ts:132071579
05-30 23:17:12.077 27065 27075 I ActivateInfoStorage: subId 2147483643 simState not ready : 1
05-30 23:17:12.078 27065 27075 I ActivateService: uid:10019 pid:27102 m:getActivateInfo2 slotId:0 subId:2147483643 ts:132071579 onResult not inserted
05-30 23:17:12.111 27065 27076 I ActivateService: uid:10019 pid:27102 m:getActivateInfo2 slotId:1 subId:2147483644 ts:132071622
05-30 23:17:12.121 27065 27076 I ActivateInfoStorage: subId 2147483644 simState not ready : 1
05-30 23:17:12.121 27065 27076 I ActivateService: uid:10019 pid:27102 m:getActivateInfo2 slotId:1 subId:2147483644 ts:132071622 onResult not inserted
05-30 23:17:12.135 27102 27156 V UnderstandLoader:  handleMessage: 7
05-30 23:17:12.705   658   768 D ThermalEngine: sensor_wait: case_therm Wait done.
05-30 23:17:12.706   658   768 D ThermalEngine: sensor_monitor: case_therm Reading 30000 .
05-30 23:17:12.706   658   768 I ThermalEngine: Sensor:case_therm:30000 mC
05-30 23:17:12.706   658   768 D ThermalEngine: update_active_thresh: case_therm Active(1), Hi(1) 40000, Lo(0) -2147483648, Interval(1) 1000
05-30 23:17:12.706   658   768 D ThermalEngine: sensor_monitor: case_therm Sensor wait.
05-30 23:17:12.706   658   768 D ThermalEngine: sensor_wait: case_therm Wait start. 1000ms
05-30 23:17:13.707   658   768 D ThermalEngine: sensor_wait: case_therm Wait done.
05-30 23:17:13.709   658   768 D ThermalEngine: sensor_monitor: case_therm Reading 30000 .
05-30 23:17:13.709   658   768 I ThermalEngine: Sensor:case_therm:30000 mC
05-30 23:17:13.709   658   768 D ThermalEngine: update_active_thresh: case_therm Active(1), Hi(1) 40000, Lo(0) -2147483648, Interval(1) 1000
05-30 23:17:13.709   658   768 D ThermalEngine: sensor_monitor: case_therm Sensor wait.
05-30 23:17:13.709   658   768 D ThermalEngine: sensor_wait: case_therm Wait start. 1000ms
05-30 23:17:14.386 27102 27102 D Mms_Push: push initiate
05-30 23:17:14.546  1914  2047 W PushService: 2018-05-30 23:17:14,546 - [WARN::PushService] - [Thread:48] JOB: Handle intent action = com.xiaomi.mipush.SEND_MESSAGE
05-30 23:17:14.580 27102 27182 V         : MxMessageTrackService, start service, action: ACTION_START_TRACK
05-30 23:17:14.602  1342  2695 I ActivityManager: Start proc 27183:com.miui.sysbase/1000 for content provider com.miui.sysbase/.fakecell.MetokProvider
05-30 23:17:14.609  2631 24688 V MmsSmsUtils: checkPrivateMsgWhiteList time is 0
05-30 23:17:14.616 27102 27182 V         : MxMessageTrackService, query sms msg size not delivered: 0
05-30 23:17:14.620 27102 27182 V         : MxMessageTrackService, query sms time out count is 0 AND next count is 0
05-30 23:17:14.635 27102 27182 V         : MxMessageTrackService, query mms msg size not delivered: 0
05-30 23:17:14.639 27102 27182 V         : MxMessageTrackService, query mms time out count is 0 AND next count is 0
05-30 23:17:14.640  1914  2047 W PushService: 2018-05-30 23:17:14,639 - [WARN::PushService] - [Thread:48] JOB: Handle intent action = com.xiaomi.mipush.SEND_MESSAGE
05-30 23:17:14.648 27183 27183 D TidaProvider: TidaProvider()
05-30 23:17:14.650  1914  2047 W PushService: 2018-05-30 23:17:14,649 - [WARN::PushService] - [Thread:48] JOB: Handle intent action = com.xiaomi.mipush.SEND_MESSAGE
05-30 23:17:14.665  1914  2047 W PushService: 2018-05-30 23:17:14,664 - [WARN::PushService] - [Thread:48] JOB: Handle intent action = com.xiaomi.mipush.SEND_MESSAGE
05-30 23:17:14.682  1342 14927 I ActivityManager: Killing 26319:android.process.acore/u0a3 (adj 15): empty #17
05-30 23:17:14.709   658   768 D ThermalEngine: sensor_wait: case_therm Wait done.
05-30 23:17:14.711   658   768 D ThermalEngine: sensor_monitor: case_therm Reading 30000 .
05-30 23:17:14.711   658   768 I ThermalEngine: Sensor:case_therm:30000 mC
05-30 23:17:14.711   658   768 D ThermalEngine: update_active_thresh: case_therm Active(1), Hi(1) 40000, Lo(0) -2147483648, Interval(1) 1000
05-30 23:17:14.711   658   768 D ThermalEngine: sensor_monitor: case_therm Sensor wait.
05-30 23:17:14.711   658   768 D ThermalEngine: sensor_wait: case_therm Wait start. 1000ms
05-30 23:17:14.718  1342  1378 D ActivityManagerInjector: android.process.acore is killed by AMS with adj 15 ,do not allow restart
05-30 23:17:14.718  1342  1378 D ActivityManager: cleanUpApplicationRecord -- 26319
05-30 23:17:14.720 27183 27183 W System  : ClassLoader referenced unknown path: /system/app/SystemBaseFunctions/lib/arm64
05-30 23:17:14.737 27183 27183 D miuisdk : current sdk level is 13
05-30 23:17:14.737 27183 27183 D         : InitMiuiSdkHookClasses
05-30 23:17:14.737 27183 27183 I         : create_mem miui-classproxy page:0x7fb0c2a000, size:4096
05-30 23:17:14.743 27183 27183 I         : Hook EnableMethodTracing
05-30 23:17:14.743 27183 27183 I         : create_mem miui-classproxy page:0x7fb0c29000, size:4096
05-30 23:17:14.744 27183 27183 I         : Hook DisableMethodTracing
05-30 23:17:14.773   775   775 I MSM-irqbalance: Decided to move IRQ321 from CPU4 to CPU5
05-30 23:17:14.776 27183 27183 W ContextImpl: Calling a method in the system process without a qualified user: android.app.ContextImpl.startService:1231 android.content.ContextWrapper.startService:591 miui.core.SdkManager$1.run:224 android.os.Handler.handleCallback:742 android.os.Handler.dispatchMessage:95 
05-30 23:17:14.812  2631  2631 E PhoneInterfaceManager: [PhoneIntfMgr] nvReadItem: Empty response
05-30 23:17:14.826  2631  3199 V MmsSmsUtils: checkPrivateMsgWhiteList time is 0
05-30 23:17:14.854  2631  3061 V MmsSmsUtils: checkPrivateMsgWhiteList time is 0
05-30 23:17:14.870  2631  2670 V MmsSmsUtils: checkPrivateMsgWhiteList time is 1
05-30 23:17:15.363 27203 27203 I dumpstate: begin
05-30 23:17:15.422 27102 27170 V TemplateUpdateService:  scheduleUpdateJob false
05-30 23:17:15.426 27102 27170 I TemplateUpdateService: scheduleJob(): info:(job:1/com.android.mms/com.miui.smsextra.service.TemplateUpdateService)
05-30 23:17:15.426 27102 27170 I TemplateUpdateService: scheduleJob(): job exist, return
05-30 23:17:15.712   658   768 D ThermalEngine: sensor_wait: case_therm Wait done.
05-30 23:17:15.713   658   768 D ThermalEngine: sensor_monitor: case_therm Reading 30000 .
05-30 23:17:15.713   658   768 I ThermalEngine: Sensor:case_therm:30000 mC
05-30 23:17:15.713   658   768 D ThermalEngine: update_active_thresh: case_therm Active(1), Hi(1) 40000, Lo(0) -2147483648, Interval(1) 1000
05-30 23:17:15.713   658   768 D ThermalEngine: sensor_monitor: case_therm Sensor wait.
05-30 23:17:15.713   658   768 D ThermalEngine: sensor_wait: case_therm Wait start. 1000ms
05-30 23:17:16.020 27012 27204 I DpmTcmClient: RegisterTcmMonitor from: com.android.okhttp.TcmIdleTimerMonitor
05-30 23:17:16.714   658   768 D ThermalEngine: sensor_wait: case_therm Wait done.
05-30 23:17:16.715   658   768 D ThermalEngine: sensor_monitor: case_therm Reading 30000 .
05-30 23:17:16.715   658   768 I ThermalEngine: Sensor:case_therm:30000 mC
05-30 23:17:16.715   658   768 D ThermalEngine: update_active_thresh: case_therm Active(1), Hi(1) 40000, Lo(0) -2147483648, Interval(1) 1000
05-30 23:17:16.715   658   768 D ThermalEngine: sensor_monitor: case_therm Sensor wait.
05-30 23:17:16.715   658   768 D ThermalEngine: sensor_wait: case_therm Wait start. 1000ms
05-30 23:17:17.715   658   768 D ThermalEngine: sensor_wait: case_therm Wait done.
05-30 23:17:17.717   658   768 D ThermalEngine: sensor_monitor: case_therm Reading 30000 .
05-30 23:17:17.717   658   768 I ThermalEngine: Sensor:case_therm:30000 mC
05-30 23:17:17.717   658   768 D ThermalEngine: update_active_thresh: case_therm Active(1), Hi(1) 40000, Lo(0) -2147483648, Interval(1) 1000
05-30 23:17:17.717   658   768 D ThermalEngine: sensor_monitor: case_therm Sensor wait.
05-30 23:17:17.717   658   768 D ThermalEngine: sensor_wait: case_therm Wait start. 1000ms
05-30 23:17:18.718   658   768 D ThermalEngine: sensor_wait: case_therm Wait done.
05-30 23:17:18.720   658   768 D ThermalEngine: sensor_monitor: case_therm Reading 29000 .
05-30 23:17:18.720   658   768 I ThermalEngine: Sensor:case_therm:29000 mC
05-30 23:17:18.720   658   768 D ThermalEngine: update_active_thresh: case_therm Active(1), Hi(1) 40000, Lo(0) -2147483648, Interval(1) 1000
05-30 23:17:18.720   658   768 D ThermalEngine: sensor_monitor: case_therm Sensor wait.
05-30 23:17:18.720   658   768 D ThermalEngine: sensor_wait: case_therm Wait start. 1000ms
05-30 23:17:19.336  1342  1347 I art     : Thread[2,tid=1347,WaitingInMainSignalCatcherLoop,Thread*=0x55641ea3b0,peer=0x12c010a0,"Signal Catcher"]: reacting to signal 3
05-30 23:17:19.720   658   768 D ThermalEngine: sensor_wait: case_therm Wait done.
05-30 23:17:19.721   658   768 D ThermalEngine: sensor_monitor: case_therm Reading 29000 .
05-30 23:17:19.721   658   768 I ThermalEngine: Sensor:case_therm:29000 mC
05-30 23:17:19.721   658   768 D ThermalEngine: update_active_thresh: case_therm Active(1), Hi(1) 40000, Lo(0) -2147483648, Interval(1) 1000
05-30 23:17:19.721   658   768 D ThermalEngine: sensor_monitor: case_therm Sensor wait.
05-30 23:17:19.721   658   768 D ThermalEngine: sensor_wait: case_therm Wait start. 1000ms
05-30 23:17:19.773   775   775 I MSM-irqbalance: Decided to move IRQ222 from CPU7 to CPU5
05-30 23:17:19.797  1342  1760 E WifiHAL : Error polling socket
05-30 23:17:20.092  1342  1347 I art     : Wrote stack traces to '/data/anr/traces.txt'
05-30 23:17:20.113  1803  1807 I art     : Thread[2,tid=1807,WaitingInMainSignalCatcherLoop,Thread*=0x55641ea3b0,peer=0x12c360a0,"Signal Catcher"]: reacting to signal 3
05-30 23:17:20.280  1803  1807 I art     : Wrote stack traces to '/data/anr/traces.txt'
05-30 23:17:20.280  1914  1917 I art     : Thread[2,tid=1917,WaitingInMainSignalCatcherLoop,Thread*=0x55641ea3b0,peer=0x12c370a0,"Signal Catcher"]: reacting to signal 3
05-30 23:17:20.351  1914  1917 I art     : Wrote stack traces to '/data/anr/traces.txt'
05-30 23:17:20.352  1931  1936 I art     : Thread[2,tid=1936,WaitingInMainSignalCatcherLoop,Thread*=0x55641ea3b0,peer=0x12c380a0,"Signal Catcher"]: reacting to signal 3
05-30 23:17:20.484  1931  1936 I art     : Wrote stack traces to '/data/anr/traces.txt'
05-30 23:17:20.485  2362  2370 I art     : Thread[2,tid=2370,WaitingInMainSignalCatcherLoop,Thread*=0x55641ea3b0,peer=0x12c520a0,"Signal Catcher"]: reacting to signal 3
05-30 23:17:20.493  1342  1411 I ActivityManager: Start proc 27208:org.simalliance.openmobileapi.service:remote/1000 for service org.simalliance.openmobileapi.service/.SmartcardService
05-30 23:17:20.529 27208 27208 D TidaProvider: TidaProvider()
05-30 23:17:20.574  2362  2370 I art     : Wrote stack traces to '/data/anr/traces.txt'
05-30 23:17:20.574  2448  2453 I art     : Thread[2,tid=2453,WaitingInMainSignalCatcherLoop,Thread*=0x55641ea3b0,peer=0x12c550a0,"Signal Catcher"]: reacting to signal 3
05-30 23:17:20.621 27208 27208 W System  : ClassLoader referenced unknown path: /system/vendor/app/SmartcardService/lib/arm64
05-30 23:17:20.636  2448  2453 I art     : Wrote stack traces to '/data/anr/traces.txt'
05-30 23:17:20.637  2461  2466 I art     : Thread[2,tid=2466,WaitingInMainSignalCatcherLoop,Thread*=0x55641ea3b0,peer=0x12c560a0,"Signal Catcher"]: reacting to signal 3
05-30 23:17:20.640 27208 27208 V SmartcardService: main smartcard service onCreate
05-30 23:17:20.650 27208 27208 V SmartcardService: multiSimConfig = dsds
05-30 23:17:20.651 27208 27208 V SmartcardService: mIsisConfig = none
05-30 23:17:20.689 27208 27208 V SmartcardService: smartcardConfig = SIM1,SIM2,eSE1
05-30 23:17:20.690 27208 27208 I SIM1    : UiccTerminal(): mIsMultiSimEnabled = true
05-30 23:17:20.690 27208 27208 V SmartcardService: main adding SIM1
05-30 23:17:20.691 27208 27208 I SIM2    : UiccTerminal(): mIsMultiSimEnabled = true
05-30 23:17:20.691 27208 27208 V SmartcardService: main adding SIM2
05-30 23:17:20.702  2461  2466 I art     : Wrote stack traces to '/data/anr/traces.txt'
05-30 23:17:20.702  2475  2481 I art     : Thread[2,tid=2481,WaitingInMainSignalCatcherLoop,Thread*=0x55641ea3b0,peer=0x12c560a0,"Signal Catcher"]: reacting to signal 3
05-30 23:17:20.722   658   768 D ThermalEngine: sensor_wait: case_therm Wait done.
05-30 23:17:20.723   658   768 D ThermalEngine: sensor_monitor: case_therm Reading 29000 .
05-30 23:17:20.723   658   768 I ThermalEngine: Sensor:case_therm:29000 mC
05-30 23:17:20.723   658   768 D ThermalEngine: update_active_thresh: case_therm Active(1), Hi(1) 40000, Lo(0) -2147483648, Interval(1) 1000
05-30 23:17:20.723   658   768 D ThermalEngine: sensor_monitor: case_therm Sensor wait.
05-30 23:17:20.723   658   768 D ThermalEngine: sensor_wait: case_therm Wait start. 1000ms
05-30 23:17:20.735  2475  2481 I art     : Wrote stack traces to '/data/anr/traces.txt'
05-30 23:17:20.735  2487  2495 I art     : Thread[2,tid=2495,WaitingInMainSignalCatcherLoop,Thread*=0x55641ea3b0,peer=0x12c580a0,"Signal Catcher"]: reacting to signal 3
05-30 23:17:20.780  2487  2495 I art     : Wrote stack traces to '/data/anr/traces.txt'
05-30 23:17:20.780  2503  2510 I art     : Thread[2,tid=2510,WaitingInMainSignalCatcherLoop,Thread*=0x55641ea3b0,peer=0x12c5b0a0,"Signal Catcher"]: reacting to signal 3
05-30 23:17:20.807 27208 27223 I SmartcardService: Initializing Access Control
05-30 23:17:20.807 27208 27223 I SIM1    : isCardPresent(): PROPERTY_SIM_STATE=ABSENT,ABSENT
05-30 23:17:20.810 27208 27223 I SmartcardService: NOT initializing Access Control for SIM1 SE not present.
05-30 23:17:20.810 27208 27223 I SIM2    : isCardPresent(): PROPERTY_SIM_STATE=ABSENT,ABSENT
05-30 23:17:20.811 27208 27223 I SmartcardService: NOT initializing Access Control for SIM2 SE not present.
05-30 23:17:20.811 27208 27208 I SmartcardService: OnPostExecute()
05-30 23:17:20.811 27208 27208 V SmartcardService: register SIM_STATE_CHANGED event
05-30 23:17:20.813  2503  2510 I art     : Wrote stack traces to '/data/anr/traces.txt'
05-30 23:17:20.814 27208 27208 V SmartcardService: register MEDIA_MOUNTED event
05-30 23:17:20.814  2517  2526 I art     : Thread[2,tid=2526,WaitingInMainSignalCatcherLoop,Thread*=0x55641ea3b0,peer=0x12c5c0a0,"Signal Catcher"]: reacting to signal 3
